nohup: ignoring input
Argument list to program
--relative_age True
--chronological_age False
--gender_multiplier False
--use_gut_microbiome False
--use_pe_performance False
--use_correlation False
--use_image False
--cropped False
--dataset KG
--data_train /private/workspace/cyt/bone_age_assessment/data/data_yuwei/train_clean
--heatmaps_train /private/workspace/cyt/bone_age_assessment/BA/simba/experiments/best_experiment/KG/without_image/HEATMAPS_TRAIN
--ann_path_train /private/workspace/cyt/bone_age_assessment/data/data_yuwei/annotations/train_ann.csv
--rois_path_train /private/workspace/cyt/bone_age_assessment/data/RSNA/annotations/RSNA_Anatomical_ROIs_Training.json
--data_val /private/workspace/cyt/bone_age_assessment/data/data_yuwei/val_clean
--heatmaps_val /private/workspace/cyt/bone_age_assessment/BA/simba/experiments/best_experiment/KG/without_image/HEATMAPS_VAL
--ann_path_val /private/workspace/cyt/bone_age_assessment/data/data_yuwei/annotations/val_ann.csv
--rois_path_val /private/workspace/cyt/bone_age_assessment/data/RSNA/annotations/RSNA_Anatomical_ROIs_Validation.json
--trainval True
--save_folder /private/workspace/cyt/bone_age_assessment/BA/simba/experiments/best_experiment/KG/without_image
--snapshot /private/workspace/cyt/bone_age_assessment/BA/simba/experiments/best_experiment/KG/without_image/boneage_bonet_snapshot.pth
--optim_snapshot /private/workspace/cyt/bone_age_assessment/BA/simba/experiments/best_experiment/KG/without_image/boneage_bonet_optim.pth
--eval_first True
--workers 4
--batch_size 20
--epochs 150
--lr 0.0001
--patience 2
--start_epoch 0
--seed 1111
--log_interval 30
--gpu 0
--rank 0



---> Number of params: 1035065
Number of workers:4
Train begins...
Relative val loss: 9.34084
Absolute val loss: 9.34084
 [    0] (    0/   24) | ms/batch 1356.5927 | loss 7.731702 | avg loss 7.731702 | lr 0.0001000
Relative val loss: 7.48428
Absolute val loss: 7.48428
-----------------------------------------------------------------------------------------
| end of epoch   0 | time:  7.21s | epoch loss 8.212785 |
-----------------------------------------------------------------------------------------
 [    1] (    0/   24) | ms/batch 7.5562 | loss 7.453187 | avg loss 7.453187 | lr 0.0001000
Relative val loss: 7.48785
Absolute val loss: 7.48785
-----------------------------------------------------------------------------------------
| end of epoch   1 | time:  5.72s | epoch loss 7.900034 |
-----------------------------------------------------------------------------------------
 [    2] (    0/   24) | ms/batch 8.2753 | loss 7.586646 | avg loss 7.586646 | lr 0.0001000
Relative val loss: 7.48215
Absolute val loss: 7.48215
-----------------------------------------------------------------------------------------
| end of epoch   2 | time:  5.83s | epoch loss 7.821004 |
-----------------------------------------------------------------------------------------
 [    3] (    0/   24) | ms/batch 7.6373 | loss 9.374016 | avg loss 9.374016 | lr 0.0001000
Relative val loss: 7.47683
Absolute val loss: 7.47683
-----------------------------------------------------------------------------------------
| end of epoch   3 | time:  5.81s | epoch loss 7.842699 |
-----------------------------------------------------------------------------------------
 [    4] (    0/   24) | ms/batch 5.2695 | loss 7.074855 | avg loss 7.074855 | lr 0.0001000
Relative val loss: 7.48338
Absolute val loss: 7.48338
-----------------------------------------------------------------------------------------
| end of epoch   4 | time:  5.66s | epoch loss 7.758691 |
-----------------------------------------------------------------------------------------
 [    5] (    0/   24) | ms/batch 5.2001 | loss 6.450803 | avg loss 6.450803 | lr 0.0001000
Relative val loss: 7.47467
Absolute val loss: 7.47467
-----------------------------------------------------------------------------------------
| end of epoch   5 | time:  4.99s | epoch loss 7.875899 |
-----------------------------------------------------------------------------------------
 [    6] (    0/   24) | ms/batch 6.4073 | loss 6.109009 | avg loss 6.109009 | lr 0.0001000
Relative val loss: 7.48197
Absolute val loss: 7.48197
-----------------------------------------------------------------------------------------
| end of epoch   6 | time:  6.09s | epoch loss 7.730795 |
-----------------------------------------------------------------------------------------
 [    7] (    0/   24) | ms/batch 6.7346 | loss 8.243176 | avg loss 8.243176 | lr 0.0001000
Relative val loss: 7.48727
Absolute val loss: 7.48727
-----------------------------------------------------------------------------------------
| end of epoch   7 | time:  6.05s | epoch loss 7.779457 |
-----------------------------------------------------------------------------------------
 [    8] (    0/   24) | ms/batch 7.5941 | loss 7.220888 | avg loss 7.220888 | lr 0.0001000
Relative val loss: 7.46683
Absolute val loss: 7.46683
-----------------------------------------------------------------------------------------
| end of epoch   8 | time:  5.33s | epoch loss 8.029572 |
-----------------------------------------------------------------------------------------
 [    9] (    0/   24) | ms/batch 6.4063 | loss 8.160640 | avg loss 8.160640 | lr 0.0001000
Relative val loss: 7.46938
Absolute val loss: 7.46938
-----------------------------------------------------------------------------------------
| end of epoch   9 | time:  4.80s | epoch loss 7.897643 |
-----------------------------------------------------------------------------------------
 [   10] (    0/   24) | ms/batch 6.3310 | loss 7.356478 | avg loss 7.356478 | lr 0.0001000
Relative val loss: 7.46851
Absolute val loss: 7.46851
-----------------------------------------------------------------------------------------
| end of epoch  10 | time:  5.94s | epoch loss 7.879200 |
-----------------------------------------------------------------------------------------
 [   11] (    0/   24) | ms/batch 5.1844 | loss 7.345186 | avg loss 7.345186 | lr 0.0001000
Relative val loss: 7.46635
Absolute val loss: 7.46635
-----------------------------------------------------------------------------------------
| end of epoch  11 | time:  5.96s | epoch loss 7.712320 |
-----------------------------------------------------------------------------------------
 [   12] (    0/   24) | ms/batch 7.6470 | loss 8.606322 | avg loss 8.606322 | lr 0.0001000
Relative val loss: 7.47258
Absolute val loss: 7.47258
-----------------------------------------------------------------------------------------
| end of epoch  12 | time:  5.84s | epoch loss 7.816136 |
-----------------------------------------------------------------------------------------
 [   13] (    0/   24) | ms/batch 3.4671 | loss 6.966415 | avg loss 6.966415 | lr 0.0001000
Relative val loss: 7.46527
Absolute val loss: 7.46527
-----------------------------------------------------------------------------------------
| end of epoch  13 | time:  6.10s | epoch loss 7.731926 |
-----------------------------------------------------------------------------------------
 [   14] (    0/   24) | ms/batch 7.6363 | loss 8.950000 | avg loss 8.950000 | lr 0.0001000
Relative val loss: 7.46867
Absolute val loss: 7.46867
-----------------------------------------------------------------------------------------
| end of epoch  14 | time:  5.98s | epoch loss 7.722496 |
-----------------------------------------------------------------------------------------
 [   15] (    0/   24) | ms/batch 7.7009 | loss 6.005781 | avg loss 6.005781 | lr 0.0001000
Relative val loss: 7.46631
Absolute val loss: 7.46631
-----------------------------------------------------------------------------------------
| end of epoch  15 | time:  5.44s | epoch loss 7.672698 |
-----------------------------------------------------------------------------------------
 [   16] (    0/   24) | ms/batch 7.4997 | loss 8.967157 | avg loss 8.967157 | lr 0.0001000
Relative val loss: 7.46448
Absolute val loss: 7.46448
-----------------------------------------------------------------------------------------
| end of epoch  16 | time:  5.87s | epoch loss 7.915812 |
-----------------------------------------------------------------------------------------
 [   17] (    0/   24) | ms/batch 7.6935 | loss 7.010713 | avg loss 7.010713 | lr 0.0001000
Relative val loss: 7.47015
Absolute val loss: 7.47015
-----------------------------------------------------------------------------------------
| end of epoch  17 | time:  6.01s | epoch loss 7.984660 |
-----------------------------------------------------------------------------------------
 [   18] (    0/   24) | ms/batch 5.2102 | loss 7.981428 | avg loss 7.981428 | lr 0.0001000
Relative val loss: 7.46433
Absolute val loss: 7.46433
-----------------------------------------------------------------------------------------
| end of epoch  18 | time:  5.20s | epoch loss 7.884398 |
-----------------------------------------------------------------------------------------
 [   19] (    0/   24) | ms/batch 11.8372 | loss 9.131015 | avg loss 9.131015 | lr 0.0001000
Relative val loss: 7.47165
Absolute val loss: 7.47165
-----------------------------------------------------------------------------------------
| end of epoch  19 | time:  5.92s | epoch loss 7.854035 |
-----------------------------------------------------------------------------------------
 [   20] (    0/   24) | ms/batch 5.1649 | loss 6.923809 | avg loss 6.923809 | lr 0.0001000
Relative val loss: 7.46235
Absolute val loss: 7.46235
-----------------------------------------------------------------------------------------
| end of epoch  20 | time:  5.88s | epoch loss 7.725120 |
-----------------------------------------------------------------------------------------
 [   21] (    0/   24) | ms/batch 5.1448 | loss 9.270945 | avg loss 9.270945 | lr 0.0001000
Relative val loss: 7.46543
Absolute val loss: 7.46543
-----------------------------------------------------------------------------------------
| end of epoch  21 | time:  5.31s | epoch loss 7.997662 |
-----------------------------------------------------------------------------------------
 [   22] (    0/   24) | ms/batch 5.0623 | loss 6.642232 | avg loss 6.642232 | lr 0.0001000
Relative val loss: 7.46316
Absolute val loss: 7.46316
-----------------------------------------------------------------------------------------
| end of epoch  22 | time:  5.01s | epoch loss 7.842818 |
-----------------------------------------------------------------------------------------
 [   23] (    0/   24) | ms/batch 5.2447 | loss 10.194224 | avg loss 10.194224 | lr 0.0001000
Relative val loss: 7.46396
Absolute val loss: 7.46396
-----------------------------------------------------------------------------------------
| end of epoch  23 | time:  5.98s | epoch loss 8.265828 |
-----------------------------------------------------------------------------------------
 [   24] (    0/   24) | ms/batch 5.1289 | loss 6.838785 | avg loss 6.838785 | lr 0.0001000
Relative val loss: 7.45371
Absolute val loss: 7.45371
-----------------------------------------------------------------------------------------
| end of epoch  24 | time:  5.99s | epoch loss 7.871998 |
-----------------------------------------------------------------------------------------
 [   25] (    0/   24) | ms/batch 5.1744 | loss 8.954319 | avg loss 8.954319 | lr 0.0001000
Relative val loss: 7.46177
Absolute val loss: 7.46177
-----------------------------------------------------------------------------------------
| end of epoch  25 | time:  5.91s | epoch loss 7.757964 |
-----------------------------------------------------------------------------------------
 [   26] (    0/   24) | ms/batch 5.2378 | loss 9.064541 | avg loss 9.064541 | lr 0.0001000
Relative val loss: 7.46624
Absolute val loss: 7.46624
-----------------------------------------------------------------------------------------
| end of epoch  26 | time:  6.05s | epoch loss 7.736077 |
-----------------------------------------------------------------------------------------
 [   27] (    0/   24) | ms/batch 7.6842 | loss 8.246779 | avg loss 8.246779 | lr 0.0001000
Relative val loss: 7.46264
Absolute val loss: 7.46264
-----------------------------------------------------------------------------------------
| end of epoch  27 | time:  5.84s | epoch loss 7.766520 |
-----------------------------------------------------------------------------------------
 [   28] (    0/   24) | ms/batch 7.6241 | loss 7.237072 | avg loss 7.237072 | lr 0.0001000
Relative val loss: 7.45905
Absolute val loss: 7.45905
-----------------------------------------------------------------------------------------
| end of epoch  28 | time:  6.11s | epoch loss 7.832086 |
-----------------------------------------------------------------------------------------
 [   29] (    0/   24) | ms/batch 7.6628 | loss 4.029197 | avg loss 4.029197 | lr 0.0001000
Relative val loss: 7.45650
Absolute val loss: 7.45650
-----------------------------------------------------------------------------------------
| end of epoch  29 | time:  5.93s | epoch loss 7.765244 |
-----------------------------------------------------------------------------------------
 [   30] (    0/   24) | ms/batch 5.1844 | loss 8.232310 | avg loss 8.232310 | lr 0.0001000
Relative val loss: 7.45698
Absolute val loss: 7.45698
-----------------------------------------------------------------------------------------
| end of epoch  30 | time:  5.85s | epoch loss 8.016913 |
-----------------------------------------------------------------------------------------
 [   31] (    0/   24) | ms/batch 6.2189 | loss 7.902164 | avg loss 7.902164 | lr 0.0001000
Relative val loss: 7.45500
Absolute val loss: 7.45500
-----------------------------------------------------------------------------------------
| end of epoch  31 | time:  5.53s | epoch loss 7.689519 |
-----------------------------------------------------------------------------------------
 [   32] (    0/   24) | ms/batch 7.6482 | loss 8.262673 | avg loss 8.262673 | lr 0.0001000
Relative val loss: 7.45522
Absolute val loss: 7.45522
-----------------------------------------------------------------------------------------
| end of epoch  32 | time:  5.91s | epoch loss 7.737686 |
-----------------------------------------------------------------------------------------
 [   33] (    0/   24) | ms/batch 7.6241 | loss 8.166788 | avg loss 8.166788 | lr 0.0001000
Relative val loss: 7.45419
Absolute val loss: 7.45419
-----------------------------------------------------------------------------------------
| end of epoch  33 | time:  6.36s | epoch loss 7.634231 |
-----------------------------------------------------------------------------------------
 [   34] (    0/   24) | ms/batch 7.6575 | loss 10.787501 | avg loss 10.787501 | lr 0.0001000
Relative val loss: 7.45391
Absolute val loss: 7.45391
-----------------------------------------------------------------------------------------
| end of epoch  34 | time:  6.04s | epoch loss 7.803420 |
-----------------------------------------------------------------------------------------
 [   35] (    0/   24) | ms/batch 5.1923 | loss 8.395856 | avg loss 8.395856 | lr 0.0001000
Relative val loss: 7.45460
Absolute val loss: 7.45460
-----------------------------------------------------------------------------------------
| end of epoch  35 | time:  6.01s | epoch loss 8.015680 |
-----------------------------------------------------------------------------------------
 [   36] (    0/   24) | ms/batch 7.6118 | loss 5.428066 | avg loss 5.428066 | lr 0.0001000
Relative val loss: 7.44693
Absolute val loss: 7.44693
-----------------------------------------------------------------------------------------
| end of epoch  36 | time:  5.77s | epoch loss 7.651037 |
-----------------------------------------------------------------------------------------
 [   37] (    0/   24) | ms/batch 7.5958 | loss 10.805082 | avg loss 10.805082 | lr 0.0001000
Relative val loss: 7.45768
Absolute val loss: 7.45768
-----------------------------------------------------------------------------------------
| end of epoch  37 | time:  6.06s | epoch loss 7.718263 |
-----------------------------------------------------------------------------------------
 [   38] (    0/   24) | ms/batch 5.1856 | loss 9.234931 | avg loss 9.234931 | lr 0.0001000
Relative val loss: 7.46028
Absolute val loss: 7.46028
-----------------------------------------------------------------------------------------
| end of epoch  38 | time:  6.09s | epoch loss 7.944129 |
-----------------------------------------------------------------------------------------
 [   39] (    0/   24) | ms/batch 7.5052 | loss 7.434083 | avg loss 7.434083 | lr 0.0001000
Relative val loss: 7.45501
Absolute val loss: 7.45501
-----------------------------------------------------------------------------------------
| end of epoch  39 | time:  6.17s | epoch loss 7.865348 |
-----------------------------------------------------------------------------------------
 [   40] (    0/   24) | ms/batch 7.6623 | loss 8.830012 | avg loss 8.830012 | lr 0.0001000
Relative val loss: 7.44284
Absolute val loss: 7.44284
-----------------------------------------------------------------------------------------
| end of epoch  40 | time:  6.38s | epoch loss 7.778803 |
-----------------------------------------------------------------------------------------
 [   41] (    0/   24) | ms/batch 7.6828 | loss 10.562488 | avg loss 10.562488 | lr 0.0001000
Relative val loss: 7.44917
Absolute val loss: 7.44917
-----------------------------------------------------------------------------------------
| end of epoch  41 | time:  5.91s | epoch loss 7.769841 |
-----------------------------------------------------------------------------------------
 [   42] (    0/   24) | ms/batch 10.1123 | loss 7.140189 | avg loss 7.140189 | lr 0.0001000
Relative val loss: 7.44804
Absolute val loss: 7.44804
-----------------------------------------------------------------------------------------
| end of epoch  42 | time:  5.81s | epoch loss 7.811941 |
-----------------------------------------------------------------------------------------
 [   43] (    0/   24) | ms/batch 5.2359 | loss 5.914291 | avg loss 5.914291 | lr 0.0001000
Relative val loss: 7.44109
Absolute val loss: 7.44109
-----------------------------------------------------------------------------------------
| end of epoch  43 | time:  6.12s | epoch loss 7.715526 |
-----------------------------------------------------------------------------------------
 [   44] (    0/   24) | ms/batch 5.2130 | loss 4.075021 | avg loss 4.075021 | lr 0.0001000
Relative val loss: 7.44765
Absolute val loss: 7.44765
-----------------------------------------------------------------------------------------
| end of epoch  44 | time:  6.24s | epoch loss 7.912777 |
-----------------------------------------------------------------------------------------
 [   45] (    0/   24) | ms/batch 5.1956 | loss 6.454557 | avg loss 6.454557 | lr 0.0001000
Relative val loss: 7.44464
Absolute val loss: 7.44464
-----------------------------------------------------------------------------------------
| end of epoch  45 | time:  5.82s | epoch loss 7.916529 |
-----------------------------------------------------------------------------------------
 [   46] (    0/   24) | ms/batch 10.1242 | loss 7.987697 | avg loss 7.987697 | lr 0.0001000
Relative val loss: 7.44693
Absolute val loss: 7.44693
-----------------------------------------------------------------------------------------
| end of epoch  46 | time:  5.60s | epoch loss 7.806231 |
-----------------------------------------------------------------------------------------
 [   47] (    0/   24) | ms/batch 7.6635 | loss 7.212474 | avg loss 7.212474 | lr 0.0001000
Relative val loss: 7.44919
Absolute val loss: 7.44919
-----------------------------------------------------------------------------------------
| end of epoch  47 | time:  5.98s | epoch loss 7.830195 |
-----------------------------------------------------------------------------------------
 [   48] (    0/   24) | ms/batch 5.3020 | loss 7.109718 | avg loss 7.109718 | lr 0.0001000
Relative val loss: 7.44193
Absolute val loss: 7.44193
-----------------------------------------------------------------------------------------
| end of epoch  48 | time:  5.98s | epoch loss 7.596477 |
-----------------------------------------------------------------------------------------
 [   49] (    0/   24) | ms/batch 7.6511 | loss 6.494199 | avg loss 6.494199 | lr 0.0001000
Relative val loss: 7.43478
Absolute val loss: 7.43478
-----------------------------------------------------------------------------------------
| end of epoch  49 | time:  6.16s | epoch loss 7.867872 |
-----------------------------------------------------------------------------------------
 [   50] (    0/   24) | ms/batch 5.2567 | loss 10.000000 | avg loss 10.000000 | lr 0.0001000
Relative val loss: 7.44703
Absolute val loss: 7.44703
-----------------------------------------------------------------------------------------
| end of epoch  50 | time:  6.25s | epoch loss 7.759769 |
-----------------------------------------------------------------------------------------
 [   51] (    0/   24) | ms/batch 5.2326 | loss 7.912961 | avg loss 7.912961 | lr 0.0001000
Relative val loss: 7.45210
Absolute val loss: 7.45210
-----------------------------------------------------------------------------------------
| end of epoch  51 | time:  6.21s | epoch loss 7.909579 |
-----------------------------------------------------------------------------------------
 [   52] (    0/   24) | ms/batch 7.6766 | loss 8.276711 | avg loss 8.276711 | lr 0.0001000
Relative val loss: 7.43764
Absolute val loss: 7.43764
-----------------------------------------------------------------------------------------
| end of epoch  52 | time:  6.13s | epoch loss 7.926312 |
-----------------------------------------------------------------------------------------
 [   53] (    0/   24) | ms/batch 7.6613 | loss 9.577741 | avg loss 9.577741 | lr 0.0001000
Relative val loss: 7.44418
Absolute val loss: 7.44418
-----------------------------------------------------------------------------------------
| end of epoch  53 | time:  5.74s | epoch loss 7.775977 |
-----------------------------------------------------------------------------------------
 [   54] (    0/   24) | ms/batch 5.2526 | loss 6.712121 | avg loss 6.712121 | lr 0.0001000
Relative val loss: 7.44321
Absolute val loss: 7.44321
-----------------------------------------------------------------------------------------
| end of epoch  54 | time:  6.24s | epoch loss 7.940642 |
-----------------------------------------------------------------------------------------
 [   55] (    0/   24) | ms/batch 10.1230 | loss 10.920142 | avg loss 10.920142 | lr 0.0001000
Relative val loss: 7.43611
Absolute val loss: 7.43611
-----------------------------------------------------------------------------------------
| end of epoch  55 | time:  6.26s | epoch loss 7.768839 |
-----------------------------------------------------------------------------------------
 [   56] (    0/   24) | ms/batch 5.1837 | loss 7.605065 | avg loss 7.605065 | lr 0.0001000
Relative val loss: 7.43873
Absolute val loss: 7.43873
-----------------------------------------------------------------------------------------
| end of epoch  56 | time:  6.08s | epoch loss 7.704909 |
-----------------------------------------------------------------------------------------
 [   57] (    0/   24) | ms/batch 5.1475 | loss 8.572138 | avg loss 8.572138 | lr 0.0001000
Relative val loss: 7.43476
Absolute val loss: 7.43476
-----------------------------------------------------------------------------------------
| end of epoch  57 | time:  5.39s | epoch loss 7.655153 |
-----------------------------------------------------------------------------------------
 [   58] (    0/   24) | ms/batch 6.5663 | loss 9.232291 | avg loss 9.232291 | lr 0.0001000
Relative val loss: 7.43934
Absolute val loss: 7.43934
-----------------------------------------------------------------------------------------
| end of epoch  58 | time:  6.31s | epoch loss 7.853747 |
-----------------------------------------------------------------------------------------
 [   59] (    0/   24) | ms/batch 5.0628 | loss 7.657938 | avg loss 7.657938 | lr 0.0001000
Relative val loss: 7.42047
Absolute val loss: 7.42047
-----------------------------------------------------------------------------------------
| end of epoch  59 | time:  5.90s | epoch loss 7.577936 |
-----------------------------------------------------------------------------------------
 [   60] (    0/   24) | ms/batch 7.6826 | loss 6.903386 | avg loss 6.903386 | lr 0.0001000
Relative val loss: 7.42937
Absolute val loss: 7.42937
-----------------------------------------------------------------------------------------
| end of epoch  60 | time:  5.96s | epoch loss 7.874511 |
-----------------------------------------------------------------------------------------
 [   61] (    0/   24) | ms/batch 5.1877 | loss 8.612582 | avg loss 8.612582 | lr 0.0001000
Relative val loss: 7.43019
Absolute val loss: 7.43019
-----------------------------------------------------------------------------------------
| end of epoch  61 | time:  6.21s | epoch loss 7.801565 |
-----------------------------------------------------------------------------------------
 [   62] (    0/   24) | ms/batch 7.5259 | loss 7.941246 | avg loss 7.941246 | lr 0.0001000
Relative val loss: 7.44759
Absolute val loss: 7.44759
-----------------------------------------------------------------------------------------
| end of epoch  62 | time:  5.73s | epoch loss 7.673725 |
-----------------------------------------------------------------------------------------
 [   63] (    0/   24) | ms/batch 5.2176 | loss 7.714963 | avg loss 7.714963 | lr 0.0001000
Relative val loss: 7.43959
Absolute val loss: 7.43959
-----------------------------------------------------------------------------------------
| end of epoch  63 | time:  5.81s | epoch loss 7.858743 |
-----------------------------------------------------------------------------------------
 [   64] (    0/   24) | ms/batch 7.7176 | loss 7.934827 | avg loss 7.934827 | lr 0.0001000
Relative val loss: 7.42699
Absolute val loss: 7.42699
-----------------------------------------------------------------------------------------
| end of epoch  64 | time:  6.19s | epoch loss 7.960146 |
-----------------------------------------------------------------------------------------
 [   65] (    0/   24) | ms/batch 7.7014 | loss 8.789462 | avg loss 8.789462 | lr 0.0001000
Relative val loss: 7.44021
Absolute val loss: 7.44021
-----------------------------------------------------------------------------------------
| end of epoch  65 | time:  6.02s | epoch loss 7.761654 |
-----------------------------------------------------------------------------------------
 [   66] (    0/   24) | ms/batch 7.5743 | loss 9.538198 | avg loss 9.538198 | lr 0.0001000
Relative val loss: 7.44098
Absolute val loss: 7.44098
-----------------------------------------------------------------------------------------
| end of epoch  66 | time:  6.27s | epoch loss 7.775075 |
-----------------------------------------------------------------------------------------
 [   67] (    0/   24) | ms/batch 7.6625 | loss 8.900499 | avg loss 8.900499 | lr 0.0001000
Relative val loss: 7.43293
Absolute val loss: 7.43293
-----------------------------------------------------------------------------------------
| end of epoch  67 | time:  6.19s | epoch loss 7.968354 |
-----------------------------------------------------------------------------------------
 [   68] (    0/   24) | ms/batch 10.1647 | loss 9.076351 | avg loss 9.076351 | lr 0.0001000
Relative val loss: 7.43359
Absolute val loss: 7.43359
-----------------------------------------------------------------------------------------
| end of epoch  68 | time:  5.98s | epoch loss 7.596296 |
-----------------------------------------------------------------------------------------
 [   69] (    0/   24) | ms/batch 10.1185 | loss 7.717223 | avg loss 7.717223 | lr 0.0001000
Relative val loss: 7.43119
Absolute val loss: 7.43119
-----------------------------------------------------------------------------------------
| end of epoch  69 | time:  6.04s | epoch loss 7.691301 |
-----------------------------------------------------------------------------------------
 [   70] (    0/   24) | ms/batch 7.6714 | loss 11.744509 | avg loss 11.744509 | lr 0.0001000
Relative val loss: 7.43077
Absolute val loss: 7.43077
-----------------------------------------------------------------------------------------
| end of epoch  70 | time:  6.31s | epoch loss 7.853162 |
-----------------------------------------------------------------------------------------
 [   71] (    0/   24) | ms/batch 5.1501 | loss 7.751139 | avg loss 7.751139 | lr 0.0001000
Relative val loss: 7.42944
Absolute val loss: 7.42944
-----------------------------------------------------------------------------------------
| end of epoch  71 | time:  6.08s | epoch loss 7.801316 |
-----------------------------------------------------------------------------------------
 [   72] (    0/   24) | ms/batch 5.9781 | loss 6.427925 | avg loss 6.427925 | lr 0.0001000
Relative val loss: 7.43109
Absolute val loss: 7.43109
-----------------------------------------------------------------------------------------
| end of epoch  72 | time:  5.99s | epoch loss 7.722417 |
-----------------------------------------------------------------------------------------
 [   73] (    0/   24) | ms/batch 5.2650 | loss 9.445006 | avg loss 9.445006 | lr 0.0001000
Relative val loss: 7.41744
Absolute val loss: 7.41744
-----------------------------------------------------------------------------------------
| end of epoch  73 | time:  6.03s | epoch loss 8.018498 |
-----------------------------------------------------------------------------------------
 [   74] (    0/   24) | ms/batch 7.6897 | loss 6.702761 | avg loss 6.702761 | lr 0.0001000
Relative val loss: 7.42678
Absolute val loss: 7.42678
-----------------------------------------------------------------------------------------
| end of epoch  74 | time:  6.19s | epoch loss 7.779682 |
-----------------------------------------------------------------------------------------
 [   75] (    0/   24) | ms/batch 7.6172 | loss 7.414693 | avg loss 7.414693 | lr 0.0001000
Relative val loss: 7.42232
Absolute val loss: 7.42232
-----------------------------------------------------------------------------------------
| end of epoch  75 | time:  6.03s | epoch loss 7.795386 |
-----------------------------------------------------------------------------------------
 [   76] (    0/   24) | ms/batch 5.3036 | loss 6.846935 | avg loss 6.846935 | lr 0.0001000
Relative val loss: 7.42214
Absolute val loss: 7.42214
-----------------------------------------------------------------------------------------
| end of epoch  76 | time:  5.93s | epoch loss 7.684542 |
-----------------------------------------------------------------------------------------
 [   77] (    0/   24) | ms/batch 6.6309 | loss 9.094123 | avg loss 9.094123 | lr 0.0001000
Relative val loss: 7.42340
Absolute val loss: 7.42340
-----------------------------------------------------------------------------------------
| end of epoch  77 | time:  5.00s | epoch loss 7.611732 |
-----------------------------------------------------------------------------------------
 [   78] (    0/   24) | ms/batch 7.6158 | loss 7.503379 | avg loss 7.503379 | lr 0.0001000
Relative val loss: 7.42693
Absolute val loss: 7.42693
-----------------------------------------------------------------------------------------
| end of epoch  78 | time:  6.04s | epoch loss 7.826716 |
-----------------------------------------------------------------------------------------
 [   79] (    0/   24) | ms/batch 7.6168 | loss 5.894398 | avg loss 5.894398 | lr 0.0001000
Relative val loss: 7.42406
Absolute val loss: 7.42406
-----------------------------------------------------------------------------------------
| end of epoch  79 | time:  6.01s | epoch loss 7.735946 |
-----------------------------------------------------------------------------------------
 [   80] (    0/   24) | ms/batch 5.1482 | loss 7.561960 | avg loss 7.561960 | lr 0.0001000
Relative val loss: 7.42061
Absolute val loss: 7.42061
-----------------------------------------------------------------------------------------
| end of epoch  80 | time:  6.22s | epoch loss 7.844145 |
-----------------------------------------------------------------------------------------
 [   81] (    0/   24) | ms/batch 7.7140 | loss 8.361361 | avg loss 8.361361 | lr 0.0001000
Relative val loss: 7.42342
Absolute val loss: 7.42342
-----------------------------------------------------------------------------------------
| end of epoch  81 | time:  6.04s | epoch loss 8.002496 |
-----------------------------------------------------------------------------------------
 [   82] (    0/   24) | ms/batch 5.1279 | loss 8.753413 | avg loss 8.753413 | lr 0.0001000
Relative val loss: 7.41913
Absolute val loss: 7.41913
-----------------------------------------------------------------------------------------
| end of epoch  82 | time:  5.90s | epoch loss 8.035407 |
-----------------------------------------------------------------------------------------
 [   83] (    0/   24) | ms/batch 5.2288 | loss 6.004143 | avg loss 6.004143 | lr 0.0001000
Relative val loss: 7.42494
Absolute val loss: 7.42494
-----------------------------------------------------------------------------------------
| end of epoch  83 | time:  6.43s | epoch loss 7.991686 |
-----------------------------------------------------------------------------------------
 [   84] (    0/   24) | ms/batch 7.6118 | loss 8.917796 | avg loss 8.917796 | lr 0.0001000
Relative val loss: 7.42725
Absolute val loss: 7.42725
-----------------------------------------------------------------------------------------
| end of epoch  84 | time:  6.07s | epoch loss 7.875780 |
-----------------------------------------------------------------------------------------
 [   85] (    0/   24) | ms/batch 7.6177 | loss 8.359911 | avg loss 8.359911 | lr 0.0001000
Relative val loss: 7.42058
Absolute val loss: 7.42058
-----------------------------------------------------------------------------------------
| end of epoch  85 | time:  5.88s | epoch loss 8.005972 |
-----------------------------------------------------------------------------------------
 [   86] (    0/   24) | ms/batch 7.6883 | loss 8.147829 | avg loss 8.147829 | lr 0.0001000
Relative val loss: 7.42243
Absolute val loss: 7.42243
-----------------------------------------------------------------------------------------
| end of epoch  86 | time:  6.09s | epoch loss 7.854119 |
-----------------------------------------------------------------------------------------
 [   87] (    0/   24) | ms/batch 5.2302 | loss 10.150108 | avg loss 10.150108 | lr 0.0001000
Relative val loss: 7.41267
Absolute val loss: 7.41267
-----------------------------------------------------------------------------------------
| end of epoch  87 | time:  6.02s | epoch loss 7.891862 |
-----------------------------------------------------------------------------------------
 [   88] (    0/   24) | ms/batch 5.2702 | loss 6.544971 | avg loss 6.544971 | lr 0.0001000
Relative val loss: 7.41658
Absolute val loss: 7.41658
-----------------------------------------------------------------------------------------
| end of epoch  88 | time:  6.09s | epoch loss 8.171169 |
-----------------------------------------------------------------------------------------
 [   89] (    0/   24) | ms/batch 7.5836 | loss 10.725322 | avg loss 10.725322 | lr 0.0001000
Relative val loss: 7.43127
Absolute val loss: 7.43127
-----------------------------------------------------------------------------------------
| end of epoch  89 | time:  5.85s | epoch loss 7.870716 |
-----------------------------------------------------------------------------------------
 [   90] (    0/   24) | ms/batch 5.2090 | loss 8.364535 | avg loss 8.364535 | lr 0.0001000
Relative val loss: 7.41131
Absolute val loss: 7.41131
-----------------------------------------------------------------------------------------
| end of epoch  90 | time:  5.83s | epoch loss 7.754828 |
-----------------------------------------------------------------------------------------
 [   91] (    0/   24) | ms/batch 7.7391 | loss 7.424928 | avg loss 7.424928 | lr 0.0001000
Relative val loss: 7.41632
Absolute val loss: 7.41632
-----------------------------------------------------------------------------------------
| end of epoch  91 | time:  6.43s | epoch loss 7.873804 |
-----------------------------------------------------------------------------------------
 [   92] (    0/   24) | ms/batch 7.6652 | loss 7.359682 | avg loss 7.359682 | lr 0.0001000
Relative val loss: 7.42407
Absolute val loss: 7.42407
-----------------------------------------------------------------------------------------
| end of epoch  92 | time:  5.95s | epoch loss 7.690177 |
-----------------------------------------------------------------------------------------
 [   93] (    0/   24) | ms/batch 5.2645 | loss 8.851526 | avg loss 8.851526 | lr 0.0001000
Relative val loss: 7.41715
Absolute val loss: 7.41715
-----------------------------------------------------------------------------------------
| end of epoch  93 | time:  6.10s | epoch loss 7.875756 |
-----------------------------------------------------------------------------------------
 [   94] (    0/   24) | ms/batch 6.5405 | loss 7.869319 | avg loss 7.869319 | lr 0.0001000
Relative val loss: 7.41442
Absolute val loss: 7.41442
-----------------------------------------------------------------------------------------
| end of epoch  94 | time:  6.14s | epoch loss 7.884158 |
-----------------------------------------------------------------------------------------
 [   95] (    0/   24) | ms/batch 5.1272 | loss 7.153610 | avg loss 7.153610 | lr 0.0001000
Relative val loss: 7.41491
Absolute val loss: 7.41491
-----------------------------------------------------------------------------------------
| end of epoch  95 | time:  6.01s | epoch loss 7.769014 |
-----------------------------------------------------------------------------------------
 [   96] (    0/   24) | ms/batch 5.2068 | loss 8.051222 | avg loss 8.051222 | lr 0.0001000
Relative val loss: 7.42383
Absolute val loss: 7.42383
-----------------------------------------------------------------------------------------
| end of epoch  96 | time:  6.01s | epoch loss 7.887828 |
-----------------------------------------------------------------------------------------
 [   97] (    0/   24) | ms/batch 5.1649 | loss 8.098662 | avg loss 8.098662 | lr 0.0001000
Relative val loss: 7.41678
Absolute val loss: 7.41678
-----------------------------------------------------------------------------------------
| end of epoch  97 | time:  6.16s | epoch loss 7.969838 |
-----------------------------------------------------------------------------------------
 [   98] (    0/   24) | ms/batch 5.2066 | loss 9.625345 | avg loss 9.625345 | lr 0.0001000
Relative val loss: 7.41688
Absolute val loss: 7.41688
-----------------------------------------------------------------------------------------
| end of epoch  98 | time:  6.08s | epoch loss 7.768222 |
-----------------------------------------------------------------------------------------
 [   99] (    0/   24) | ms/batch 7.7307 | loss 8.884082 | avg loss 8.884082 | lr 0.0001000
Relative val loss: 7.41908
Absolute val loss: 7.41908
-----------------------------------------------------------------------------------------
| end of epoch  99 | time:  6.32s | epoch loss 7.923177 |
-----------------------------------------------------------------------------------------
 [  100] (    0/   24) | ms/batch 5.1432 | loss 7.000000 | avg loss 7.000000 | lr 0.0001000
Relative val loss: 7.40978
Absolute val loss: 7.40978
-----------------------------------------------------------------------------------------
| end of epoch 100 | time:  6.12s | epoch loss 8.075495 |
-----------------------------------------------------------------------------------------
 [  101] (    0/   24) | ms/batch 10.1416 | loss 8.835342 | avg loss 8.835342 | lr 0.0001000
Relative val loss: 7.42002
Absolute val loss: 7.42002
-----------------------------------------------------------------------------------------
| end of epoch 101 | time:  5.91s | epoch loss 7.862192 |
-----------------------------------------------------------------------------------------
 [  102] (    0/   24) | ms/batch 6.3601 | loss 10.121200 | avg loss 10.121200 | lr 0.0001000
Relative val loss: 7.42640
Absolute val loss: 7.42640
-----------------------------------------------------------------------------------------
| end of epoch 102 | time:  6.07s | epoch loss 7.697906 |
-----------------------------------------------------------------------------------------
 [  103] (    0/   24) | ms/batch 7.6489 | loss 7.274105 | avg loss 7.274105 | lr 0.0001000
Relative val loss: 7.42130
Absolute val loss: 7.42130
-----------------------------------------------------------------------------------------
| end of epoch 103 | time:  6.27s | epoch loss 7.826093 |
-----------------------------------------------------------------------------------------
 [  104] (    0/   24) | ms/batch 7.6773 | loss 7.548769 | avg loss 7.548769 | lr 0.0001000
Relative val loss: 7.41015
Absolute val loss: 7.41015
-----------------------------------------------------------------------------------------
| end of epoch 104 | time:  5.39s | epoch loss 7.737786 |
-----------------------------------------------------------------------------------------
 [  105] (    0/   24) | ms/batch 7.6535 | loss 7.798286 | avg loss 7.798286 | lr 0.0001000
Relative val loss: 7.41078
Absolute val loss: 7.41078
-----------------------------------------------------------------------------------------
| end of epoch 105 | time:  6.13s | epoch loss 7.776931 |
-----------------------------------------------------------------------------------------
 [  106] (    0/   24) | ms/batch 5.2371 | loss 7.643431 | avg loss 7.643431 | lr 0.0001000
Relative val loss: 7.41613
Absolute val loss: 7.41613
-----------------------------------------------------------------------------------------
| end of epoch 106 | time:  6.08s | epoch loss 8.209725 |
-----------------------------------------------------------------------------------------
 [  107] (    0/   24) | ms/batch 10.1106 | loss 8.951735 | avg loss 8.951735 | lr 0.0001000
Relative val loss: 7.41741
Absolute val loss: 7.41741
-----------------------------------------------------------------------------------------
| end of epoch 107 | time:  5.94s | epoch loss 8.130149 |
-----------------------------------------------------------------------------------------
 [  108] (    0/   24) | ms/batch 7.5603 | loss 6.596664 | avg loss 6.596664 | lr 0.0001000
Relative val loss: 7.40849
Absolute val loss: 7.40849
-----------------------------------------------------------------------------------------
| end of epoch 108 | time:  5.92s | epoch loss 7.663890 |
-----------------------------------------------------------------------------------------
 [  109] (    0/   24) | ms/batch 7.6942 | loss 7.421749 | avg loss 7.421749 | lr 0.0001000
Relative val loss: 7.41597
Absolute val loss: 7.41597
-----------------------------------------------------------------------------------------
| end of epoch 109 | time:  6.16s | epoch loss 7.796188 |
-----------------------------------------------------------------------------------------
 [  110] (    0/   24) | ms/batch 7.6599 | loss 8.816125 | avg loss 8.816125 | lr 0.0001000
Relative val loss: 7.42577
Absolute val loss: 7.42577
-----------------------------------------------------------------------------------------
| end of epoch 110 | time:  6.27s | epoch loss 7.936352 |
-----------------------------------------------------------------------------------------
 [  111] (    0/   24) | ms/batch 7.6773 | loss 6.643934 | avg loss 6.643934 | lr 0.0001000
Relative val loss: 7.40671
Absolute val loss: 7.40671
-----------------------------------------------------------------------------------------
| end of epoch 111 | time:  5.90s | epoch loss 7.824176 |
-----------------------------------------------------------------------------------------
 [  112] (    0/   24) | ms/batch 5.1692 | loss 7.627540 | avg loss 7.627540 | lr 0.0001000
Relative val loss: 7.42197
Absolute val loss: 7.42197
-----------------------------------------------------------------------------------------
| end of epoch 112 | time:  6.04s | epoch loss 8.220758 |
-----------------------------------------------------------------------------------------
 [  113] (    0/   24) | ms/batch 6.4344 | loss 5.862917 | avg loss 5.862917 | lr 0.0001000
Relative val loss: 7.42669
Absolute val loss: 7.42669
-----------------------------------------------------------------------------------------
| end of epoch 113 | time:  6.28s | epoch loss 7.833577 |
-----------------------------------------------------------------------------------------
 [  114] (    0/   24) | ms/batch 7.6010 | loss 8.050427 | avg loss 8.050427 | lr 0.0001000
Relative val loss: 7.43162
Absolute val loss: 7.43162
-----------------------------------------------------------------------------------------
| end of epoch 114 | time:  5.63s | epoch loss 7.707069 |
-----------------------------------------------------------------------------------------
 [  115] (    0/   24) | ms/batch 5.3036 | loss 9.697408 | avg loss 9.697408 | lr 0.0001000
Relative val loss: 7.42579
Absolute val loss: 7.42579
-----------------------------------------------------------------------------------------
| end of epoch 115 | time:  6.00s | epoch loss 7.846469 |
-----------------------------------------------------------------------------------------
 [  116] (    0/   24) | ms/batch 7.5941 | loss 6.972329 | avg loss 6.972329 | lr 0.0001000
Relative val loss: 7.42329
Absolute val loss: 7.42329
-----------------------------------------------------------------------------------------
| end of epoch 116 | time:  6.24s | epoch loss 7.756820 |
-----------------------------------------------------------------------------------------
 [  117] (    0/   24) | ms/batch 5.2099 | loss 9.433640 | avg loss 9.433640 | lr 0.0001000
Relative val loss: 7.42349
Absolute val loss: 7.42349
-----------------------------------------------------------------------------------------
| end of epoch 117 | time:  5.86s | epoch loss 7.764564 |
-----------------------------------------------------------------------------------------
 [  118] (    0/   24) | ms/batch 7.6735 | loss 7.837275 | avg loss 7.837275 | lr 0.0001000
Relative val loss: 7.43048
Absolute val loss: 7.43048
-----------------------------------------------------------------------------------------
| end of epoch 118 | time:  6.18s | epoch loss 7.732974 |
-----------------------------------------------------------------------------------------
 [  119] (    0/   24) | ms/batch 5.2748 | loss 6.884033 | avg loss 6.884033 | lr 0.0001000
Relative val loss: 7.43078
Absolute val loss: 7.43078
-----------------------------------------------------------------------------------------
| end of epoch 119 | time:  6.18s | epoch loss 7.663895 |
-----------------------------------------------------------------------------------------
 [  120] (    0/   24) | ms/batch 5.1880 | loss 6.417893 | avg loss 6.417893 | lr 0.0001000
Relative val loss: 7.42138
Absolute val loss: 7.42138
-----------------------------------------------------------------------------------------
| end of epoch 120 | time:  6.04s | epoch loss 7.636507 |
-----------------------------------------------------------------------------------------
 [  121] (    0/   24) | ms/batch 5.1987 | loss 8.625426 | avg loss 8.625426 | lr 0.0001000
Relative val loss: 7.42411
Absolute val loss: 7.42411
-----------------------------------------------------------------------------------------
| end of epoch 121 | time:  6.40s | epoch loss 8.021649 |
-----------------------------------------------------------------------------------------
 [  122] (    0/   24) | ms/batch 5.2145 | loss 8.374248 | avg loss 8.374248 | lr 0.0001000
Relative val loss: 7.42596
Absolute val loss: 7.42596
-----------------------------------------------------------------------------------------
| end of epoch 122 | time:  6.01s | epoch loss 7.770399 |
-----------------------------------------------------------------------------------------
 [  123] (    0/   24) | ms/batch 7.6153 | loss 7.573334 | avg loss 7.573334 | lr 0.0001000
Relative val loss: 7.42566
Absolute val loss: 7.42566
-----------------------------------------------------------------------------------------
| end of epoch 123 | time:  5.68s | epoch loss 7.904738 |
-----------------------------------------------------------------------------------------
 [  124] (    0/   24) | ms/batch 7.6835 | loss 7.970738 | avg loss 7.970738 | lr 0.0001000
Relative val loss: 7.42889
Absolute val loss: 7.42889
-----------------------------------------------------------------------------------------
| end of epoch 124 | time:  6.00s | epoch loss 7.804752 |
-----------------------------------------------------------------------------------------
 [  125] (    0/   24) | ms/batch 7.5376 | loss 9.001286 | avg loss 9.001286 | lr 0.0001000
Relative val loss: 7.42464
Absolute val loss: 7.42464
-----------------------------------------------------------------------------------------
| end of epoch 125 | time:  5.97s | epoch loss 8.014499 |
-----------------------------------------------------------------------------------------
 [  126] (    0/   24) | ms/batch 5.2145 | loss 9.953132 | avg loss 9.953132 | lr 0.0001000
Relative val loss: 7.42439
Absolute val loss: 7.42439
-----------------------------------------------------------------------------------------
| end of epoch 126 | time:  5.78s | epoch loss 7.767650 |
-----------------------------------------------------------------------------------------
 [  127] (    0/   24) | ms/batch 7.6261 | loss 7.931413 | avg loss 7.931413 | lr 0.0001000
Relative val loss: 7.42001
Absolute val loss: 7.42001
-----------------------------------------------------------------------------------------
| end of epoch 127 | time:  5.88s | epoch loss 7.824665 |
-----------------------------------------------------------------------------------------
 [  128] (    0/   24) | ms/batch 5.1816 | loss 7.194270 | avg loss 7.194270 | lr 0.0001000
Relative val loss: 7.42528
Absolute val loss: 7.42528
-----------------------------------------------------------------------------------------
| end of epoch 128 | time:  5.76s | epoch loss 7.752722 |
-----------------------------------------------------------------------------------------
 [  129] (    0/   24) | ms/batch 10.0980 | loss 9.443906 | avg loss 9.443906 | lr 0.0001000
Relative val loss: 7.41444
Absolute val loss: 7.41444
-----------------------------------------------------------------------------------------
| end of epoch 129 | time:  6.24s | epoch loss 7.793529 |
-----------------------------------------------------------------------------------------
 [  130] (    0/   24) | ms/batch 7.6203 | loss 7.887071 | avg loss 7.887071 | lr 0.0001000
Relative val loss: 7.42180
Absolute val loss: 7.42180
-----------------------------------------------------------------------------------------
| end of epoch 130 | time:  5.89s | epoch loss 8.021824 |
-----------------------------------------------------------------------------------------
 [  131] (    0/   24) | ms/batch 5.1644 | loss 7.347568 | avg loss 7.347568 | lr 0.0001000
Relative val loss: 7.42796
Absolute val loss: 7.42796
-----------------------------------------------------------------------------------------
| end of epoch 131 | time:  5.90s | epoch loss 7.646915 |
-----------------------------------------------------------------------------------------
 [  132] (    0/   24) | ms/batch 5.2104 | loss 10.946727 | avg loss 10.946727 | lr 0.0001000
Relative val loss: 7.42759
Absolute val loss: 7.42759
-----------------------------------------------------------------------------------------
| end of epoch 132 | time:  6.69s | epoch loss 8.118699 |
-----------------------------------------------------------------------------------------
 [  133] (    0/   24) | ms/batch 7.6523 | loss 7.673293 | avg loss 7.673293 | lr 0.0001000
Relative val loss: 7.41894
Absolute val loss: 7.41894
-----------------------------------------------------------------------------------------
| end of epoch 133 | time:  6.04s | epoch loss 7.909006 |
-----------------------------------------------------------------------------------------
 [  134] (    0/   24) | ms/batch 10.1633 | loss 8.896815 | avg loss 8.896815 | lr 0.0001000
Relative val loss: 7.41559
Absolute val loss: 7.41559
-----------------------------------------------------------------------------------------
| end of epoch 134 | time:  6.12s | epoch loss 7.791106 |
-----------------------------------------------------------------------------------------
 [  135] (    0/   24) | ms/batch 7.5979 | loss 7.876030 | avg loss 7.876030 | lr 0.0001000
Relative val loss: 7.42081
Absolute val loss: 7.42081
-----------------------------------------------------------------------------------------
| end of epoch 135 | time:  5.70s | epoch loss 7.649996 |
-----------------------------------------------------------------------------------------
 [  136] (    0/   24) | ms/batch 5.1801 | loss 8.347608 | avg loss 8.347608 | lr 0.0001000
Relative val loss: 7.41294
Absolute val loss: 7.41294
-----------------------------------------------------------------------------------------
| end of epoch 136 | time:  6.12s | epoch loss 7.764043 |
-----------------------------------------------------------------------------------------
 [  137] (    0/   24) | ms/batch 7.5629 | loss 7.057348 | avg loss 7.057348 | lr 0.0001000
Relative val loss: 7.41817
Absolute val loss: 7.41817
-----------------------------------------------------------------------------------------
| end of epoch 137 | time:  6.26s | epoch loss 7.677999 |
-----------------------------------------------------------------------------------------
 [  138] (    0/   24) | ms/batch 5.2278 | loss 8.706069 | avg loss 8.706069 | lr 0.0001000
Relative val loss: 7.43119
Absolute val loss: 7.43119
-----------------------------------------------------------------------------------------
| end of epoch 138 | time:  5.96s | epoch loss 7.918661 |
-----------------------------------------------------------------------------------------
 [  139] (    0/   24) | ms/batch 5.1861 | loss 9.533295 | avg loss 9.533295 | lr 0.0001000
Relative val loss: 7.42097
Absolute val loss: 7.42097
-----------------------------------------------------------------------------------------
| end of epoch 139 | time:  5.90s | epoch loss 7.899080 |
-----------------------------------------------------------------------------------------
 [  140] (    0/   24) | ms/batch 5.1997 | loss 10.011462 | avg loss 10.011462 | lr 0.0001000
Relative val loss: 7.40645
Absolute val loss: 7.40645
-----------------------------------------------------------------------------------------
| end of epoch 140 | time:  5.96s | epoch loss 7.765832 |
-----------------------------------------------------------------------------------------
 [  141] (    0/   24) | ms/batch 7.6218 | loss 5.928063 | avg loss 5.928063 | lr 0.0001000
Relative val loss: 7.41391
Absolute val loss: 7.41391
-----------------------------------------------------------------------------------------
| end of epoch 141 | time:  6.03s | epoch loss 7.785253 |
-----------------------------------------------------------------------------------------
 [  142] (    0/   24) | ms/batch 7.8685 | loss 7.798145 | avg loss 7.798145 | lr 0.0001000
Relative val loss: 7.42162
Absolute val loss: 7.42162
-----------------------------------------------------------------------------------------
| end of epoch 142 | time:  6.02s | epoch loss 8.061814 |
-----------------------------------------------------------------------------------------
 [  143] (    0/   24) | ms/batch 7.7355 | loss 9.424222 | avg loss 9.424222 | lr 0.0001000
Relative val loss: 7.43139
Absolute val loss: 7.43139
-----------------------------------------------------------------------------------------
| end of epoch 143 | time:  6.18s | epoch loss 7.784821 |
-----------------------------------------------------------------------------------------
 [  144] (    0/   24) | ms/batch 7.5843 | loss 6.192143 | avg loss 6.192143 | lr 0.0001000
Relative val loss: 7.42815
Absolute val loss: 7.42815
-----------------------------------------------------------------------------------------
| end of epoch 144 | time:  5.92s | epoch loss 7.819678 |
-----------------------------------------------------------------------------------------
 [  145] (    0/   24) | ms/batch 5.2392 | loss 10.789695 | avg loss 10.789695 | lr 0.0001000
Relative val loss: 7.42010
Absolute val loss: 7.42010
-----------------------------------------------------------------------------------------
| end of epoch 145 | time:  5.81s | epoch loss 7.934192 |
-----------------------------------------------------------------------------------------
 [  146] (    0/   24) | ms/batch 7.5972 | loss 7.496268 | avg loss 7.496268 | lr 0.0001000
Relative val loss: 7.41424
Absolute val loss: 7.41424
-----------------------------------------------------------------------------------------
| end of epoch 146 | time:  5.89s | epoch loss 7.980630 |
-----------------------------------------------------------------------------------------
 [  147] (    0/   24) | ms/batch 5.2838 | loss 5.604833 | avg loss 5.604833 | lr 0.0001000
Relative val loss: 7.41870
Absolute val loss: 7.41870
-----------------------------------------------------------------------------------------
| end of epoch 147 | time:  5.92s | epoch loss 7.799370 |
-----------------------------------------------------------------------------------------
 [  148] (    0/   24) | ms/batch 7.7066 | loss 6.767677 | avg loss 6.767677 | lr 0.0001000
Relative val loss: 7.41227
Absolute val loss: 7.41227
-----------------------------------------------------------------------------------------
| end of epoch 148 | time:  6.08s | epoch loss 7.774893 |
-----------------------------------------------------------------------------------------
 [  149] (    0/   24) | ms/batch 5.1851 | loss 9.331683 | avg loss 9.331683 | lr 0.0001000
Relative val loss: 7.40961
Absolute val loss: 7.40961
-----------------------------------------------------------------------------------------
| end of epoch 149 | time:  6.16s | epoch loss 7.758139 |
-----------------------------------------------------------------------------------------
 [  150] (    0/   24) | ms/batch 5.1224 | loss 6.904334 | avg loss 6.904334 | lr 0.0001000
Relative val loss: 7.41282
Absolute val loss: 7.41282
-----------------------------------------------------------------------------------------
| end of epoch 150 | time:  5.96s | epoch loss 7.660760 |
-----------------------------------------------------------------------------------------
