nohup: ignoring input
Argument list to program
--relative_age True
--chronological_age False
--gender_multiplier False
--use_gut_microbiome False
--use_pe_performance False
--use_correlation False
--cropped False
--dataset KG
--data_train /private/workspace/cyt/bone_age_assessment/data/data_yuwei/train_clean
--heatmaps_train /private/workspace/cyt/bone_age_assessment/BA/simba/experiments/best_experiment/KG/with_only_image_seg/HEATMAPS_TRAIN
--ann_path_train /private/workspace/cyt/bone_age_assessment/data/data_yuwei/annotations/train_ann.csv
--rois_path_train /private/workspace/cyt/bone_age_assessment/data/RSNA/annotations/RSNA_Anatomical_ROIs_Training.json
--data_val /private/workspace/cyt/bone_age_assessment/data/data_yuwei/val_clean
--heatmaps_val /private/workspace/cyt/bone_age_assessment/BA/simba/experiments/best_experiment/KG/with_only_image_seg/HEATMAPS_VAL
--ann_path_val /private/workspace/cyt/bone_age_assessment/data/data_yuwei/annotations/val_ann.csv
--rois_path_val /private/workspace/cyt/bone_age_assessment/data/RSNA/annotations/RSNA_Anatomical_ROIs_Validation.json
--trainval True
--save_folder /private/workspace/cyt/bone_age_assessment/BA/simba/experiments/best_experiment/KG/with_only_image_seg
--snapshot /private/workspace/cyt/bone_age_assessment/BA/simba/experiments/best_experiment/KG/with_only_image_seg/boneage_bonet_snapshot.pth
--optim_snapshot /private/workspace/cyt/bone_age_assessment/BA/simba/experiments/best_experiment/KG/with_only_image_seg/boneage_bonet_optim.pth
--eval_first True
--workers 4
--batch_size 20
--epochs 150
--lr 0.0001
--patience 2
--start_epoch 0
--seed 1111
--log_interval 30
--gpu 0
--rank 0



---> Number of params: 123418265
Number of workers:4
Train begins...
Relative val loss: 1359597675464.94629
Absolute val loss: 1359597675464.94629
 [    0] (    0/   24) | ms/batch 403.7402 | loss 51.137993 | avg loss 51.137993 | lr 0.0001000
Relative val loss: 24.72264
Absolute val loss: 24.72264
-----------------------------------------------------------------------------------------
| end of epoch   0 | time: 15.06s | epoch loss 53.562158 |
-----------------------------------------------------------------------------------------
 [    1] (    0/   24) | ms/batch 315.3410 | loss 19.131929 | avg loss 19.131929 | lr 0.0001000
Relative val loss: 16.18186
Absolute val loss: 16.18186
-----------------------------------------------------------------------------------------
| end of epoch   1 | time: 15.08s | epoch loss 21.123623 |
-----------------------------------------------------------------------------------------
 [    2] (    0/   24) | ms/batch 315.3775 | loss 30.656492 | avg loss 30.656492 | lr 0.0001000
Relative val loss: 16.00531
Absolute val loss: 16.00531
-----------------------------------------------------------------------------------------
| end of epoch   2 | time: 15.09s | epoch loss 16.728180 |
-----------------------------------------------------------------------------------------
 [    3] (    0/   24) | ms/batch 312.1817 | loss 23.181879 | avg loss 23.181879 | lr 0.0001000
Relative val loss: 16.92370
Absolute val loss: 16.92370
-----------------------------------------------------------------------------------------
| end of epoch   3 | time: 14.86s | epoch loss 15.091009 |
-----------------------------------------------------------------------------------------
 [    4] (    0/   24) | ms/batch 315.2895 | loss 18.699129 | avg loss 18.699129 | lr 0.0001000
Relative val loss: 17.93689
Absolute val loss: 17.93689
-----------------------------------------------------------------------------------------
| end of epoch   4 | time: 15.38s | epoch loss 16.999820 |
-----------------------------------------------------------------------------------------
 [    5] (    0/   24) | ms/batch 311.9791 | loss 20.985113 | avg loss 20.985113 | lr 0.0001000
Relative val loss: 11.25778
Absolute val loss: 11.25778
-----------------------------------------------------------------------------------------
| end of epoch   5 | time: 15.10s | epoch loss 15.024309 |
-----------------------------------------------------------------------------------------
 [    6] (    0/   24) | ms/batch 312.1328 | loss 14.032898 | avg loss 14.032898 | lr 0.0001000
Relative val loss: 11.23496
Absolute val loss: 11.23496
-----------------------------------------------------------------------------------------
| end of epoch   6 | time: 14.93s | epoch loss 14.000202 |
-----------------------------------------------------------------------------------------
 [    7] (    0/   24) | ms/batch 312.3186 | loss 13.517166 | avg loss 13.517166 | lr 0.0001000
Relative val loss: 9.81105
Absolute val loss: 9.81105
-----------------------------------------------------------------------------------------
| end of epoch   7 | time: 16.46s | epoch loss 13.876417 |
-----------------------------------------------------------------------------------------
 [    8] (    0/   24) | ms/batch 312.6888 | loss 8.234554 | avg loss 8.234554 | lr 0.0001000
Relative val loss: 9.60424
Absolute val loss: 9.60424
-----------------------------------------------------------------------------------------
| end of epoch   8 | time: 15.37s | epoch loss 12.811891 |
-----------------------------------------------------------------------------------------
 [    9] (    0/   24) | ms/batch 312.0315 | loss 11.912918 | avg loss 11.912918 | lr 0.0001000
Relative val loss: 8.75799
Absolute val loss: 8.75799
-----------------------------------------------------------------------------------------
| end of epoch   9 | time: 15.41s | epoch loss 11.135434 |
-----------------------------------------------------------------------------------------
 [   10] (    0/   24) | ms/batch 312.2699 | loss 10.447188 | avg loss 10.447188 | lr 0.0001000
Relative val loss: 9.10992
Absolute val loss: 9.10992
-----------------------------------------------------------------------------------------
| end of epoch  10 | time: 15.25s | epoch loss 11.917344 |
-----------------------------------------------------------------------------------------
 [   11] (    0/   24) | ms/batch 315.2502 | loss 13.251480 | avg loss 13.251480 | lr 0.0001000
Relative val loss: 9.66770
Absolute val loss: 9.66770
-----------------------------------------------------------------------------------------
| end of epoch  11 | time: 15.19s | epoch loss 12.662177 |
-----------------------------------------------------------------------------------------
 [   12] (    0/   24) | ms/batch 312.8116 | loss 7.937664 | avg loss 7.937664 | lr 0.0001000
Relative val loss: 9.64477
Absolute val loss: 9.64477
-----------------------------------------------------------------------------------------
| end of epoch  12 | time: 15.00s | epoch loss 10.724870 |
-----------------------------------------------------------------------------------------
 [   13] (    0/   24) | ms/batch 310.2434 | loss 14.490146 | avg loss 14.490146 | lr 0.0001000
Relative val loss: 8.27025
Absolute val loss: 8.27025
-----------------------------------------------------------------------------------------
| end of epoch  13 | time: 15.24s | epoch loss 10.339535 |
-----------------------------------------------------------------------------------------
 [   14] (    0/   24) | ms/batch 315.0954 | loss 6.673976 | avg loss 6.673976 | lr 0.0001000
Relative val loss: 10.84007
Absolute val loss: 10.84007
-----------------------------------------------------------------------------------------
| end of epoch  14 | time: 14.77s | epoch loss 10.744910 |
-----------------------------------------------------------------------------------------
 [   15] (    0/   24) | ms/batch 312.1150 | loss 12.726043 | avg loss 12.726043 | lr 0.0001000
Relative val loss: 8.03641
Absolute val loss: 8.03641
-----------------------------------------------------------------------------------------
| end of epoch  15 | time: 15.16s | epoch loss 11.877543 |
-----------------------------------------------------------------------------------------
 [   16] (    0/   24) | ms/batch 315.4502 | loss 9.661878 | avg loss 9.661878 | lr 0.0001000
Relative val loss: 7.99910
Absolute val loss: 7.99910
-----------------------------------------------------------------------------------------
| end of epoch  16 | time: 15.39s | epoch loss 10.207029 |
-----------------------------------------------------------------------------------------
 [   17] (    0/   24) | ms/batch 315.0327 | loss 8.153391 | avg loss 8.153391 | lr 0.0001000
Relative val loss: 7.93283
Absolute val loss: 7.93283
-----------------------------------------------------------------------------------------
| end of epoch  17 | time: 14.86s | epoch loss 10.439281 |
-----------------------------------------------------------------------------------------
 [   18] (    0/   24) | ms/batch 311.9781 | loss 7.941667 | avg loss 7.941667 | lr 0.0001000
Relative val loss: 8.84684
Absolute val loss: 8.84684
-----------------------------------------------------------------------------------------
| end of epoch  18 | time: 15.33s | epoch loss 9.646884 |
-----------------------------------------------------------------------------------------
 [   19] (    0/   24) | ms/batch 311.9268 | loss 9.413877 | avg loss 9.413877 | lr 0.0001000
Relative val loss: 8.75128
Absolute val loss: 8.75128
-----------------------------------------------------------------------------------------
| end of epoch  19 | time: 15.08s | epoch loss 10.218097 |
-----------------------------------------------------------------------------------------
 [   20] (    0/   24) | ms/batch 314.6558 | loss 10.517394 | avg loss 10.517394 | lr 0.0001000
Relative val loss: 11.01038
Absolute val loss: 11.01038
-----------------------------------------------------------------------------------------
| end of epoch  20 | time: 15.26s | epoch loss 11.303517 |
-----------------------------------------------------------------------------------------
 [   21] (    0/   24) | ms/batch 315.1071 | loss 12.977511 | avg loss 12.977511 | lr 0.0001000
Relative val loss: 8.73354
Absolute val loss: 8.73354
-----------------------------------------------------------------------------------------
| end of epoch  21 | time: 15.27s | epoch loss 11.663222 |
-----------------------------------------------------------------------------------------
 [   22] (    0/   24) | ms/batch 312.0389 | loss 9.032254 | avg loss 9.032254 | lr 0.0001000
Relative val loss: 8.01024
Absolute val loss: 8.01024
-----------------------------------------------------------------------------------------
| end of epoch  22 | time: 15.21s | epoch loss 9.746179 |
-----------------------------------------------------------------------------------------
 [   23] (    0/   24) | ms/batch 311.5230 | loss 8.556060 | avg loss 8.556060 | lr 0.0001000
Relative val loss: 8.49956
Absolute val loss: 8.49956
-----------------------------------------------------------------------------------------
| end of epoch  23 | time: 15.07s | epoch loss 9.940034 |
-----------------------------------------------------------------------------------------
 [   24] (    0/   24) | ms/batch 314.7199 | loss 7.536710 | avg loss 7.536710 | lr 0.0001000
Relative val loss: 8.51150
Absolute val loss: 8.51150
-----------------------------------------------------------------------------------------
| end of epoch  24 | time: 15.32s | epoch loss 9.684689 |
-----------------------------------------------------------------------------------------
 [   25] (    0/   24) | ms/batch 312.4564 | loss 10.560088 | avg loss 10.560088 | lr 0.0001000
Relative val loss: 7.85551
Absolute val loss: 7.85551
-----------------------------------------------------------------------------------------
| end of epoch  25 | time: 15.01s | epoch loss 10.231809 |
-----------------------------------------------------------------------------------------
 [   26] (    0/   24) | ms/batch 312.4766 | loss 6.479975 | avg loss 6.479975 | lr 0.0001000
Relative val loss: 8.42108
Absolute val loss: 8.42108
-----------------------------------------------------------------------------------------
| end of epoch  26 | time: 15.13s | epoch loss 9.735633 |
-----------------------------------------------------------------------------------------
 [   27] (    0/   24) | ms/batch 314.9738 | loss 9.342782 | avg loss 9.342782 | lr 0.0001000
Relative val loss: 8.36571
Absolute val loss: 8.36571
-----------------------------------------------------------------------------------------
| end of epoch  27 | time: 14.93s | epoch loss 9.483350 |
-----------------------------------------------------------------------------------------
 [   28] (    0/   24) | ms/batch 312.2325 | loss 7.910581 | avg loss 7.910581 | lr 0.0001000
Relative val loss: 9.24867
Absolute val loss: 9.24867
-----------------------------------------------------------------------------------------
| end of epoch  28 | time: 16.09s | epoch loss 9.424562 |
-----------------------------------------------------------------------------------------
 [   29] (    0/   24) | ms/batch 312.0582 | loss 7.311113 | avg loss 7.311113 | lr 0.0001000
Relative val loss: 8.51198
Absolute val loss: 8.51198
-----------------------------------------------------------------------------------------
| end of epoch  29 | time: 15.42s | epoch loss 8.784623 |
-----------------------------------------------------------------------------------------
 [   30] (    0/   24) | ms/batch 311.6055 | loss 5.617725 | avg loss 5.617725 | lr 0.0001000
Relative val loss: 9.71703
Absolute val loss: 9.71703
-----------------------------------------------------------------------------------------
| end of epoch  30 | time: 14.86s | epoch loss 9.333516 |
-----------------------------------------------------------------------------------------
 [   31] (    0/   24) | ms/batch 314.7440 | loss 11.179652 | avg loss 11.179652 | lr 0.0001000
Relative val loss: 8.28972
Absolute val loss: 8.28972
-----------------------------------------------------------------------------------------
| end of epoch  31 | time: 15.28s | epoch loss 9.470169 |
-----------------------------------------------------------------------------------------
 [   32] (    0/   24) | ms/batch 312.4702 | loss 13.051126 | avg loss 13.051126 | lr 0.0001000
Relative val loss: 8.92574
Absolute val loss: 8.92574
-----------------------------------------------------------------------------------------
| end of epoch  32 | time: 15.46s | epoch loss 9.885329 |
-----------------------------------------------------------------------------------------
 [   33] (    0/   24) | ms/batch 311.9922 | loss 10.280296 | avg loss 10.280296 | lr 0.0001000
Relative val loss: 7.81038
Absolute val loss: 7.81038
-----------------------------------------------------------------------------------------
| end of epoch  33 | time: 14.86s | epoch loss 9.687196 |
-----------------------------------------------------------------------------------------
 [   34] (    0/   24) | ms/batch 312.0506 | loss 8.830410 | avg loss 8.830410 | lr 0.0001000
Relative val loss: 7.60124
Absolute val loss: 7.60124
-----------------------------------------------------------------------------------------
| end of epoch  34 | time: 15.39s | epoch loss 9.201919 |
-----------------------------------------------------------------------------------------
 [   35] (    0/   24) | ms/batch 314.9257 | loss 7.492265 | avg loss 7.492265 | lr 0.0001000
Relative val loss: 7.55719
Absolute val loss: 7.55719
-----------------------------------------------------------------------------------------
| end of epoch  35 | time: 15.32s | epoch loss 8.956570 |
-----------------------------------------------------------------------------------------
 [   36] (    0/   24) | ms/batch 314.5313 | loss 9.377416 | avg loss 9.377416 | lr 0.0001000
Relative val loss: 7.91116
Absolute val loss: 7.91116
-----------------------------------------------------------------------------------------
| end of epoch  36 | time: 15.24s | epoch loss 9.175675 |
-----------------------------------------------------------------------------------------
 [   37] (    0/   24) | ms/batch 314.4417 | loss 11.276607 | avg loss 11.276607 | lr 0.0001000
Relative val loss: 7.76226
Absolute val loss: 7.76226
-----------------------------------------------------------------------------------------
| end of epoch  37 | time: 15.22s | epoch loss 9.112236 |
-----------------------------------------------------------------------------------------
 [   38] (    0/   24) | ms/batch 314.8518 | loss 7.321960 | avg loss 7.321960 | lr 0.0001000
Relative val loss: 9.32352
Absolute val loss: 9.32352
-----------------------------------------------------------------------------------------
| end of epoch  38 | time: 15.45s | epoch loss 8.519714 |
-----------------------------------------------------------------------------------------
 [   39] (    0/   24) | ms/batch 315.1531 | loss 9.582573 | avg loss 9.582573 | lr 0.0001000
Relative val loss: 7.46067
Absolute val loss: 7.46067
-----------------------------------------------------------------------------------------
| end of epoch  39 | time: 15.07s | epoch loss 9.520698 |
-----------------------------------------------------------------------------------------
 [   40] (    0/   24) | ms/batch 315.6281 | loss 7.042764 | avg loss 7.042764 | lr 0.0001000
Relative val loss: 7.27683
Absolute val loss: 7.27683
-----------------------------------------------------------------------------------------
| end of epoch  40 | time: 15.52s | epoch loss 9.652470 |
-----------------------------------------------------------------------------------------
 [   41] (    0/   24) | ms/batch 312.3913 | loss 8.873540 | avg loss 8.873540 | lr 0.0001000
Relative val loss: 7.54580
Absolute val loss: 7.54580
-----------------------------------------------------------------------------------------
| end of epoch  41 | time: 14.61s | epoch loss 8.673358 |
-----------------------------------------------------------------------------------------
 [   42] (    0/   24) | ms/batch 314.6152 | loss 10.032509 | avg loss 10.032509 | lr 0.0001000
Relative val loss: 7.93424
Absolute val loss: 7.93424
-----------------------------------------------------------------------------------------
| end of epoch  42 | time: 15.45s | epoch loss 8.587273 |
-----------------------------------------------------------------------------------------
 [   43] (    0/   24) | ms/batch 315.0904 | loss 8.831546 | avg loss 8.831546 | lr 0.0001000
Relative val loss: 7.64174
Absolute val loss: 7.64174
-----------------------------------------------------------------------------------------
| end of epoch  43 | time: 15.05s | epoch loss 8.623977 |
-----------------------------------------------------------------------------------------
 [   44] (    0/   24) | ms/batch 315.3775 | loss 9.981054 | avg loss 9.981054 | lr 0.0001000
Relative val loss: 7.25184
Absolute val loss: 7.25184
-----------------------------------------------------------------------------------------
| end of epoch  44 | time: 14.98s | epoch loss 8.870537 |
-----------------------------------------------------------------------------------------
 [   45] (    0/   24) | ms/batch 315.2366 | loss 9.062571 | avg loss 9.062571 | lr 0.0001000
Relative val loss: 8.20784
Absolute val loss: 8.20784
-----------------------------------------------------------------------------------------
| end of epoch  45 | time: 15.12s | epoch loss 8.225783 |
-----------------------------------------------------------------------------------------
 [   46] (    0/   24) | ms/batch 315.0432 | loss 8.135640 | avg loss 8.135640 | lr 0.0001000
Relative val loss: 7.89197
Absolute val loss: 7.89197
-----------------------------------------------------------------------------------------
| end of epoch  46 | time: 15.15s | epoch loss 8.733505 |
-----------------------------------------------------------------------------------------
 [   47] (    0/   24) | ms/batch 311.4223 | loss 10.526729 | avg loss 10.526729 | lr 0.0001000
Relative val loss: 7.77223
Absolute val loss: 7.77223
-----------------------------------------------------------------------------------------
| end of epoch  47 | time: 15.22s | epoch loss 8.377713 |
-----------------------------------------------------------------------------------------
 [   48] (    0/   24) | ms/batch 315.3412 | loss 8.202669 | avg loss 8.202669 | lr 0.0001000
Relative val loss: 7.03535
Absolute val loss: 7.03535
-----------------------------------------------------------------------------------------
| end of epoch  48 | time: 15.58s | epoch loss 8.773755 |
-----------------------------------------------------------------------------------------
 [   49] (    0/   24) | ms/batch 288.3728 | loss 9.159611 | avg loss 9.159611 | lr 0.0001000
Relative val loss: 7.88278
Absolute val loss: 7.88278
-----------------------------------------------------------------------------------------
| end of epoch  49 | time: 15.49s | epoch loss 8.249885 |
-----------------------------------------------------------------------------------------
 [   50] (    0/   24) | ms/batch 314.9967 | loss 9.548583 | avg loss 9.548583 | lr 0.0001000
Relative val loss: 8.20354
Absolute val loss: 8.20354
-----------------------------------------------------------------------------------------
| end of epoch  50 | time: 15.12s | epoch loss 8.105335 |
-----------------------------------------------------------------------------------------
 [   51] (    0/   24) | ms/batch 315.2871 | loss 7.763301 | avg loss 7.763301 | lr 0.0001000
Relative val loss: 7.89613
Absolute val loss: 7.89613
-----------------------------------------------------------------------------------------
| end of epoch  51 | time: 15.27s | epoch loss 8.620181 |
-----------------------------------------------------------------------------------------
 [   52] (    0/   24) | ms/batch 313.0004 | loss 8.067904 | avg loss 8.067904 | lr 0.0001000
Relative val loss: 9.79363
Absolute val loss: 9.79363
-----------------------------------------------------------------------------------------
| end of epoch  52 | time: 15.29s | epoch loss 8.836888 |
-----------------------------------------------------------------------------------------
 [   53] (    0/   24) | ms/batch 315.3870 | loss 10.490354 | avg loss 10.490354 | lr 0.0001000
Relative val loss: 7.86750
Absolute val loss: 7.86750
-----------------------------------------------------------------------------------------
| end of epoch  53 | time: 15.48s | epoch loss 8.734346 |
-----------------------------------------------------------------------------------------
 [   54] (    0/   24) | ms/batch 314.8417 | loss 6.576313 | avg loss 6.576313 | lr 0.0001000
Relative val loss: 8.51474
Absolute val loss: 8.51474
-----------------------------------------------------------------------------------------
| end of epoch  54 | time: 15.04s | epoch loss 8.551608 |
-----------------------------------------------------------------------------------------
 [   55] (    0/   24) | ms/batch 305.2735 | loss 6.537500 | avg loss 6.537500 | lr 0.0001000
Relative val loss: 7.79352
Absolute val loss: 7.79352
-----------------------------------------------------------------------------------------
| end of epoch  55 | time: 15.03s | epoch loss 8.504394 |
-----------------------------------------------------------------------------------------
 [   56] (    0/   24) | ms/batch 315.3071 | loss 6.235818 | avg loss 6.235818 | lr 0.0001000
Relative val loss: 7.82850
Absolute val loss: 7.82850
-----------------------------------------------------------------------------------------
| end of epoch  56 | time: 15.67s | epoch loss 8.767360 |
-----------------------------------------------------------------------------------------
 [   57] (    0/   24) | ms/batch 315.2966 | loss 9.896214 | avg loss 9.896214 | lr 0.0001000
Relative val loss: 7.64717
Absolute val loss: 7.64717
-----------------------------------------------------------------------------------------
| end of epoch  57 | time: 14.84s | epoch loss 8.847680 |
-----------------------------------------------------------------------------------------
 [   58] (    0/   24) | ms/batch 315.1078 | loss 7.712590 | avg loss 7.712590 | lr 0.0001000
Relative val loss: 7.29487
Absolute val loss: 7.29487
-----------------------------------------------------------------------------------------
| end of epoch  58 | time: 15.26s | epoch loss 8.156210 |
-----------------------------------------------------------------------------------------
 [   59] (    0/   24) | ms/batch 314.8656 | loss 8.171187 | avg loss 8.171187 | lr 0.0001000
Relative val loss: 7.28236
Absolute val loss: 7.28236
-----------------------------------------------------------------------------------------
| end of epoch  59 | time: 14.94s | epoch loss 8.663298 |
-----------------------------------------------------------------------------------------
 [   60] (    0/   24) | ms/batch 314.9781 | loss 8.965926 | avg loss 8.965926 | lr 0.0001000
Relative val loss: 7.54539
Absolute val loss: 7.54539
-----------------------------------------------------------------------------------------
| end of epoch  60 | time: 14.80s | epoch loss 8.647235 |
-----------------------------------------------------------------------------------------
 [   61] (    0/   24) | ms/batch 314.2691 | loss 8.794060 | avg loss 8.794060 | lr 0.0001000
Relative val loss: 7.44794
Absolute val loss: 7.44794
-----------------------------------------------------------------------------------------
| end of epoch  61 | time: 15.50s | epoch loss 8.745981 |
-----------------------------------------------------------------------------------------
 [   62] (    0/   24) | ms/batch 314.6181 | loss 10.162366 | avg loss 10.162366 | lr 0.0001000
Relative val loss: 8.15855
Absolute val loss: 8.15855
-----------------------------------------------------------------------------------------
| end of epoch  62 | time: 15.24s | epoch loss 7.999818 |
-----------------------------------------------------------------------------------------
 [   63] (    0/   24) | ms/batch 281.6935 | loss 9.487679 | avg loss 9.487679 | lr 0.0001000
Relative val loss: 8.03378
Absolute val loss: 8.03378
-----------------------------------------------------------------------------------------
| end of epoch  63 | time: 15.28s | epoch loss 8.068262 |
-----------------------------------------------------------------------------------------
 [   64] (    0/   24) | ms/batch 314.9881 | loss 7.228882 | avg loss 7.228882 | lr 0.0001000
Relative val loss: 7.66003
Absolute val loss: 7.66003
-----------------------------------------------------------------------------------------
| end of epoch  64 | time: 15.32s | epoch loss 8.554007 |
-----------------------------------------------------------------------------------------
 [   65] (    0/   24) | ms/batch 314.5497 | loss 9.972236 | avg loss 9.972236 | lr 0.0001000
Relative val loss: 7.36677
Absolute val loss: 7.36677
-----------------------------------------------------------------------------------------
| end of epoch  65 | time: 15.34s | epoch loss 8.715317 |
-----------------------------------------------------------------------------------------
 [   66] (    0/   24) | ms/batch 315.2719 | loss 7.844493 | avg loss 7.844493 | lr 0.0001000
Relative val loss: 7.50512
Absolute val loss: 7.50512
-----------------------------------------------------------------------------------------
| end of epoch  66 | time: 15.33s | epoch loss 8.626020 |
-----------------------------------------------------------------------------------------
 [   67] (    0/   24) | ms/batch 314.9264 | loss 6.067084 | avg loss 6.067084 | lr 0.0001000
Relative val loss: 7.64382
Absolute val loss: 7.64382
-----------------------------------------------------------------------------------------
| end of epoch  67 | time: 14.89s | epoch loss 7.694552 |
-----------------------------------------------------------------------------------------
 [   68] (    0/   24) | ms/batch 315.1345 | loss 8.529549 | avg loss 8.529549 | lr 0.0001000
Relative val loss: 8.64236
Absolute val loss: 8.64236
-----------------------------------------------------------------------------------------
| end of epoch  68 | time: 15.15s | epoch loss 8.133603 |
-----------------------------------------------------------------------------------------
 [   69] (    0/   24) | ms/batch 315.0501 | loss 7.325382 | avg loss 7.325382 | lr 0.0001000
Relative val loss: 7.47440
Absolute val loss: 7.47440
-----------------------------------------------------------------------------------------
| end of epoch  69 | time: 15.37s | epoch loss 8.490736 |
-----------------------------------------------------------------------------------------
 [   70] (    0/   24) | ms/batch 315.2740 | loss 7.737680 | avg loss 7.737680 | lr 0.0001000
Relative val loss: 7.52059
Absolute val loss: 7.52059
-----------------------------------------------------------------------------------------
| end of epoch  70 | time: 15.29s | epoch loss 8.105995 |
-----------------------------------------------------------------------------------------
 [   71] (    0/   24) | ms/batch 315.2983 | loss 7.162630 | avg loss 7.162630 | lr 0.0001000
Relative val loss: 7.71620
Absolute val loss: 7.71620
-----------------------------------------------------------------------------------------
| end of epoch  71 | time: 15.42s | epoch loss 8.343301 |
-----------------------------------------------------------------------------------------
 [   72] (    0/   24) | ms/batch 315.0127 | loss 8.328819 | avg loss 8.328819 | lr 0.0001000
Relative val loss: 7.47764
Absolute val loss: 7.47764
-----------------------------------------------------------------------------------------
| end of epoch  72 | time: 15.25s | epoch loss 8.090446 |
-----------------------------------------------------------------------------------------
 [   73] (    0/   24) | ms/batch 315.0713 | loss 12.357230 | avg loss 12.357230 | lr 0.0001000
Relative val loss: 7.53266
Absolute val loss: 7.53266
-----------------------------------------------------------------------------------------
| end of epoch  73 | time: 14.85s | epoch loss 8.205667 |
-----------------------------------------------------------------------------------------
 [   74] (    0/   24) | ms/batch 315.4347 | loss 7.036522 | avg loss 7.036522 | lr 0.0001000
Relative val loss: 7.66447
Absolute val loss: 7.66447
-----------------------------------------------------------------------------------------
| end of epoch  74 | time: 15.11s | epoch loss 8.111509 |
-----------------------------------------------------------------------------------------
 [   75] (    0/   24) | ms/batch 288.7650 | loss 9.381949 | avg loss 9.381949 | lr 0.0001000
Relative val loss: 7.91034
Absolute val loss: 7.91034
-----------------------------------------------------------------------------------------
| end of epoch  75 | time: 15.34s | epoch loss 8.244307 |
-----------------------------------------------------------------------------------------
 [   76] (    0/   24) | ms/batch 315.4380 | loss 8.215919 | avg loss 8.215919 | lr 0.0001000
Relative val loss: 8.01476
Absolute val loss: 8.01476
-----------------------------------------------------------------------------------------
| end of epoch  76 | time: 14.87s | epoch loss 8.738377 |
-----------------------------------------------------------------------------------------
 [   77] (    0/   24) | ms/batch 314.7283 | loss 6.830890 | avg loss 6.830890 | lr 0.0001000
Relative val loss: 7.82285
Absolute val loss: 7.82285
-----------------------------------------------------------------------------------------
| end of epoch  77 | time: 15.19s | epoch loss 8.274818 |
-----------------------------------------------------------------------------------------
 [   78] (    0/   24) | ms/batch 312.0089 | loss 9.885417 | avg loss 9.885417 | lr 0.0001000
Relative val loss: 9.48582
Absolute val loss: 9.48582
-----------------------------------------------------------------------------------------
| end of epoch  78 | time: 15.12s | epoch loss 7.803161 |
-----------------------------------------------------------------------------------------
 [   79] (    0/   24) | ms/batch 314.6095 | loss 8.297976 | avg loss 8.297976 | lr 0.0001000
Relative val loss: 7.47235
Absolute val loss: 7.47235
-----------------------------------------------------------------------------------------
| end of epoch  79 | time: 14.79s | epoch loss 9.075847 |
-----------------------------------------------------------------------------------------
 [   80] (    0/   24) | ms/batch 315.8121 | loss 9.518294 | avg loss 9.518294 | lr 0.0001000
Relative val loss: 7.73349
Absolute val loss: 7.73349
-----------------------------------------------------------------------------------------
| end of epoch  80 | time: 15.47s | epoch loss 8.300381 |
-----------------------------------------------------------------------------------------
 [   81] (    0/   24) | ms/batch 314.8208 | loss 8.654614 | avg loss 8.654614 | lr 0.0001000
Relative val loss: 7.31823
Absolute val loss: 7.31823
-----------------------------------------------------------------------------------------
| end of epoch  81 | time: 15.20s | epoch loss 8.034637 |
-----------------------------------------------------------------------------------------
 [   82] (    0/   24) | ms/batch 315.2661 | loss 7.690405 | avg loss 7.690405 | lr 0.0001000
Relative val loss: 7.22603
Absolute val loss: 7.22603
-----------------------------------------------------------------------------------------
| end of epoch  82 | time: 14.97s | epoch loss 8.146409 |
-----------------------------------------------------------------------------------------
 [   83] (    0/   24) | ms/batch 314.7209 | loss 7.625515 | avg loss 7.625515 | lr 0.0001000
Relative val loss: 7.34564
Absolute val loss: 7.34564
-----------------------------------------------------------------------------------------
| end of epoch  83 | time: 15.26s | epoch loss 8.191630 |
-----------------------------------------------------------------------------------------
 [   84] (    0/   24) | ms/batch 315.1100 | loss 6.842735 | avg loss 6.842735 | lr 0.0001000
Relative val loss: 8.79650
Absolute val loss: 8.79650
-----------------------------------------------------------------------------------------
| end of epoch  84 | time: 15.11s | epoch loss 9.232570 |
-----------------------------------------------------------------------------------------
 [   85] (    0/   24) | ms/batch 315.2118 | loss 9.115793 | avg loss 9.115793 | lr 0.0001000
Relative val loss: 7.31997
Absolute val loss: 7.31997
-----------------------------------------------------------------------------------------
| end of epoch  85 | time: 14.82s | epoch loss 9.137419 |
-----------------------------------------------------------------------------------------
 [   86] (    0/   24) | ms/batch 315.3217 | loss 10.074203 | avg loss 10.074203 | lr 0.0001000
Relative val loss: 7.66313
Absolute val loss: 7.66313
-----------------------------------------------------------------------------------------
| end of epoch  86 | time: 15.36s | epoch loss 8.629253 |
-----------------------------------------------------------------------------------------
 [   87] (    0/   24) | ms/batch 315.2075 | loss 10.288854 | avg loss 10.288854 | lr 0.0001000
Relative val loss: 7.60738
Absolute val loss: 7.60738
-----------------------------------------------------------------------------------------
| end of epoch  87 | time: 15.47s | epoch loss 8.136456 |
-----------------------------------------------------------------------------------------
 [   88] (    0/   24) | ms/batch 314.9023 | loss 6.768129 | avg loss 6.768129 | lr 0.0001000
Relative val loss: 7.35287
Absolute val loss: 7.35287
-----------------------------------------------------------------------------------------
| end of epoch  88 | time: 15.04s | epoch loss 8.524299 |
-----------------------------------------------------------------------------------------
 [   89] (    0/   24) | ms/batch 315.8014 | loss 9.699653 | avg loss 9.699653 | lr 0.0001000
Relative val loss: 7.78140
Absolute val loss: 7.78140
-----------------------------------------------------------------------------------------
| end of epoch  89 | time: 15.39s | epoch loss 8.564878 |
-----------------------------------------------------------------------------------------
 [   90] (    0/   24) | ms/batch 315.2635 | loss 11.100508 | avg loss 11.100508 | lr 0.0001000
Relative val loss: 7.37983
Absolute val loss: 7.37983
-----------------------------------------------------------------------------------------
| end of epoch  90 | time: 15.27s | epoch loss 8.764994 |
-----------------------------------------------------------------------------------------
 [   91] (    0/   24) | ms/batch 314.8277 | loss 10.389602 | avg loss 10.389602 | lr 0.0001000
Relative val loss: 7.50021
Absolute val loss: 7.50021
-----------------------------------------------------------------------------------------
| end of epoch  91 | time: 14.93s | epoch loss 8.474727 |
-----------------------------------------------------------------------------------------
 [   92] (    0/   24) | ms/batch 315.0182 | loss 7.645374 | avg loss 7.645374 | lr 0.0001000
Relative val loss: 7.56700
Absolute val loss: 7.56700
-----------------------------------------------------------------------------------------
| end of epoch  92 | time: 15.26s | epoch loss 8.078851 |
-----------------------------------------------------------------------------------------
 [   93] (    0/   24) | ms/batch 314.9164 | loss 9.259006 | avg loss 9.259006 | lr 0.0001000
Relative val loss: 7.35001
Absolute val loss: 7.35001
-----------------------------------------------------------------------------------------
| end of epoch  93 | time: 15.47s | epoch loss 8.058727 |
-----------------------------------------------------------------------------------------
 [   94] (    0/   24) | ms/batch 212.9457 | loss 6.689295 | avg loss 6.689295 | lr 0.0001000
Relative val loss: 7.79817
Absolute val loss: 7.79817
-----------------------------------------------------------------------------------------
| end of epoch  94 | time: 14.87s | epoch loss 8.392086 |
-----------------------------------------------------------------------------------------
 [   95] (    0/   24) | ms/batch 314.8065 | loss 5.009919 | avg loss 5.009919 | lr 0.0001000
Relative val loss: 7.93334
Absolute val loss: 7.93334
-----------------------------------------------------------------------------------------
| end of epoch  95 | time: 15.45s | epoch loss 8.854536 |
-----------------------------------------------------------------------------------------
 [   96] (    0/   24) | ms/batch 314.9021 | loss 9.664227 | avg loss 9.664227 | lr 0.0001000
Relative val loss: 7.54919
Absolute val loss: 7.54919
-----------------------------------------------------------------------------------------
| end of epoch  96 | time: 15.04s | epoch loss 8.230841 |
-----------------------------------------------------------------------------------------
 [   97] (    0/   24) | ms/batch 149.1354 | loss 9.142159 | avg loss 9.142159 | lr 0.0001000
Relative val loss: 7.89479
Absolute val loss: 7.89479
-----------------------------------------------------------------------------------------
| end of epoch  97 | time: 14.85s | epoch loss 8.308369 |
-----------------------------------------------------------------------------------------
 [   98] (    0/   24) | ms/batch 315.2153 | loss 9.706465 | avg loss 9.706465 | lr 0.0001000
Relative val loss: 7.24495
Absolute val loss: 7.24495
-----------------------------------------------------------------------------------------
| end of epoch  98 | time: 15.39s | epoch loss 8.607872 |
-----------------------------------------------------------------------------------------
 [   99] (    0/   24) | ms/batch 284.7512 | loss 9.734120 | avg loss 9.734120 | lr 0.0001000
Relative val loss: 7.59561
Absolute val loss: 7.59561
-----------------------------------------------------------------------------------------
| end of epoch  99 | time: 15.25s | epoch loss 8.438307 |
-----------------------------------------------------------------------------------------
 [  100] (    0/   24) | ms/batch 310.9422 | loss 11.267850 | avg loss 11.267850 | lr 0.0001000
Relative val loss: 7.56427
Absolute val loss: 7.56427
-----------------------------------------------------------------------------------------
| end of epoch 100 | time: 15.25s | epoch loss 8.804246 |
-----------------------------------------------------------------------------------------
 [  101] (    0/   24) | ms/batch 314.8537 | loss 8.294219 | avg loss 8.294219 | lr 0.0001000
Relative val loss: 8.28588
Absolute val loss: 8.28588
-----------------------------------------------------------------------------------------
| end of epoch 101 | time: 15.44s | epoch loss 8.049560 |
-----------------------------------------------------------------------------------------
 [  102] (    0/   24) | ms/batch 315.8474 | loss 5.797208 | avg loss 5.797208 | lr 0.0001000
Relative val loss: 7.48302
Absolute val loss: 7.48303
-----------------------------------------------------------------------------------------
| end of epoch 102 | time: 15.50s | epoch loss 8.265740 |
-----------------------------------------------------------------------------------------
 [  103] (    0/   24) | ms/batch 314.8546 | loss 7.633727 | avg loss 7.633727 | lr 0.0001000
Relative val loss: 7.28174
Absolute val loss: 7.28174
-----------------------------------------------------------------------------------------
| end of epoch 103 | time: 15.30s | epoch loss 7.929379 |
-----------------------------------------------------------------------------------------
 [  104] (    0/   24) | ms/batch 285.0435 | loss 8.312963 | avg loss 8.312963 | lr 0.0001000
Relative val loss: 7.46431
Absolute val loss: 7.46431
-----------------------------------------------------------------------------------------
| end of epoch 104 | time: 15.37s | epoch loss 8.157281 |
-----------------------------------------------------------------------------------------
 [  105] (    0/   24) | ms/batch 315.1064 | loss 5.940309 | avg loss 5.940309 | lr 0.0001000
Relative val loss: 7.73730
Absolute val loss: 7.73730
-----------------------------------------------------------------------------------------
| end of epoch 105 | time: 15.29s | epoch loss 8.364904 |
-----------------------------------------------------------------------------------------
 [  106] (    0/   24) | ms/batch 314.9230 | loss 7.480934 | avg loss 7.480934 | lr 0.0001000
Relative val loss: 7.92567
Absolute val loss: 7.92567
-----------------------------------------------------------------------------------------
| end of epoch 106 | time: 15.68s | epoch loss 7.897621 |
-----------------------------------------------------------------------------------------
 [  107] (    0/   24) | ms/batch 315.2118 | loss 6.415170 | avg loss 6.415170 | lr 0.0001000
Relative val loss: 7.66726
Absolute val loss: 7.66726
-----------------------------------------------------------------------------------------
| end of epoch 107 | time: 15.65s | epoch loss 7.980652 |
-----------------------------------------------------------------------------------------
 [  108] (    0/   24) | ms/batch 315.7079 | loss 6.433782 | avg loss 6.433782 | lr 0.0001000
Relative val loss: 7.81244
Absolute val loss: 7.81244
-----------------------------------------------------------------------------------------
| end of epoch 108 | time: 15.02s | epoch loss 8.119468 |
-----------------------------------------------------------------------------------------
 [  109] (    0/   24) | ms/batch 314.8968 | loss 9.353488 | avg loss 9.353488 | lr 0.0001000
Relative val loss: 8.36329
Absolute val loss: 8.36329
-----------------------------------------------------------------------------------------
| end of epoch 109 | time: 15.19s | epoch loss 8.201129 |
-----------------------------------------------------------------------------------------
 [  110] (    0/   24) | ms/batch 309.6652 | loss 9.922133 | avg loss 9.922133 | lr 0.0001000
Relative val loss: 7.71554
Absolute val loss: 7.71554
-----------------------------------------------------------------------------------------
| end of epoch 110 | time: 14.96s | epoch loss 7.879002 |
-----------------------------------------------------------------------------------------
 [  111] (    0/   24) | ms/batch 315.1741 | loss 8.077877 | avg loss 8.077877 | lr 0.0001000
Relative val loss: 8.19230
Absolute val loss: 8.19231
-----------------------------------------------------------------------------------------
| end of epoch 111 | time: 15.07s | epoch loss 8.102107 |
-----------------------------------------------------------------------------------------
 [  112] (    0/   24) | ms/batch 314.8630 | loss 9.248664 | avg loss 9.248664 | lr 0.0001000
Relative val loss: 7.36251
Absolute val loss: 7.36251
-----------------------------------------------------------------------------------------
| end of epoch 112 | time: 15.02s | epoch loss 8.377406 |
-----------------------------------------------------------------------------------------
 [  113] (    0/   24) | ms/batch 315.4449 | loss 7.569688 | avg loss 7.569688 | lr 0.0001000
Relative val loss: 7.38207
Absolute val loss: 7.38207
-----------------------------------------------------------------------------------------
| end of epoch 113 | time: 14.65s | epoch loss 7.943295 |
-----------------------------------------------------------------------------------------
 [  114] (    0/   24) | ms/batch 315.0420 | loss 7.635992 | avg loss 7.635992 | lr 0.0001000
Relative val loss: 7.43825
Absolute val loss: 7.43825
-----------------------------------------------------------------------------------------
| end of epoch 114 | time: 15.42s | epoch loss 8.387429 |
-----------------------------------------------------------------------------------------
 [  115] (    0/   24) | ms/batch 314.8022 | loss 9.562576 | avg loss 9.562576 | lr 0.0001000
Relative val loss: 7.38476
Absolute val loss: 7.38476
-----------------------------------------------------------------------------------------
| end of epoch 115 | time: 15.42s | epoch loss 7.795333 |
-----------------------------------------------------------------------------------------
 [  116] (    0/   24) | ms/batch 315.5806 | loss 8.924779 | avg loss 8.924779 | lr 0.0001000
Relative val loss: 7.41989
Absolute val loss: 7.41989
-----------------------------------------------------------------------------------------
| end of epoch 116 | time: 14.79s | epoch loss 8.016300 |
-----------------------------------------------------------------------------------------
 [  117] (    0/   24) | ms/batch 314.7347 | loss 7.879791 | avg loss 7.879791 | lr 0.0001000
Relative val loss: 7.60051
Absolute val loss: 7.60051
-----------------------------------------------------------------------------------------
| end of epoch 117 | time: 15.59s | epoch loss 8.080118 |
-----------------------------------------------------------------------------------------
 [  118] (    0/   24) | ms/batch 287.9379 | loss 7.766014 | avg loss 7.766014 | lr 0.0001000
Relative val loss: 7.97911
Absolute val loss: 7.97911
-----------------------------------------------------------------------------------------
| end of epoch 118 | time: 15.30s | epoch loss 8.305081 |
-----------------------------------------------------------------------------------------
 [  119] (    0/   24) | ms/batch 310.1721 | loss 7.857609 | avg loss 7.857609 | lr 0.0001000
Relative val loss: 7.69398
Absolute val loss: 7.69398
-----------------------------------------------------------------------------------------
| end of epoch 119 | time: 14.79s | epoch loss 8.106556 |
-----------------------------------------------------------------------------------------
 [  120] (    0/   24) | ms/batch 314.3640 | loss 9.263186 | avg loss 9.263186 | lr 0.0001000
Relative val loss: 7.66806
Absolute val loss: 7.66806
-----------------------------------------------------------------------------------------
| end of epoch 120 | time: 15.75s | epoch loss 8.129662 |
-----------------------------------------------------------------------------------------
 [  121] (    0/   24) | ms/batch 314.6322 | loss 7.288940 | avg loss 7.288940 | lr 0.0001000
Relative val loss: 7.53888
Absolute val loss: 7.53888
-----------------------------------------------------------------------------------------
| end of epoch 121 | time: 15.80s | epoch loss 7.786531 |
-----------------------------------------------------------------------------------------
 [  122] (    0/   24) | ms/batch 245.5347 | loss 8.508819 | avg loss 8.508819 | lr 0.0001000
Relative val loss: 7.60543
Absolute val loss: 7.60543
-----------------------------------------------------------------------------------------
| end of epoch 122 | time: 15.22s | epoch loss 8.047551 |
-----------------------------------------------------------------------------------------
 [  123] (    0/   24) | ms/batch 314.8439 | loss 8.394294 | avg loss 8.394294 | lr 0.0001000
Relative val loss: 7.41005
Absolute val loss: 7.41005
-----------------------------------------------------------------------------------------
| end of epoch 123 | time: 15.06s | epoch loss 8.419583 |
-----------------------------------------------------------------------------------------
 [  124] (    0/   24) | ms/batch 315.3210 | loss 6.881462 | avg loss 6.881462 | lr 0.0001000
Relative val loss: 7.83883
Absolute val loss: 7.83883
-----------------------------------------------------------------------------------------
| end of epoch 124 | time: 15.11s | epoch loss 7.955009 |
-----------------------------------------------------------------------------------------
 [  125] (    0/   24) | ms/batch 315.7310 | loss 6.146502 | avg loss 6.146502 | lr 0.0001000
Relative val loss: 8.23240
Absolute val loss: 8.23240
-----------------------------------------------------------------------------------------
| end of epoch 125 | time: 15.36s | epoch loss 8.252635 |
-----------------------------------------------------------------------------------------
 [  126] (    0/   24) | ms/batch 286.0973 | loss 8.763736 | avg loss 8.763736 | lr 0.0001000
Relative val loss: 8.53576
Absolute val loss: 8.53576
-----------------------------------------------------------------------------------------
| end of epoch 126 | time: 15.35s | epoch loss 8.306424 |
-----------------------------------------------------------------------------------------
 [  127] (    0/   24) | ms/batch 315.0351 | loss 9.266472 | avg loss 9.266472 | lr 0.0001000
Relative val loss: 7.67692
Absolute val loss: 7.67692
-----------------------------------------------------------------------------------------
| end of epoch 127 | time: 15.39s | epoch loss 8.228340 |
-----------------------------------------------------------------------------------------
 [  128] (    0/   24) | ms/batch 315.6154 | loss 7.277600 | avg loss 7.277600 | lr 0.0001000
Relative val loss: 7.36671
Absolute val loss: 7.36671
-----------------------------------------------------------------------------------------
| end of epoch 128 | time: 15.37s | epoch loss 8.182614 |
-----------------------------------------------------------------------------------------
 [  129] (    0/   24) | ms/batch 314.8673 | loss 9.673221 | avg loss 9.673221 | lr 0.0001000
Relative val loss: 7.79874
Absolute val loss: 7.79873
-----------------------------------------------------------------------------------------
| end of epoch 129 | time: 14.93s | epoch loss 8.170886 |
-----------------------------------------------------------------------------------------
 [  130] (    0/   24) | ms/batch 287.3750 | loss 7.952377 | avg loss 7.952377 | lr 0.0001000
Relative val loss: 7.65589
Absolute val loss: 7.65589
-----------------------------------------------------------------------------------------
| end of epoch 130 | time: 15.02s | epoch loss 7.734198 |
-----------------------------------------------------------------------------------------
 [  131] (    0/   24) | ms/batch 312.1452 | loss 8.586036 | avg loss 8.586036 | lr 0.0001000
Relative val loss: 7.31582
Absolute val loss: 7.31582
-----------------------------------------------------------------------------------------
| end of epoch 131 | time: 15.25s | epoch loss 8.411536 |
-----------------------------------------------------------------------------------------
 [  132] (    0/   24) | ms/batch 314.7311 | loss 7.503638 | avg loss 7.503638 | lr 0.0001000
Relative val loss: 7.47779
Absolute val loss: 7.47779
-----------------------------------------------------------------------------------------
| end of epoch 132 | time: 14.88s | epoch loss 7.867857 |
-----------------------------------------------------------------------------------------
 [  133] (    0/   24) | ms/batch 314.8007 | loss 8.152550 | avg loss 8.152550 | lr 0.0001000
Relative val loss: 7.45198
Absolute val loss: 7.45198
-----------------------------------------------------------------------------------------
| end of epoch 133 | time: 15.39s | epoch loss 7.890160 |
-----------------------------------------------------------------------------------------
 [  134] (    0/   24) | ms/batch 314.3613 | loss 5.778575 | avg loss 5.778575 | lr 0.0001000
Relative val loss: 7.31481
Absolute val loss: 7.31481
-----------------------------------------------------------------------------------------
| end of epoch 134 | time: 15.26s | epoch loss 7.953590 |
-----------------------------------------------------------------------------------------
 [  135] (    0/   24) | ms/batch 315.1872 | loss 7.248933 | avg loss 7.248933 | lr 0.0001000
Relative val loss: 7.67114
Absolute val loss: 7.67114
-----------------------------------------------------------------------------------------
| end of epoch 135 | time: 14.97s | epoch loss 7.720105 |
-----------------------------------------------------------------------------------------
 [  136] (    0/   24) | ms/batch 315.4259 | loss 8.958544 | avg loss 8.958544 | lr 0.0001000
Relative val loss: 7.31931
Absolute val loss: 7.31931
-----------------------------------------------------------------------------------------
| end of epoch 136 | time: 15.22s | epoch loss 8.486269 |
-----------------------------------------------------------------------------------------
 [  137] (    0/   24) | ms/batch 315.7651 | loss 7.270721 | avg loss 7.270721 | lr 0.0001000
Relative val loss: 7.64658
Absolute val loss: 7.64658
-----------------------------------------------------------------------------------------
| end of epoch 137 | time: 15.26s | epoch loss 8.130053 |
-----------------------------------------------------------------------------------------
 [  138] (    0/   24) | ms/batch 314.9319 | loss 7.463468 | avg loss 7.463468 | lr 0.0001000
Relative val loss: 7.67960
Absolute val loss: 7.67960
-----------------------------------------------------------------------------------------
| end of epoch 138 | time: 15.18s | epoch loss 7.963466 |
-----------------------------------------------------------------------------------------
 [  139] (    0/   24) | ms/batch 314.5669 | loss 7.503163 | avg loss 7.503163 | lr 0.0001000
Relative val loss: 7.75097
Absolute val loss: 7.75097
-----------------------------------------------------------------------------------------
| end of epoch 139 | time: 15.73s | epoch loss 8.143594 |
-----------------------------------------------------------------------------------------
 [  140] (    0/   24) | ms/batch 315.0795 | loss 8.609002 | avg loss 8.609002 | lr 0.0001000
Relative val loss: 7.79515
Absolute val loss: 7.79515
-----------------------------------------------------------------------------------------
| end of epoch 140 | time: 15.12s | epoch loss 7.747438 |
-----------------------------------------------------------------------------------------
 [  141] (    0/   24) | ms/batch 314.8143 | loss 7.350755 | avg loss 7.350755 | lr 0.0001000
Relative val loss: 7.62948
Absolute val loss: 7.62948
-----------------------------------------------------------------------------------------
| end of epoch 141 | time: 14.75s | epoch loss 7.986815 |
-----------------------------------------------------------------------------------------
 [  142] (    0/   24) | ms/batch 314.8947 | loss 6.417401 | avg loss 6.417401 | lr 0.0001000
Relative val loss: 7.57672
Absolute val loss: 7.57672
-----------------------------------------------------------------------------------------
| end of epoch 142 | time: 15.14s | epoch loss 8.075429 |
-----------------------------------------------------------------------------------------
 [  143] (    0/   24) | ms/batch 315.1543 | loss 9.128496 | avg loss 9.128496 | lr 0.0001000
Relative val loss: 7.33743
Absolute val loss: 7.33743
-----------------------------------------------------------------------------------------
| end of epoch 143 | time: 15.41s | epoch loss 8.228402 |
-----------------------------------------------------------------------------------------
 [  144] (    0/   24) | ms/batch 327.1148 | loss 5.189290 | avg loss 5.189290 | lr 0.0001000
Relative val loss: 7.31731
Absolute val loss: 7.31731
-----------------------------------------------------------------------------------------
| end of epoch 144 | time: 15.15s | epoch loss 8.126972 |
-----------------------------------------------------------------------------------------
 [  145] (    0/   24) | ms/batch 315.3260 | loss 8.040267 | avg loss 8.040267 | lr 0.0001000
Relative val loss: 7.34045
Absolute val loss: 7.34045
-----------------------------------------------------------------------------------------
| end of epoch 145 | time: 15.37s | epoch loss 8.006439 |
-----------------------------------------------------------------------------------------
 [  146] (    0/   24) | ms/batch 312.0492 | loss 7.226921 | avg loss 7.226921 | lr 0.0001000
Relative val loss: 7.30746
Absolute val loss: 7.30746
-----------------------------------------------------------------------------------------
| end of epoch 146 | time: 15.26s | epoch loss 8.333223 |
-----------------------------------------------------------------------------------------
 [  147] (    0/   24) | ms/batch 172.0581 | loss 10.458312 | avg loss 10.458312 | lr 0.0001000
Relative val loss: 7.64216
Absolute val loss: 7.64216
-----------------------------------------------------------------------------------------
| end of epoch 147 | time: 15.22s | epoch loss 7.934550 |
-----------------------------------------------------------------------------------------
 [  148] (    0/   24) | ms/batch 314.8117 | loss 7.991483 | avg loss 7.991483 | lr 0.0001000
Relative val loss: 7.51921
Absolute val loss: 7.51921
-----------------------------------------------------------------------------------------
| end of epoch 148 | time: 15.33s | epoch loss 8.028273 |
-----------------------------------------------------------------------------------------
 [  149] (    0/   24) | ms/batch 314.9149 | loss 7.803116 | avg loss 7.803116 | lr 0.0001000
Relative val loss: 7.32119
Absolute val loss: 7.32119
-----------------------------------------------------------------------------------------
| end of epoch 149 | time: 15.40s | epoch loss 8.083780 |
-----------------------------------------------------------------------------------------
 [  150] (    0/   24) | ms/batch 315.6953 | loss 8.558100 | avg loss 8.558100 | lr 0.0001000
Relative val loss: 7.15234
Absolute val loss: 7.15234
-----------------------------------------------------------------------------------------
| end of epoch 150 | time: 15.49s | epoch loss 8.294518 |
-----------------------------------------------------------------------------------------
