nohup: ignoring input
Argument list to program
--relative_age True
--chronological_age True
--gender_multiplier True
--use_gut_microbiome False
--use_pe_performance False
--use_correlation False
--cropped False
--dataset KG
--data_train /private/workspace/cyt/bone_age_assessment/data/data_yuwei/train
--heatmaps_train /private/workspace/cyt/bone_age_assessment/BA/simba/experiments/best_experiment/KG/with_gender_c_age/HEATMAPS_TRAIN
--ann_path_train /private/workspace/cyt/bone_age_assessment/data/data_yuwei/annotations/train_ann.csv
--rois_path_train /private/workspace/cyt/bone_age_assessment/data/RSNA/annotations/RSNA_Anatomical_ROIs_Training.json
--data_val /private/workspace/cyt/bone_age_assessment/data/data_yuwei/val
--heatmaps_val /private/workspace/cyt/bone_age_assessment/BA/simba/experiments/best_experiment/KG/with_gender_c_age/HEATMAPS_VAL
--ann_path_val /private/workspace/cyt/bone_age_assessment/data/data_yuwei/annotations/val_ann.csv
--rois_path_val /private/workspace/cyt/bone_age_assessment/data/RSNA/annotations/RSNA_Anatomical_ROIs_Validation.json
--trainval True
--save_folder /private/workspace/cyt/bone_age_assessment/BA/simba/experiments/best_experiment/KG/with_gender_c_age
--snapshot /private/workspace/cyt/bone_age_assessment/BA/simba/experiments/best_experiment/KG/with_gender_c_age/boneage_bonet_snapshot.pth
--optim_snapshot /private/workspace/cyt/bone_age_assessment/BA/simba/experiments/best_experiment/KG/with_gender_c_age/boneage_bonet_optim.pth
--eval_first True
--workers 4
--batch_size 20
--epochs 150
--lr 0.0001
--patience 2
--start_epoch 0
--seed 1111
--log_interval 30
--gpu 0
--rank 0



---> Number of params: 123388203
Number of workers:4
Train begins...
Relative val loss: 273148618289.54840
Absolute val loss: 273148618289.54840
 [    0] (    0/   24) | ms/batch 247.0853 | loss 56.648403 | avg loss 56.648403 | lr 0.0001000
Relative val loss: 32.19528
Absolute val loss: 32.19528
-----------------------------------------------------------------------------------------
| end of epoch   0 | time: 14.92s | epoch loss 64.349226 |
-----------------------------------------------------------------------------------------
 [    1] (    0/   24) | ms/batch 140.0084 | loss 30.486694 | avg loss 30.486694 | lr 0.0001000
Relative val loss: 11.06425
Absolute val loss: 11.06425
-----------------------------------------------------------------------------------------
| end of epoch   1 | time: 15.27s | epoch loss 26.906187 |
-----------------------------------------------------------------------------------------
 [    2] (    0/   24) | ms/batch 281.7805 | loss 20.659985 | avg loss 20.659985 | lr 0.0001000
Relative val loss: 11.25550
Absolute val loss: 11.25550
-----------------------------------------------------------------------------------------
| end of epoch   2 | time: 14.75s | epoch loss 20.369073 |
-----------------------------------------------------------------------------------------
 [    3] (    0/   24) | ms/batch 160.4655 | loss 22.337301 | avg loss 22.337301 | lr 0.0001000
Relative val loss: 10.28749
Absolute val loss: 10.28749
-----------------------------------------------------------------------------------------
| end of epoch   3 | time: 14.92s | epoch loss 17.045894 |
-----------------------------------------------------------------------------------------
 [    4] (    0/   24) | ms/batch 160.1374 | loss 12.291518 | avg loss 12.291518 | lr 0.0001000
Relative val loss: 10.94924
Absolute val loss: 10.94924
-----------------------------------------------------------------------------------------
| end of epoch   4 | time: 14.83s | epoch loss 15.272932 |
-----------------------------------------------------------------------------------------
 [    5] (    0/   24) | ms/batch 140.7330 | loss 18.406586 | avg loss 18.406586 | lr 0.0001000
Relative val loss: 10.92477
Absolute val loss: 10.92477
-----------------------------------------------------------------------------------------
| end of epoch   5 | time: 15.38s | epoch loss 17.105893 |
-----------------------------------------------------------------------------------------
 [    6] (    0/   24) | ms/batch 196.3422 | loss 17.794449 | avg loss 17.794449 | lr 0.0001000
Relative val loss: 8.92691
Absolute val loss: 8.92691
-----------------------------------------------------------------------------------------
| end of epoch   6 | time: 15.04s | epoch loss 15.638571 |
-----------------------------------------------------------------------------------------
 [    7] (    0/   24) | ms/batch 159.6205 | loss 14.480725 | avg loss 14.480725 | lr 0.0001000
Relative val loss: 8.70791
Absolute val loss: 8.70791
-----------------------------------------------------------------------------------------
| end of epoch   7 | time: 15.29s | epoch loss 14.564617 |
-----------------------------------------------------------------------------------------
 [    8] (    0/   24) | ms/batch 159.4143 | loss 10.117699 | avg loss 10.117699 | lr 0.0001000
Relative val loss: 10.49253
Absolute val loss: 10.49253
-----------------------------------------------------------------------------------------
| end of epoch   8 | time: 15.49s | epoch loss 13.863757 |
-----------------------------------------------------------------------------------------
 [    9] (    0/   24) | ms/batch 276.9549 | loss 11.618710 | avg loss 11.618710 | lr 0.0001000
Relative val loss: 8.04323
Absolute val loss: 8.04323
-----------------------------------------------------------------------------------------
| end of epoch   9 | time: 15.54s | epoch loss 13.990006 |
-----------------------------------------------------------------------------------------
 [   10] (    0/   24) | ms/batch 141.1638 | loss 13.125827 | avg loss 13.125827 | lr 0.0001000
Relative val loss: 12.53432
Absolute val loss: 12.53432
-----------------------------------------------------------------------------------------
| end of epoch  10 | time: 16.09s | epoch loss 13.543432 |
-----------------------------------------------------------------------------------------
 [   11] (    0/   24) | ms/batch 295.6121 | loss 14.859550 | avg loss 14.859550 | lr 0.0001000
Relative val loss: 8.52125
Absolute val loss: 8.52125
-----------------------------------------------------------------------------------------
| end of epoch  11 | time: 14.99s | epoch loss 11.692134 |
-----------------------------------------------------------------------------------------
 [   12] (    0/   24) | ms/batch 140.9185 | loss 12.062407 | avg loss 12.062407 | lr 0.0001000
Relative val loss: 8.74051
Absolute val loss: 8.74051
-----------------------------------------------------------------------------------------
| end of epoch  12 | time: 14.47s | epoch loss 13.785472 |
-----------------------------------------------------------------------------------------
 [   13] (    0/   24) | ms/batch 141.1781 | loss 12.845530 | avg loss 12.845530 | lr 0.0001000
Relative val loss: 7.91636
Absolute val loss: 7.91636
-----------------------------------------------------------------------------------------
| end of epoch  13 | time: 14.72s | epoch loss 13.248984 |
-----------------------------------------------------------------------------------------
 [   14] (    0/   24) | ms/batch 140.8255 | loss 11.985938 | avg loss 11.985938 | lr 0.0001000
Relative val loss: 10.28459
Absolute val loss: 10.28459
-----------------------------------------------------------------------------------------
| end of epoch  14 | time: 14.98s | epoch loss 11.626389 |
-----------------------------------------------------------------------------------------
 [   15] (    0/   24) | ms/batch 141.2089 | loss 11.843324 | avg loss 11.843324 | lr 0.0001000
Relative val loss: 8.95477
Absolute val loss: 8.95477
-----------------------------------------------------------------------------------------
| end of epoch  15 | time: 15.40s | epoch loss 13.195668 |
-----------------------------------------------------------------------------------------
 [   16] (    0/   24) | ms/batch 140.6777 | loss 12.782269 | avg loss 12.782269 | lr 0.0001000
Relative val loss: 7.47553
Absolute val loss: 7.47553
-----------------------------------------------------------------------------------------
| end of epoch  16 | time: 15.31s | epoch loss 11.337922 |
-----------------------------------------------------------------------------------------
 [   17] (    0/   24) | ms/batch 280.0102 | loss 8.705169 | avg loss 8.705169 | lr 0.0001000
Relative val loss: 7.80299
Absolute val loss: 7.80299
-----------------------------------------------------------------------------------------
| end of epoch  17 | time: 15.00s | epoch loss 10.640210 |
-----------------------------------------------------------------------------------------
 [   18] (    0/   24) | ms/batch 290.3726 | loss 11.158533 | avg loss 11.158533 | lr 0.0001000
Relative val loss: 10.17318
Absolute val loss: 10.17318
-----------------------------------------------------------------------------------------
| end of epoch  18 | time: 15.06s | epoch loss 10.148852 |
-----------------------------------------------------------------------------------------
 [   19] (    0/   24) | ms/batch 278.3928 | loss 16.972235 | avg loss 16.972235 | lr 0.0001000
Relative val loss: 8.89923
Absolute val loss: 8.89923
-----------------------------------------------------------------------------------------
| end of epoch  19 | time: 15.70s | epoch loss 11.710466 |
-----------------------------------------------------------------------------------------
 [   20] (    0/   24) | ms/batch 285.4519 | loss 9.419101 | avg loss 9.419101 | lr 0.0001000
Relative val loss: 8.47415
Absolute val loss: 8.47415
-----------------------------------------------------------------------------------------
| end of epoch  20 | time: 16.23s | epoch loss 9.739383 |
-----------------------------------------------------------------------------------------
 [   21] (    0/   24) | ms/batch 281.9684 | loss 13.233932 | avg loss 13.233932 | lr 0.0001000
Relative val loss: 8.32667
Absolute val loss: 8.32667
-----------------------------------------------------------------------------------------
| end of epoch  21 | time: 15.55s | epoch loss 12.770293 |
-----------------------------------------------------------------------------------------
 [   22] (    0/   24) | ms/batch 140.5821 | loss 8.714965 | avg loss 8.714965 | lr 0.0001000
Relative val loss: 8.03100
Absolute val loss: 8.03100
-----------------------------------------------------------------------------------------
| end of epoch  22 | time: 15.62s | epoch loss 10.903575 |
-----------------------------------------------------------------------------------------
 [   23] (    0/   24) | ms/batch 140.6200 | loss 6.259780 | avg loss 6.259780 | lr 0.0001000
Relative val loss: 8.09670
Absolute val loss: 8.09670
-----------------------------------------------------------------------------------------
| end of epoch  23 | time: 15.67s | epoch loss 10.546426 |
-----------------------------------------------------------------------------------------
 [   24] (    0/   24) | ms/batch 140.8393 | loss 12.301025 | avg loss 12.301025 | lr 0.0001000
Relative val loss: 8.39698
Absolute val loss: 8.39698
-----------------------------------------------------------------------------------------
| end of epoch  24 | time: 15.06s | epoch loss 9.879176 |
-----------------------------------------------------------------------------------------
 [   25] (    0/   24) | ms/batch 141.0885 | loss 10.058451 | avg loss 10.058451 | lr 0.0001000
Relative val loss: 7.52509
Absolute val loss: 7.52509
-----------------------------------------------------------------------------------------
| end of epoch  25 | time: 15.28s | epoch loss 10.312378 |
-----------------------------------------------------------------------------------------
 [   26] (    0/   24) | ms/batch 140.5487 | loss 8.076474 | avg loss 8.076474 | lr 0.0001000
Relative val loss: 9.61277
Absolute val loss: 9.61277
-----------------------------------------------------------------------------------------
| end of epoch  26 | time: 16.39s | epoch loss 10.702020 |
-----------------------------------------------------------------------------------------
 [   27] (    0/   24) | ms/batch 169.8344 | loss 9.354852 | avg loss 9.354852 | lr 0.0001000
Relative val loss: 10.85259
Absolute val loss: 10.85259
-----------------------------------------------------------------------------------------
| end of epoch  27 | time: 15.21s | epoch loss 11.352883 |
-----------------------------------------------------------------------------------------
 [   28] (    0/   24) | ms/batch 147.8128 | loss 10.145411 | avg loss 10.145411 | lr 0.0001000
Relative val loss: 8.08100
Absolute val loss: 8.08100
-----------------------------------------------------------------------------------------
| end of epoch  28 | time: 14.74s | epoch loss 9.997426 |
-----------------------------------------------------------------------------------------
 [   29] (    0/   24) | ms/batch 194.1319 | loss 10.331157 | avg loss 10.331157 | lr 0.0001000
Relative val loss: 8.18736
Absolute val loss: 8.18736
-----------------------------------------------------------------------------------------
| end of epoch  29 | time: 15.10s | epoch loss 9.360722 |
-----------------------------------------------------------------------------------------
 [   30] (    0/   24) | ms/batch 150.3832 | loss 9.702682 | avg loss 9.702682 | lr 0.0001000
Relative val loss: 8.71897
Absolute val loss: 8.71897
-----------------------------------------------------------------------------------------
| end of epoch  30 | time: 15.02s | epoch loss 9.747748 |
-----------------------------------------------------------------------------------------
 [   31] (    0/   24) | ms/batch 145.3314 | loss 11.213729 | avg loss 11.213729 | lr 0.0001000
Relative val loss: 7.23476
Absolute val loss: 7.23476
-----------------------------------------------------------------------------------------
| end of epoch  31 | time: 15.41s | epoch loss 9.002651 |
-----------------------------------------------------------------------------------------
 [   32] (    0/   24) | ms/batch 197.7355 | loss 7.975703 | avg loss 7.975703 | lr 0.0001000
Relative val loss: 7.42026
Absolute val loss: 7.42026
-----------------------------------------------------------------------------------------
| end of epoch  32 | time: 15.22s | epoch loss 9.225903 |
-----------------------------------------------------------------------------------------
 [   33] (    0/   24) | ms/batch 140.6646 | loss 8.813895 | avg loss 8.813895 | lr 0.0001000
Relative val loss: 7.65246
Absolute val loss: 7.65246
-----------------------------------------------------------------------------------------
| end of epoch  33 | time: 15.89s | epoch loss 9.652734 |
-----------------------------------------------------------------------------------------
 [   34] (    0/   24) | ms/batch 187.9518 | loss 8.654022 | avg loss 8.654022 | lr 0.0001000
Relative val loss: 8.23469
Absolute val loss: 8.23469
-----------------------------------------------------------------------------------------
| end of epoch  34 | time: 14.95s | epoch loss 8.979511 |
-----------------------------------------------------------------------------------------
 [   35] (    0/   24) | ms/batch 185.1096 | loss 14.329547 | avg loss 14.329547 | lr 0.0001000
Relative val loss: 9.03326
Absolute val loss: 9.03325
-----------------------------------------------------------------------------------------
| end of epoch  35 | time: 15.06s | epoch loss 9.534882 |
-----------------------------------------------------------------------------------------
 [   36] (    0/   24) | ms/batch 195.8323 | loss 10.218875 | avg loss 10.218875 | lr 0.0001000
Relative val loss: 8.00055
Absolute val loss: 8.00055
-----------------------------------------------------------------------------------------
| end of epoch  36 | time: 15.22s | epoch loss 8.921578 |
-----------------------------------------------------------------------------------------
 [   37] (    0/   24) | ms/batch 219.0928 | loss 8.781421 | avg loss 8.781421 | lr 0.0001000
Relative val loss: 8.10724
Absolute val loss: 8.10724
-----------------------------------------------------------------------------------------
| end of epoch  37 | time: 14.91s | epoch loss 8.801301 |
-----------------------------------------------------------------------------------------
 [   38] (    0/   24) | ms/batch 185.9336 | loss 6.835293 | avg loss 6.835293 | lr 0.0001000
Relative val loss: 8.07419
Absolute val loss: 8.07419
-----------------------------------------------------------------------------------------
| end of epoch  38 | time: 15.15s | epoch loss 9.342030 |
-----------------------------------------------------------------------------------------
 [   39] (    0/   24) | ms/batch 141.1448 | loss 8.752970 | avg loss 8.752970 | lr 0.0001000
Relative val loss: 8.34284
Absolute val loss: 8.34284
-----------------------------------------------------------------------------------------
| end of epoch  39 | time: 14.73s | epoch loss 9.188328 |
-----------------------------------------------------------------------------------------
 [   40] (    0/   24) | ms/batch 263.9413 | loss 11.360431 | avg loss 11.360431 | lr 0.0001000
Relative val loss: 10.01549
Absolute val loss: 10.01549
-----------------------------------------------------------------------------------------
| end of epoch  40 | time: 15.75s | epoch loss 9.059955 |
-----------------------------------------------------------------------------------------
 [   41] (    0/   24) | ms/batch 284.6766 | loss 9.273566 | avg loss 9.273566 | lr 0.0001000
Relative val loss: 7.73300
Absolute val loss: 7.73300
-----------------------------------------------------------------------------------------
| end of epoch  41 | time: 15.14s | epoch loss 9.517359 |
-----------------------------------------------------------------------------------------
 [   42] (    0/   24) | ms/batch 140.9540 | loss 9.113925 | avg loss 9.113925 | lr 0.0001000
Relative val loss: 8.28447
Absolute val loss: 8.28447
-----------------------------------------------------------------------------------------
| end of epoch  42 | time: 15.06s | epoch loss 8.735877 |
-----------------------------------------------------------------------------------------
 [   43] (    0/   24) | ms/batch 151.7265 | loss 10.043585 | avg loss 10.043585 | lr 0.0001000
Relative val loss: 7.35538
Absolute val loss: 7.35538
-----------------------------------------------------------------------------------------
| end of epoch  43 | time: 15.20s | epoch loss 8.398728 |
-----------------------------------------------------------------------------------------
 [   44] (    0/   24) | ms/batch 141.0499 | loss 8.026460 | avg loss 8.026460 | lr 0.0001000
Relative val loss: 7.57441
Absolute val loss: 7.57441
-----------------------------------------------------------------------------------------
| end of epoch  44 | time: 15.04s | epoch loss 9.193428 |
-----------------------------------------------------------------------------------------
 [   45] (    0/   24) | ms/batch 283.9022 | loss 8.897730 | avg loss 8.897730 | lr 0.0001000
Relative val loss: 7.67722
Absolute val loss: 7.67722
-----------------------------------------------------------------------------------------
| end of epoch  45 | time: 15.25s | epoch loss 9.340121 |
-----------------------------------------------------------------------------------------
 [   46] (    0/   24) | ms/batch 206.3682 | loss 8.003179 | avg loss 8.003179 | lr 0.0001000
Relative val loss: 9.00838
Absolute val loss: 9.00838
-----------------------------------------------------------------------------------------
| end of epoch  46 | time: 14.98s | epoch loss 8.336396 |
-----------------------------------------------------------------------------------------
 [   47] (    0/   24) | ms/batch 282.2363 | loss 13.368289 | avg loss 13.368289 | lr 0.0001000
Relative val loss: 7.86521
Absolute val loss: 7.86521
-----------------------------------------------------------------------------------------
| end of epoch  47 | time: 15.02s | epoch loss 9.229800 |
-----------------------------------------------------------------------------------------
 [   48] (    0/   24) | ms/batch 140.9700 | loss 8.297360 | avg loss 8.297360 | lr 0.0001000
Relative val loss: 7.58408
Absolute val loss: 7.58408
-----------------------------------------------------------------------------------------
| end of epoch  48 | time: 15.89s | epoch loss 8.630315 |
-----------------------------------------------------------------------------------------
 [   49] (    0/   24) | ms/batch 274.6389 | loss 7.900250 | avg loss 7.900250 | lr 0.0001000
Relative val loss: 7.62787
Absolute val loss: 7.62787
-----------------------------------------------------------------------------------------
| end of epoch  49 | time: 15.28s | epoch loss 8.577727 |
-----------------------------------------------------------------------------------------
 [   50] (    0/   24) | ms/batch 281.1909 | loss 8.644297 | avg loss 8.644297 | lr 0.0001000
Relative val loss: 7.83545
Absolute val loss: 7.83545
-----------------------------------------------------------------------------------------
| end of epoch  50 | time: 15.19s | epoch loss 8.784359 |
-----------------------------------------------------------------------------------------
 [   51] (    0/   24) | ms/batch 282.2099 | loss 9.862121 | avg loss 9.862121 | lr 0.0001000
Relative val loss: 7.93935
Absolute val loss: 7.93935
-----------------------------------------------------------------------------------------
| end of epoch  51 | time: 14.53s | epoch loss 9.510437 |
-----------------------------------------------------------------------------------------
 [   52] (    0/   24) | ms/batch 171.4342 | loss 9.715018 | avg loss 9.715018 | lr 0.0001000
Relative val loss: 7.85309
Absolute val loss: 7.85309
-----------------------------------------------------------------------------------------
| end of epoch  52 | time: 16.34s | epoch loss 9.101988 |
-----------------------------------------------------------------------------------------
 [   53] (    0/   24) | ms/batch 140.1215 | loss 10.458204 | avg loss 10.458204 | lr 0.0001000
Relative val loss: 7.61089
Absolute val loss: 7.61089
-----------------------------------------------------------------------------------------
| end of epoch  53 | time: 15.67s | epoch loss 8.983162 |
-----------------------------------------------------------------------------------------
 [   54] (    0/   24) | ms/batch 282.3827 | loss 10.654554 | avg loss 10.654554 | lr 0.0001000
Relative val loss: 7.52615
Absolute val loss: 7.52615
-----------------------------------------------------------------------------------------
| end of epoch  54 | time: 15.95s | epoch loss 8.822834 |
-----------------------------------------------------------------------------------------
 [   55] (    0/   24) | ms/batch 141.3078 | loss 9.458722 | avg loss 9.458722 | lr 0.0001000
Relative val loss: 7.55296
Absolute val loss: 7.55296
-----------------------------------------------------------------------------------------
| end of epoch  55 | time: 15.19s | epoch loss 9.034764 |
-----------------------------------------------------------------------------------------
 [   56] (    0/   24) | ms/batch 140.9280 | loss 8.354156 | avg loss 8.354156 | lr 0.0001000
Relative val loss: 8.14751
Absolute val loss: 8.14751
-----------------------------------------------------------------------------------------
| end of epoch  56 | time: 15.84s | epoch loss 9.745802 |
-----------------------------------------------------------------------------------------
 [   57] (    0/   24) | ms/batch 141.0325 | loss 9.047961 | avg loss 9.047961 | lr 0.0001000
Relative val loss: 7.70780
Absolute val loss: 7.70780
-----------------------------------------------------------------------------------------
| end of epoch  57 | time: 15.16s | epoch loss 8.495015 |
-----------------------------------------------------------------------------------------
 [   58] (    0/   24) | ms/batch 141.1600 | loss 9.796416 | avg loss 9.796416 | lr 0.0001000
Relative val loss: 7.83211
Absolute val loss: 7.83211
-----------------------------------------------------------------------------------------
| end of epoch  58 | time: 15.95s | epoch loss 8.959739 |
-----------------------------------------------------------------------------------------
 [   59] (    0/   24) | ms/batch 140.5239 | loss 8.766223 | avg loss 8.766223 | lr 0.0001000
Relative val loss: 7.68675
Absolute val loss: 7.68675
-----------------------------------------------------------------------------------------
| end of epoch  59 | time: 15.08s | epoch loss 8.935245 |
-----------------------------------------------------------------------------------------
 [   60] (    0/   24) | ms/batch 140.4738 | loss 10.423813 | avg loss 10.423813 | lr 0.0001000
Relative val loss: 7.58895
Absolute val loss: 7.58895
-----------------------------------------------------------------------------------------
| end of epoch  60 | time: 16.08s | epoch loss 8.956674 |
-----------------------------------------------------------------------------------------
 [   61] (    0/   24) | ms/batch 272.5313 | loss 9.004850 | avg loss 9.004850 | lr 0.0001000
Relative val loss: 7.34853
Absolute val loss: 7.34853
-----------------------------------------------------------------------------------------
| end of epoch  61 | time: 15.41s | epoch loss 8.548095 |
-----------------------------------------------------------------------------------------
 [   62] (    0/   24) | ms/batch 218.8761 | loss 9.744541 | avg loss 9.744541 | lr 0.0001000
Relative val loss: 7.31014
Absolute val loss: 7.31014
-----------------------------------------------------------------------------------------
| end of epoch  62 | time: 15.34s | epoch loss 8.334706 |
-----------------------------------------------------------------------------------------
 [   63] (    0/   24) | ms/batch 288.7554 | loss 8.370016 | avg loss 8.370016 | lr 0.0001000
Relative val loss: 7.44200
Absolute val loss: 7.44200
-----------------------------------------------------------------------------------------
| end of epoch  63 | time: 15.74s | epoch loss 8.342885 |
-----------------------------------------------------------------------------------------
 [   64] (    0/   24) | ms/batch 288.1544 | loss 9.151053 | avg loss 9.151053 | lr 0.0001000
Relative val loss: 7.99842
Absolute val loss: 7.99842
-----------------------------------------------------------------------------------------
| end of epoch  64 | time: 14.89s | epoch loss 8.486817 |
-----------------------------------------------------------------------------------------
 [   65] (    0/   24) | ms/batch 233.3446 | loss 7.676541 | avg loss 7.676541 | lr 0.0001000
Relative val loss: 7.54750
Absolute val loss: 7.54750
-----------------------------------------------------------------------------------------
| end of epoch  65 | time: 15.38s | epoch loss 8.160849 |
-----------------------------------------------------------------------------------------
 [   66] (    0/   24) | ms/batch 140.8882 | loss 6.133256 | avg loss 6.133256 | lr 0.0001000
Relative val loss: 7.75852
Absolute val loss: 7.75852
-----------------------------------------------------------------------------------------
| end of epoch  66 | time: 15.13s | epoch loss 8.637793 |
-----------------------------------------------------------------------------------------
 [   67] (    0/   24) | ms/batch 140.8536 | loss 7.937918 | avg loss 7.937918 | lr 0.0001000
Relative val loss: 7.39191
Absolute val loss: 7.39191
-----------------------------------------------------------------------------------------
| end of epoch  67 | time: 15.57s | epoch loss 8.793904 |
-----------------------------------------------------------------------------------------
 [   68] (    0/   24) | ms/batch 285.4784 | loss 9.026488 | avg loss 9.026488 | lr 0.0001000
Relative val loss: 7.77454
Absolute val loss: 7.77454
-----------------------------------------------------------------------------------------
| end of epoch  68 | time: 15.34s | epoch loss 8.305281 |
-----------------------------------------------------------------------------------------
 [   69] (    0/   24) | ms/batch 283.1252 | loss 8.630717 | avg loss 8.630717 | lr 0.0001000
Relative val loss: 7.41031
Absolute val loss: 7.41031
-----------------------------------------------------------------------------------------
| end of epoch  69 | time: 15.44s | epoch loss 8.369856 |
-----------------------------------------------------------------------------------------
 [   70] (    0/   24) | ms/batch 140.8761 | loss 7.667819 | avg loss 7.667819 | lr 0.0001000
Relative val loss: 8.03829
Absolute val loss: 8.03829
-----------------------------------------------------------------------------------------
| end of epoch  70 | time: 15.93s | epoch loss 8.737465 |
-----------------------------------------------------------------------------------------
 [   71] (    0/   24) | ms/batch 280.5016 | loss 7.504901 | avg loss 7.504901 | lr 0.0001000
Relative val loss: 7.51296
Absolute val loss: 7.51296
-----------------------------------------------------------------------------------------
| end of epoch  71 | time: 15.29s | epoch loss 8.900115 |
-----------------------------------------------------------------------------------------
 [   72] (    0/   24) | ms/batch 140.6474 | loss 8.422050 | avg loss 8.422050 | lr 0.0001000
Relative val loss: 7.23001
Absolute val loss: 7.23001
-----------------------------------------------------------------------------------------
| end of epoch  72 | time: 15.40s | epoch loss 8.286435 |
-----------------------------------------------------------------------------------------
 [   73] (    0/   24) | ms/batch 139.9612 | loss 7.979618 | avg loss 7.979618 | lr 0.0001000
Relative val loss: 7.43496
Absolute val loss: 7.43496
-----------------------------------------------------------------------------------------
| end of epoch  73 | time: 15.29s | epoch loss 8.127575 |
-----------------------------------------------------------------------------------------
 [   74] (    0/   24) | ms/batch 140.9807 | loss 7.919273 | avg loss 7.919273 | lr 0.0001000
Relative val loss: 7.67733
Absolute val loss: 7.67733
-----------------------------------------------------------------------------------------
| end of epoch  74 | time: 15.85s | epoch loss 8.367606 |
-----------------------------------------------------------------------------------------
 [   75] (    0/   24) | ms/batch 141.0844 | loss 8.071387 | avg loss 8.071387 | lr 0.0001000
Relative val loss: 7.54527
Absolute val loss: 7.54527
-----------------------------------------------------------------------------------------
| end of epoch  75 | time: 14.98s | epoch loss 8.069260 |
-----------------------------------------------------------------------------------------
 [   76] (    0/   24) | ms/batch 140.8324 | loss 9.357284 | avg loss 9.357284 | lr 0.0001000
Relative val loss: 7.22458
Absolute val loss: 7.22458
-----------------------------------------------------------------------------------------
| end of epoch  76 | time: 15.67s | epoch loss 8.919779 |
-----------------------------------------------------------------------------------------
 [   77] (    0/   24) | ms/batch 141.2435 | loss 7.781949 | avg loss 7.781949 | lr 0.0001000
Relative val loss: 7.84162
Absolute val loss: 7.84162
-----------------------------------------------------------------------------------------
| end of epoch  77 | time: 15.18s | epoch loss 8.292441 |
-----------------------------------------------------------------------------------------
 [   78] (    0/   24) | ms/batch 141.1452 | loss 11.451550 | avg loss 11.451550 | lr 0.0001000
Relative val loss: 8.16350
Absolute val loss: 8.16350
-----------------------------------------------------------------------------------------
| end of epoch  78 | time: 15.69s | epoch loss 8.314863 |
-----------------------------------------------------------------------------------------
 [   79] (    0/   24) | ms/batch 156.8961 | loss 8.567246 | avg loss 8.567246 | lr 0.0001000
Relative val loss: 7.55549
Absolute val loss: 7.55549
-----------------------------------------------------------------------------------------
| end of epoch  79 | time: 15.39s | epoch loss 8.465778 |
-----------------------------------------------------------------------------------------
 [   80] (    0/   24) | ms/batch 157.6271 | loss 7.548894 | avg loss 7.548894 | lr 0.0001000
Relative val loss: 8.00949
Absolute val loss: 8.00949
-----------------------------------------------------------------------------------------
| end of epoch  80 | time: 15.42s | epoch loss 8.980149 |
-----------------------------------------------------------------------------------------
 [   81] (    0/   24) | ms/batch 141.0718 | loss 7.954820 | avg loss 7.954820 | lr 0.0001000
Relative val loss: 7.73033
Absolute val loss: 7.73033
-----------------------------------------------------------------------------------------
| end of epoch  81 | time: 15.13s | epoch loss 8.050782 |
-----------------------------------------------------------------------------------------
 [   82] (    0/   24) | ms/batch 158.2725 | loss 6.245090 | avg loss 6.245090 | lr 0.0001000
Relative val loss: 7.63904
Absolute val loss: 7.63904
-----------------------------------------------------------------------------------------
| end of epoch  82 | time: 15.53s | epoch loss 8.267873 |
-----------------------------------------------------------------------------------------
 [   83] (    0/   24) | ms/batch 141.1469 | loss 9.001568 | avg loss 9.001568 | lr 0.0001000
Relative val loss: 7.80518
Absolute val loss: 7.80518
-----------------------------------------------------------------------------------------
| end of epoch  83 | time: 15.44s | epoch loss 8.223078 |
-----------------------------------------------------------------------------------------
 [   84] (    0/   24) | ms/batch 141.2206 | loss 7.098802 | avg loss 7.098802 | lr 0.0001000
Relative val loss: 7.51330
Absolute val loss: 7.51330
-----------------------------------------------------------------------------------------
| end of epoch  84 | time: 15.35s | epoch loss 8.672905 |
-----------------------------------------------------------------------------------------
 [   85] (    0/   24) | ms/batch 140.7540 | loss 8.029568 | avg loss 8.029568 | lr 0.0001000
Relative val loss: 7.45134
Absolute val loss: 7.45134
-----------------------------------------------------------------------------------------
| end of epoch  85 | time: 15.07s | epoch loss 8.255692 |
-----------------------------------------------------------------------------------------
 [   86] (    0/   24) | ms/batch 141.2613 | loss 8.880981 | avg loss 8.880981 | lr 0.0001000
Relative val loss: 7.46373
Absolute val loss: 7.46373
-----------------------------------------------------------------------------------------
| end of epoch  86 | time: 15.24s | epoch loss 8.948112 |
-----------------------------------------------------------------------------------------
 [   87] (    0/   24) | ms/batch 141.0758 | loss 11.469964 | avg loss 11.469964 | lr 0.0001000
Relative val loss: 7.51674
Absolute val loss: 7.51674
-----------------------------------------------------------------------------------------
| end of epoch  87 | time: 15.14s | epoch loss 8.597518 |
-----------------------------------------------------------------------------------------
 [   88] (    0/   24) | ms/batch 141.3867 | loss 6.600452 | avg loss 6.600452 | lr 0.0001000
Relative val loss: 7.59434
Absolute val loss: 7.59434
-----------------------------------------------------------------------------------------
| end of epoch  88 | time: 15.09s | epoch loss 8.441467 |
-----------------------------------------------------------------------------------------
 [   89] (    0/   24) | ms/batch 141.4666 | loss 7.081192 | avg loss 7.081192 | lr 0.0001000
Relative val loss: 7.40900
Absolute val loss: 7.40900
-----------------------------------------------------------------------------------------
| end of epoch  89 | time: 15.09s | epoch loss 8.210773 |
-----------------------------------------------------------------------------------------
 [   90] (    0/   24) | ms/batch 141.0263 | loss 12.327269 | avg loss 12.327269 | lr 0.0001000
Relative val loss: 7.41880
Absolute val loss: 7.41880
-----------------------------------------------------------------------------------------
| end of epoch  90 | time: 15.08s | epoch loss 8.229583 |
-----------------------------------------------------------------------------------------
 [   91] (    0/   24) | ms/batch 140.8200 | loss 9.038034 | avg loss 9.038034 | lr 0.0001000
Relative val loss: 7.49445
Absolute val loss: 7.49445
-----------------------------------------------------------------------------------------
| end of epoch  91 | time: 15.10s | epoch loss 9.069654 |
-----------------------------------------------------------------------------------------
 [   92] (    0/   24) | ms/batch 140.8017 | loss 8.439672 | avg loss 8.439672 | lr 0.0001000
Relative val loss: 7.99143
Absolute val loss: 7.99143
-----------------------------------------------------------------------------------------
| end of epoch  92 | time: 15.69s | epoch loss 8.035119 |
-----------------------------------------------------------------------------------------
 [   93] (    0/   24) | ms/batch 140.3060 | loss 8.183934 | avg loss 8.183934 | lr 0.0001000
Relative val loss: 7.28870
Absolute val loss: 7.28870
-----------------------------------------------------------------------------------------
| end of epoch  93 | time: 15.74s | epoch loss 8.020865 |
-----------------------------------------------------------------------------------------
 [   94] (    0/   24) | ms/batch 142.2801 | loss 8.834219 | avg loss 8.834219 | lr 0.0001000
Relative val loss: 8.83081
Absolute val loss: 8.83081
-----------------------------------------------------------------------------------------
| end of epoch  94 | time: 15.04s | epoch loss 8.296669 |
-----------------------------------------------------------------------------------------
 [   95] (    0/   24) | ms/batch 140.1045 | loss 8.516950 | avg loss 8.516950 | lr 0.0001000
Relative val loss: 8.16362
Absolute val loss: 8.16362
-----------------------------------------------------------------------------------------
| end of epoch  95 | time: 15.25s | epoch loss 8.657690 |
-----------------------------------------------------------------------------------------
 [   96] (    0/   24) | ms/batch 140.8792 | loss 7.407857 | avg loss 7.407857 | lr 0.0001000
Relative val loss: 7.43264
Absolute val loss: 7.43264
-----------------------------------------------------------------------------------------
| end of epoch  96 | time: 15.19s | epoch loss 8.858606 |
-----------------------------------------------------------------------------------------
 [   97] (    0/   24) | ms/batch 141.0980 | loss 7.819622 | avg loss 7.819622 | lr 0.0001000
Relative val loss: 7.65641
Absolute val loss: 7.65641
-----------------------------------------------------------------------------------------
| end of epoch  97 | time: 15.78s | epoch loss 8.722969 |
-----------------------------------------------------------------------------------------
 [   98] (    0/   24) | ms/batch 140.9180 | loss 10.574948 | avg loss 10.574948 | lr 0.0001000
Relative val loss: 7.62020
Absolute val loss: 7.62020
-----------------------------------------------------------------------------------------
| end of epoch  98 | time: 14.94s | epoch loss 8.613354 |
-----------------------------------------------------------------------------------------
 [   99] (    0/   24) | ms/batch 141.2327 | loss 9.500828 | avg loss 9.500828 | lr 0.0001000
Relative val loss: 7.77851
Absolute val loss: 7.77850
-----------------------------------------------------------------------------------------
| end of epoch  99 | time: 15.49s | epoch loss 8.549182 |
-----------------------------------------------------------------------------------------
 [  100] (    0/   24) | ms/batch 160.5527 | loss 7.935332 | avg loss 7.935332 | lr 0.0001000
Relative val loss: 7.42073
Absolute val loss: 7.42073
-----------------------------------------------------------------------------------------
| end of epoch 100 | time: 15.41s | epoch loss 8.361473 |
-----------------------------------------------------------------------------------------
 [  101] (    0/   24) | ms/batch 140.2512 | loss 9.059397 | avg loss 9.059397 | lr 0.0001000
Relative val loss: 7.84312
Absolute val loss: 7.84312
-----------------------------------------------------------------------------------------
| end of epoch 101 | time: 15.27s | epoch loss 8.380560 |
-----------------------------------------------------------------------------------------
 [  102] (    0/   24) | ms/batch 144.3932 | loss 11.357568 | avg loss 11.357568 | lr 0.0001000
Relative val loss: 7.77301
Absolute val loss: 7.77301
-----------------------------------------------------------------------------------------
| end of epoch 102 | time: 14.96s | epoch loss 8.567482 |
-----------------------------------------------------------------------------------------
 [  103] (    0/   24) | ms/batch 140.6589 | loss 9.302752 | avg loss 9.302752 | lr 0.0001000
Relative val loss: 7.65830
Absolute val loss: 7.65830
-----------------------------------------------------------------------------------------
| end of epoch 103 | time: 15.28s | epoch loss 8.338774 |
-----------------------------------------------------------------------------------------
 [  104] (    0/   24) | ms/batch 141.1211 | loss 7.186059 | avg loss 7.186059 | lr 0.0001000
Relative val loss: 8.29283
Absolute val loss: 8.29283
-----------------------------------------------------------------------------------------
| end of epoch 104 | time: 15.18s | epoch loss 8.763501 |
-----------------------------------------------------------------------------------------
 [  105] (    0/   24) | ms/batch 149.2586 | loss 8.224121 | avg loss 8.224121 | lr 0.0001000
Relative val loss: 7.10559
Absolute val loss: 7.10559
-----------------------------------------------------------------------------------------
| end of epoch 105 | time: 14.94s | epoch loss 8.526557 |
-----------------------------------------------------------------------------------------
 [  106] (    0/   24) | ms/batch 235.7712 | loss 8.450345 | avg loss 8.450345 | lr 0.0001000
Relative val loss: 7.43458
Absolute val loss: 7.43458
-----------------------------------------------------------------------------------------
| end of epoch 106 | time: 15.28s | epoch loss 8.316673 |
-----------------------------------------------------------------------------------------
 [  107] (    0/   24) | ms/batch 192.4534 | loss 9.246124 | avg loss 9.246124 | lr 0.0001000
Relative val loss: 7.10991
Absolute val loss: 7.10991
-----------------------------------------------------------------------------------------
| end of epoch 107 | time: 15.02s | epoch loss 8.136430 |
-----------------------------------------------------------------------------------------
 [  108] (    0/   24) | ms/batch 182.8241 | loss 10.326052 | avg loss 10.326052 | lr 0.0001000
Relative val loss: 7.86762
Absolute val loss: 7.86762
-----------------------------------------------------------------------------------------
| end of epoch 108 | time: 14.85s | epoch loss 8.426432 |
-----------------------------------------------------------------------------------------
 [  109] (    0/   24) | ms/batch 191.0136 | loss 6.820123 | avg loss 6.820123 | lr 0.0001000
Relative val loss: 7.70229
Absolute val loss: 7.70229
-----------------------------------------------------------------------------------------
| end of epoch 109 | time: 15.26s | epoch loss 8.728558 |
-----------------------------------------------------------------------------------------
 [  110] (    0/   24) | ms/batch 143.6033 | loss 6.223941 | avg loss 6.223941 | lr 0.0001000
Relative val loss: 8.54036
Absolute val loss: 8.54036
-----------------------------------------------------------------------------------------
| end of epoch 110 | time: 15.23s | epoch loss 8.393596 |
-----------------------------------------------------------------------------------------
 [  111] (    0/   24) | ms/batch 183.4102 | loss 7.245066 | avg loss 7.245066 | lr 0.0001000
Relative val loss: 7.24699
Absolute val loss: 7.24699
-----------------------------------------------------------------------------------------
| end of epoch 111 | time: 15.18s | epoch loss 8.334553 |
-----------------------------------------------------------------------------------------
 [  112] (    0/   24) | ms/batch 185.8983 | loss 10.156531 | avg loss 10.156531 | lr 0.0001000
Relative val loss: 7.80490
Absolute val loss: 7.80490
-----------------------------------------------------------------------------------------
| end of epoch 112 | time: 15.07s | epoch loss 8.246922 |
-----------------------------------------------------------------------------------------
 [  113] (    0/   24) | ms/batch 141.1614 | loss 8.431274 | avg loss 8.431274 | lr 0.0001000
Relative val loss: 7.71629
Absolute val loss: 7.71629
-----------------------------------------------------------------------------------------
| end of epoch 113 | time: 15.52s | epoch loss 8.882021 |
-----------------------------------------------------------------------------------------
 [  114] (    0/   24) | ms/batch 160.4228 | loss 6.673560 | avg loss 6.673560 | lr 0.0001000
Relative val loss: 8.01192
Absolute val loss: 8.01192
-----------------------------------------------------------------------------------------
| end of epoch 114 | time: 15.43s | epoch loss 8.531037 |
-----------------------------------------------------------------------------------------
 [  115] (    0/   24) | ms/batch 141.0108 | loss 10.435556 | avg loss 10.435556 | lr 0.0001000
Relative val loss: 7.57104
Absolute val loss: 7.57104
-----------------------------------------------------------------------------------------
| end of epoch 115 | time: 14.95s | epoch loss 9.296670 |
-----------------------------------------------------------------------------------------
 [  116] (    0/   24) | ms/batch 142.0302 | loss 7.254602 | avg loss 7.254602 | lr 0.0001000
Relative val loss: 7.58456
Absolute val loss: 7.58456
-----------------------------------------------------------------------------------------
| end of epoch 116 | time: 14.70s | epoch loss 8.380219 |
-----------------------------------------------------------------------------------------
 [  117] (    0/   24) | ms/batch 141.2451 | loss 7.624669 | avg loss 7.624669 | lr 0.0001000
Relative val loss: 7.48590
Absolute val loss: 7.48590
-----------------------------------------------------------------------------------------
| end of epoch 117 | time: 15.96s | epoch loss 8.103382 |
-----------------------------------------------------------------------------------------
 [  118] (    0/   24) | ms/batch 140.3322 | loss 9.347301 | avg loss 9.347301 | lr 0.0001000
Relative val loss: 7.61929
Absolute val loss: 7.61929
-----------------------------------------------------------------------------------------
| end of epoch 118 | time: 15.09s | epoch loss 8.180783 |
-----------------------------------------------------------------------------------------
 [  119] (    0/   24) | ms/batch 140.1153 | loss 8.328796 | avg loss 8.328796 | lr 0.0001000
Relative val loss: 7.45691
Absolute val loss: 7.45691
-----------------------------------------------------------------------------------------
| end of epoch 119 | time: 15.27s | epoch loss 8.266471 |
-----------------------------------------------------------------------------------------
 [  120] (    0/   24) | ms/batch 140.9576 | loss 8.748550 | avg loss 8.748550 | lr 0.0001000
Relative val loss: 7.49697
Absolute val loss: 7.49697
-----------------------------------------------------------------------------------------
| end of epoch 120 | time: 15.55s | epoch loss 8.244097 |
-----------------------------------------------------------------------------------------
 [  121] (    0/   24) | ms/batch 140.5365 | loss 10.030940 | avg loss 10.030940 | lr 0.0001000
Relative val loss: 7.30041
Absolute val loss: 7.30041
-----------------------------------------------------------------------------------------
| end of epoch 121 | time: 16.15s | epoch loss 8.628707 |
-----------------------------------------------------------------------------------------
 [  122] (    0/   24) | ms/batch 141.0422 | loss 10.947803 | avg loss 10.947803 | lr 0.0001000
Relative val loss: 7.55611
Absolute val loss: 7.55611
-----------------------------------------------------------------------------------------
| end of epoch 122 | time: 15.34s | epoch loss 8.252394 |
-----------------------------------------------------------------------------------------
 [  123] (    0/   24) | ms/batch 160.7718 | loss 9.104106 | avg loss 9.104106 | lr 0.0001000
Relative val loss: 7.55140
Absolute val loss: 7.55140
-----------------------------------------------------------------------------------------
| end of epoch 123 | time: 15.17s | epoch loss 8.825249 |
-----------------------------------------------------------------------------------------
 [  124] (    0/   24) | ms/batch 140.8978 | loss 8.608067 | avg loss 8.608067 | lr 0.0001000
Relative val loss: 8.23001
Absolute val loss: 8.23001
-----------------------------------------------------------------------------------------
| end of epoch 124 | time: 14.77s | epoch loss 8.432923 |
-----------------------------------------------------------------------------------------
 [  125] (    0/   24) | ms/batch 172.1127 | loss 8.851161 | avg loss 8.851161 | lr 0.0001000
Relative val loss: 7.41661
Absolute val loss: 7.41661
-----------------------------------------------------------------------------------------
| end of epoch 125 | time: 15.11s | epoch loss 8.150592 |
-----------------------------------------------------------------------------------------
 [  126] (    0/   24) | ms/batch 282.9540 | loss 9.465757 | avg loss 9.465757 | lr 0.0001000
Relative val loss: 7.31948
Absolute val loss: 7.31948
-----------------------------------------------------------------------------------------
| end of epoch 126 | time: 15.11s | epoch loss 7.811960 |
-----------------------------------------------------------------------------------------
 [  127] (    0/   24) | ms/batch 140.8751 | loss 11.403930 | avg loss 11.403930 | lr 0.0001000
Relative val loss: 7.65783
Absolute val loss: 7.65783
-----------------------------------------------------------------------------------------
| end of epoch 127 | time: 15.55s | epoch loss 7.919908 |
-----------------------------------------------------------------------------------------
 [  128] (    0/   24) | ms/batch 141.1378 | loss 6.073481 | avg loss 6.073481 | lr 0.0001000
Relative val loss: 8.03107
Absolute val loss: 8.03107
-----------------------------------------------------------------------------------------
| end of epoch 128 | time: 15.58s | epoch loss 8.263825 |
-----------------------------------------------------------------------------------------
 [  129] (    0/   24) | ms/batch 283.7179 | loss 9.140468 | avg loss 9.140468 | lr 0.0001000
Relative val loss: 7.37096
Absolute val loss: 7.37096
-----------------------------------------------------------------------------------------
| end of epoch 129 | time: 15.37s | epoch loss 8.400211 |
-----------------------------------------------------------------------------------------
 [  130] (    0/   24) | ms/batch 199.3704 | loss 7.087650 | avg loss 7.087650 | lr 0.0001000
Relative val loss: 8.23279
Absolute val loss: 8.23279
-----------------------------------------------------------------------------------------
| end of epoch 130 | time: 15.23s | epoch loss 8.040532 |
-----------------------------------------------------------------------------------------
 [  131] (    0/   24) | ms/batch 178.8847 | loss 8.742019 | avg loss 8.742019 | lr 0.0001000
Relative val loss: 7.66250
Absolute val loss: 7.66250
-----------------------------------------------------------------------------------------
| end of epoch 131 | time: 15.25s | epoch loss 7.911675 |
-----------------------------------------------------------------------------------------
 [  132] (    0/   24) | ms/batch 193.1245 | loss 9.645549 | avg loss 9.645549 | lr 0.0001000
Relative val loss: 7.46506
Absolute val loss: 7.46506
-----------------------------------------------------------------------------------------
| end of epoch 132 | time: 15.09s | epoch loss 8.452574 |
-----------------------------------------------------------------------------------------
 [  133] (    0/   24) | ms/batch 231.6182 | loss 10.297215 | avg loss 10.297215 | lr 0.0001000
Relative val loss: 7.54568
Absolute val loss: 7.54568
-----------------------------------------------------------------------------------------
| end of epoch 133 | time: 15.46s | epoch loss 7.880628 |
-----------------------------------------------------------------------------------------
 [  134] (    0/   24) | ms/batch 220.3338 | loss 8.516319 | avg loss 8.516319 | lr 0.0001000
Relative val loss: 7.81834
Absolute val loss: 7.81834
-----------------------------------------------------------------------------------------
| end of epoch 134 | time: 14.86s | epoch loss 8.715375 |
-----------------------------------------------------------------------------------------
 [  135] (    0/   24) | ms/batch 192.3244 | loss 9.512787 | avg loss 9.512787 | lr 0.0001000
Relative val loss: 8.28637
Absolute val loss: 8.28637
-----------------------------------------------------------------------------------------
| end of epoch 135 | time: 15.74s | epoch loss 8.411231 |
-----------------------------------------------------------------------------------------
 [  136] (    0/   24) | ms/batch 217.8271 | loss 10.917742 | avg loss 10.917742 | lr 0.0001000
Relative val loss: 7.21896
Absolute val loss: 7.21896
-----------------------------------------------------------------------------------------
| end of epoch 136 | time: 15.63s | epoch loss 8.810419 |
-----------------------------------------------------------------------------------------
 [  137] (    0/   24) | ms/batch 141.0561 | loss 7.777545 | avg loss 7.777545 | lr 0.0001000
Relative val loss: 7.74746
Absolute val loss: 7.74746
-----------------------------------------------------------------------------------------
| end of epoch 137 | time: 15.16s | epoch loss 7.944802 |
-----------------------------------------------------------------------------------------
 [  138] (    0/   24) | ms/batch 140.8989 | loss 7.678883 | avg loss 7.678883 | lr 0.0001000
Relative val loss: 7.40174
Absolute val loss: 7.40174
-----------------------------------------------------------------------------------------
| end of epoch 138 | time: 15.81s | epoch loss 8.644532 |
-----------------------------------------------------------------------------------------
 [  139] (    0/   24) | ms/batch 140.9514 | loss 7.519843 | avg loss 7.519843 | lr 0.0001000
Relative val loss: 7.16479
Absolute val loss: 7.16479
-----------------------------------------------------------------------------------------
| end of epoch 139 | time: 15.21s | epoch loss 8.175779 |
-----------------------------------------------------------------------------------------
 [  140] (    0/   24) | ms/batch 140.9304 | loss 7.907672 | avg loss 7.907672 | lr 0.0001000
Relative val loss: 7.90174
Absolute val loss: 7.90174
-----------------------------------------------------------------------------------------
| end of epoch 140 | time: 16.01s | epoch loss 8.265886 |
-----------------------------------------------------------------------------------------
 [  141] (    0/   24) | ms/batch 141.5620 | loss 10.466939 | avg loss 10.466939 | lr 0.0001000
Relative val loss: 8.03132
Absolute val loss: 8.03132
-----------------------------------------------------------------------------------------
| end of epoch 141 | time: 14.83s | epoch loss 8.466543 |
-----------------------------------------------------------------------------------------
 [  142] (    0/   24) | ms/batch 141.1018 | loss 7.610021 | avg loss 7.610021 | lr 0.0001000
Relative val loss: 7.72247
Absolute val loss: 7.72247
-----------------------------------------------------------------------------------------
| end of epoch 142 | time: 15.09s | epoch loss 8.614319 |
-----------------------------------------------------------------------------------------
 [  143] (    0/   24) | ms/batch 140.9032 | loss 8.222773 | avg loss 8.222773 | lr 0.0001000
Relative val loss: 8.05256
Absolute val loss: 8.05256
-----------------------------------------------------------------------------------------
| end of epoch 143 | time: 14.93s | epoch loss 8.378230 |
-----------------------------------------------------------------------------------------
 [  144] (    0/   24) | ms/batch 141.3891 | loss 9.164107 | avg loss 9.164107 | lr 0.0001000
Relative val loss: 8.16803
Absolute val loss: 8.16803
-----------------------------------------------------------------------------------------
| end of epoch 144 | time: 15.45s | epoch loss 8.096206 |
-----------------------------------------------------------------------------------------
 [  145] (    0/   24) | ms/batch 141.0329 | loss 8.515264 | avg loss 8.515264 | lr 0.0001000
Relative val loss: 7.47019
Absolute val loss: 7.47019
-----------------------------------------------------------------------------------------
| end of epoch 145 | time: 15.18s | epoch loss 9.079668 |
-----------------------------------------------------------------------------------------
 [  146] (    0/   24) | ms/batch 141.3076 | loss 8.417068 | avg loss 8.417068 | lr 0.0001000
Relative val loss: 7.78767
Absolute val loss: 7.78767
-----------------------------------------------------------------------------------------
| end of epoch 146 | time: 14.44s | epoch loss 8.389085 |
-----------------------------------------------------------------------------------------
 [  147] (    0/   24) | ms/batch 141.1533 | loss 10.370687 | avg loss 10.370687 | lr 0.0001000
Relative val loss: 7.81473
Absolute val loss: 7.81473
-----------------------------------------------------------------------------------------
| end of epoch 147 | time: 14.56s | epoch loss 8.148446 |
-----------------------------------------------------------------------------------------
 [  148] (    0/   24) | ms/batch 141.1746 | loss 9.986014 | avg loss 9.986014 | lr 0.0001000
Relative val loss: 7.51325
Absolute val loss: 7.51325
-----------------------------------------------------------------------------------------
| end of epoch 148 | time: 23.01s | epoch loss 8.440325 |
-----------------------------------------------------------------------------------------
 [  149] (    0/   24) | ms/batch 159.2848 | loss 7.490958 | avg loss 7.490958 | lr 0.0001000
Relative val loss: 7.46361
Absolute val loss: 7.46361
-----------------------------------------------------------------------------------------
| end of epoch 149 | time: 16.07s | epoch loss 8.501205 |
-----------------------------------------------------------------------------------------
 [  150] (    0/   24) | ms/batch 140.7757 | loss 8.642806 | avg loss 8.642806 | lr 0.0001000
Relative val loss: 7.38109
Absolute val loss: 7.38109
-----------------------------------------------------------------------------------------
| end of epoch 150 | time: 15.57s | epoch loss 8.290444 |
-----------------------------------------------------------------------------------------
