nohup: ignoring input
Argument list to program
--relative_age True
--chronological_age True
--gender_multiplier True
--use_gut_microbiome False
--use_pe_performance False
--use_correlation True
--cropped False
--dataset KG
--data_train /private/workspace/cyt/bone_age_assessment/data/data_yuwei/train
--heatmaps_train /private/workspace/cyt/bone_age_assessment/BA/simba/experiments/best_experiment/KG/with_cor/HEATMAPS_TRAIN
--ann_path_train /private/workspace/cyt/bone_age_assessment/data/data_yuwei/annotations/train_ann.csv
--rois_path_train /private/workspace/cyt/bone_age_assessment/data/RSNA/annotations/RSNA_Anatomical_ROIs_Training.json
--data_val /private/workspace/cyt/bone_age_assessment/data/data_yuwei/val
--heatmaps_val /private/workspace/cyt/bone_age_assessment/BA/simba/experiments/best_experiment/KG/with_cor/HEATMAPS_VAL
--ann_path_val /private/workspace/cyt/bone_age_assessment/data/data_yuwei/annotations/val_ann.csv
--rois_path_val /private/workspace/cyt/bone_age_assessment/data/RSNA/annotations/RSNA_Anatomical_ROIs_Validation.json
--trainval True
--save_folder /private/workspace/cyt/bone_age_assessment/BA/simba/experiments/best_experiment/KG/with_cor
--snapshot /private/workspace/cyt/bone_age_assessment/BA/simba/experiments/best_experiment/KG/with_cor/boneage_bonet_snapshot.pth
--optim_snapshot /private/workspace/cyt/bone_age_assessment/BA/simba/experiments/best_experiment/KG/with_cor/boneage_bonet_optim.pth
--eval_first True
--workers 4
--batch_size 20
--epochs 150
--lr 0.0001
--patience 2
--start_epoch 0
--seed 1111
--log_interval 30
--gpu 0
--rank 0



---> Number of params: 123471819
Number of workers:4
Train begins...
Relative val loss: 1676322120296.60205
Absolute val loss: 1676322120296.60205
 [    0] (    0/   24) | ms/batch 237.3476 | loss 32.365032 | avg loss 32.365032 | lr 0.0001000
Relative val loss: 15.80383
Absolute val loss: 15.80383
-----------------------------------------------------------------------------------------
| end of epoch   0 | time: 15.35s | epoch loss 49.381034 |
-----------------------------------------------------------------------------------------
 [    1] (    0/   24) | ms/batch 142.0841 | loss 13.453448 | avg loss 13.453448 | lr 0.0001000
Relative val loss: 13.07008
Absolute val loss: 13.07008
-----------------------------------------------------------------------------------------
| end of epoch   1 | time: 15.31s | epoch loss 27.130566 |
-----------------------------------------------------------------------------------------
 [    2] (    0/   24) | ms/batch 141.1762 | loss 22.912861 | avg loss 22.912861 | lr 0.0001000
Relative val loss: 13.80194
Absolute val loss: 13.80194
-----------------------------------------------------------------------------------------
| end of epoch   2 | time: 15.18s | epoch loss 19.643142 |
-----------------------------------------------------------------------------------------
 [    3] (    0/   24) | ms/batch 141.0356 | loss 17.837065 | avg loss 17.837065 | lr 0.0001000
Relative val loss: 11.37931
Absolute val loss: 11.37931
-----------------------------------------------------------------------------------------
| end of epoch   3 | time: 15.95s | epoch loss 17.875340 |
-----------------------------------------------------------------------------------------
 [    4] (    0/   24) | ms/batch 140.8617 | loss 11.942168 | avg loss 11.942168 | lr 0.0001000
Relative val loss: 13.32487
Absolute val loss: 13.32487
-----------------------------------------------------------------------------------------
| end of epoch   4 | time: 15.92s | epoch loss 15.658316 |
-----------------------------------------------------------------------------------------
 [    5] (    0/   24) | ms/batch 141.4783 | loss 17.185526 | avg loss 17.185526 | lr 0.0001000
Relative val loss: 10.30159
Absolute val loss: 10.30159
-----------------------------------------------------------------------------------------
| end of epoch   5 | time: 15.67s | epoch loss 14.827290 |
-----------------------------------------------------------------------------------------
 [    6] (    0/   24) | ms/batch 142.4248 | loss 17.641737 | avg loss 17.641737 | lr 0.0001000
Relative val loss: 8.90879
Absolute val loss: 8.90879
-----------------------------------------------------------------------------------------
| end of epoch   6 | time: 18.95s | epoch loss 13.953442 |
-----------------------------------------------------------------------------------------
 [    7] (    0/   24) | ms/batch 161.3729 | loss 10.952312 | avg loss 10.952312 | lr 0.0001000
Relative val loss: 8.84351
Absolute val loss: 8.84351
-----------------------------------------------------------------------------------------
| end of epoch   7 | time: 16.23s | epoch loss 13.262353 |
-----------------------------------------------------------------------------------------
 [    8] (    0/   24) | ms/batch 153.3012 | loss 17.391270 | avg loss 17.391270 | lr 0.0001000
Relative val loss: 9.51663
Absolute val loss: 9.51663
-----------------------------------------------------------------------------------------
| end of epoch   8 | time: 15.98s | epoch loss 13.266389 |
-----------------------------------------------------------------------------------------
 [    9] (    0/   24) | ms/batch 143.3644 | loss 18.490211 | avg loss 18.490211 | lr 0.0001000
Relative val loss: 11.16299
Absolute val loss: 11.16299
-----------------------------------------------------------------------------------------
| end of epoch   9 | time: 15.78s | epoch loss 13.551191 |
-----------------------------------------------------------------------------------------
 [   10] (    0/   24) | ms/batch 140.2338 | loss 9.832635 | avg loss 9.832635 | lr 0.0001000
Relative val loss: 8.22762
Absolute val loss: 8.22762
-----------------------------------------------------------------------------------------
| end of epoch  10 | time: 16.93s | epoch loss 11.974499 |
-----------------------------------------------------------------------------------------
 [   11] (    0/   24) | ms/batch 161.0737 | loss 11.192548 | avg loss 11.192548 | lr 0.0001000
Relative val loss: 9.34920
Absolute val loss: 9.34920
-----------------------------------------------------------------------------------------
| end of epoch  11 | time: 15.38s | epoch loss 12.439329 |
-----------------------------------------------------------------------------------------
 [   12] (    0/   24) | ms/batch 141.3355 | loss 6.518154 | avg loss 6.518154 | lr 0.0001000
Relative val loss: 10.53415
Absolute val loss: 10.53415
-----------------------------------------------------------------------------------------
| end of epoch  12 | time: 16.41s | epoch loss 11.528293 |
-----------------------------------------------------------------------------------------
 [   13] (    0/   24) | ms/batch 141.6321 | loss 11.338197 | avg loss 11.338197 | lr 0.0001000
Relative val loss: 10.59550
Absolute val loss: 10.59550
-----------------------------------------------------------------------------------------
| end of epoch  13 | time: 16.25s | epoch loss 12.523158 |
-----------------------------------------------------------------------------------------
 [   14] (    0/   24) | ms/batch 140.8997 | loss 8.328529 | avg loss 8.328529 | lr 0.0001000
Relative val loss: 9.52268
Absolute val loss: 9.52268
-----------------------------------------------------------------------------------------
| end of epoch  14 | time: 16.00s | epoch loss 10.274729 |
-----------------------------------------------------------------------------------------
 [   15] (    0/   24) | ms/batch 297.9414 | loss 13.220003 | avg loss 13.220003 | lr 0.0001000
Relative val loss: 7.57370
Absolute val loss: 7.57370
-----------------------------------------------------------------------------------------
| end of epoch  15 | time: 15.53s | epoch loss 11.593771 |
-----------------------------------------------------------------------------------------
 [   16] (    0/   24) | ms/batch 209.5940 | loss 11.677658 | avg loss 11.677658 | lr 0.0001000
Relative val loss: 10.06155
Absolute val loss: 10.06155
-----------------------------------------------------------------------------------------
| end of epoch  16 | time: 16.34s | epoch loss 11.925650 |
-----------------------------------------------------------------------------------------
 [   17] (    0/   24) | ms/batch 286.4470 | loss 13.484027 | avg loss 13.484027 | lr 0.0001000
Relative val loss: 11.49004
Absolute val loss: 11.49004
-----------------------------------------------------------------------------------------
| end of epoch  17 | time: 16.05s | epoch loss 11.351433 |
-----------------------------------------------------------------------------------------
 [   18] (    0/   24) | ms/batch 278.6822 | loss 11.313197 | avg loss 11.313197 | lr 0.0001000
Relative val loss: 7.94278
Absolute val loss: 7.94278
-----------------------------------------------------------------------------------------
| end of epoch  18 | time: 17.56s | epoch loss 11.477940 |
-----------------------------------------------------------------------------------------
 [   19] (    0/   24) | ms/batch 141.0241 | loss 11.430838 | avg loss 11.430838 | lr 0.0001000
Relative val loss: 7.84363
Absolute val loss: 7.84363
-----------------------------------------------------------------------------------------
| end of epoch  19 | time: 15.85s | epoch loss 9.996836 |
-----------------------------------------------------------------------------------------
 [   20] (    0/   24) | ms/batch 141.3221 | loss 10.528885 | avg loss 10.528885 | lr 0.0001000
Relative val loss: 7.83180
Absolute val loss: 7.83180
-----------------------------------------------------------------------------------------
| end of epoch  20 | time: 15.69s | epoch loss 9.951438 |
-----------------------------------------------------------------------------------------
 [   21] (    0/   24) | ms/batch 142.2062 | loss 9.623685 | avg loss 9.623685 | lr 0.0001000
Relative val loss: 7.65930
Absolute val loss: 7.65930
-----------------------------------------------------------------------------------------
| end of epoch  21 | time: 15.61s | epoch loss 9.140365 |
-----------------------------------------------------------------------------------------
 [   22] (    0/   24) | ms/batch 141.3612 | loss 10.800470 | avg loss 10.800470 | lr 0.0001000
Relative val loss: 9.58270
Absolute val loss: 9.58270
-----------------------------------------------------------------------------------------
| end of epoch  22 | time: 16.07s | epoch loss 10.389076 |
-----------------------------------------------------------------------------------------
 [   23] (    0/   24) | ms/batch 140.8045 | loss 9.518171 | avg loss 9.518171 | lr 0.0001000
Relative val loss: 8.09206
Absolute val loss: 8.09206
-----------------------------------------------------------------------------------------
| end of epoch  23 | time: 16.22s | epoch loss 10.949022 |
-----------------------------------------------------------------------------------------
 [   24] (    0/   24) | ms/batch 141.4473 | loss 6.550571 | avg loss 6.550571 | lr 0.0001000
Relative val loss: 8.21930
Absolute val loss: 8.21930
-----------------------------------------------------------------------------------------
| end of epoch  24 | time: 16.44s | epoch loss 9.790907 |
-----------------------------------------------------------------------------------------
 [   25] (    0/   24) | ms/batch 145.6888 | loss 8.522849 | avg loss 8.522849 | lr 0.0001000
Relative val loss: 7.67419
Absolute val loss: 7.67419
-----------------------------------------------------------------------------------------
| end of epoch  25 | time: 16.15s | epoch loss 11.209885 |
-----------------------------------------------------------------------------------------
 [   26] (    0/   24) | ms/batch 167.0418 | loss 11.372596 | avg loss 11.372596 | lr 0.0001000
Relative val loss: 7.91637
Absolute val loss: 7.91637
-----------------------------------------------------------------------------------------
| end of epoch  26 | time: 15.96s | epoch loss 10.670702 |
-----------------------------------------------------------------------------------------
 [   27] (    0/   24) | ms/batch 186.7926 | loss 10.438586 | avg loss 10.438586 | lr 0.0001000
Relative val loss: 7.43431
Absolute val loss: 7.43431
-----------------------------------------------------------------------------------------
| end of epoch  27 | time: 16.14s | epoch loss 9.599445 |
-----------------------------------------------------------------------------------------
 [   28] (    0/   24) | ms/batch 141.8171 | loss 7.757031 | avg loss 7.757031 | lr 0.0001000
Relative val loss: 8.11755
Absolute val loss: 8.11755
-----------------------------------------------------------------------------------------
| end of epoch  28 | time: 15.81s | epoch loss 9.893105 |
-----------------------------------------------------------------------------------------
 [   29] (    0/   24) | ms/batch 141.3007 | loss 10.312454 | avg loss 10.312454 | lr 0.0001000
Relative val loss: 7.60338
Absolute val loss: 7.60338
-----------------------------------------------------------------------------------------
| end of epoch  29 | time: 16.05s | epoch loss 10.257309 |
-----------------------------------------------------------------------------------------
 [   30] (    0/   24) | ms/batch 160.6092 | loss 11.464316 | avg loss 11.464316 | lr 0.0001000
Relative val loss: 7.86195
Absolute val loss: 7.86195
-----------------------------------------------------------------------------------------
| end of epoch  30 | time: 16.39s | epoch loss 8.935624 |
-----------------------------------------------------------------------------------------
 [   31] (    0/   24) | ms/batch 154.7248 | loss 10.013705 | avg loss 10.013705 | lr 0.0001000
Relative val loss: 7.71608
Absolute val loss: 7.71608
-----------------------------------------------------------------------------------------
| end of epoch  31 | time: 15.72s | epoch loss 9.590981 |
-----------------------------------------------------------------------------------------
 [   32] (    0/   24) | ms/batch 229.5966 | loss 8.839120 | avg loss 8.839120 | lr 0.0001000
Relative val loss: 7.69445
Absolute val loss: 7.69445
-----------------------------------------------------------------------------------------
| end of epoch  32 | time: 16.52s | epoch loss 9.659599 |
-----------------------------------------------------------------------------------------
 [   33] (    0/   24) | ms/batch 141.5293 | loss 9.703613 | avg loss 9.703613 | lr 0.0001000
Relative val loss: 7.94483
Absolute val loss: 7.94483
-----------------------------------------------------------------------------------------
| end of epoch  33 | time: 16.91s | epoch loss 9.162705 |
-----------------------------------------------------------------------------------------
 [   34] (    0/   24) | ms/batch 276.2859 | loss 9.732479 | avg loss 9.732479 | lr 0.0001000
Relative val loss: 8.85080
Absolute val loss: 8.85080
-----------------------------------------------------------------------------------------
| end of epoch  34 | time: 16.23s | epoch loss 9.084313 |
-----------------------------------------------------------------------------------------
 [   35] (    0/   24) | ms/batch 265.5880 | loss 9.115366 | avg loss 9.115366 | lr 0.0001000
Relative val loss: 7.57883
Absolute val loss: 7.57883
-----------------------------------------------------------------------------------------
| end of epoch  35 | time: 16.06s | epoch loss 9.461828 |
-----------------------------------------------------------------------------------------
 [   36] (    0/   24) | ms/batch 184.9577 | loss 6.530971 | avg loss 6.530971 | lr 0.0001000
Relative val loss: 7.99967
Absolute val loss: 7.99967
-----------------------------------------------------------------------------------------
| end of epoch  36 | time: 15.69s | epoch loss 8.986675 |
-----------------------------------------------------------------------------------------
 [   37] (    0/   24) | ms/batch 290.6127 | loss 7.586460 | avg loss 7.586460 | lr 0.0001000
Relative val loss: 8.21843
Absolute val loss: 8.21843
-----------------------------------------------------------------------------------------
| end of epoch  37 | time: 16.43s | epoch loss 8.724433 |
-----------------------------------------------------------------------------------------
 [   38] (    0/   24) | ms/batch 279.7861 | loss 9.339869 | avg loss 9.339869 | lr 0.0001000
Relative val loss: 7.67522
Absolute val loss: 7.67521
-----------------------------------------------------------------------------------------
| end of epoch  38 | time: 16.29s | epoch loss 9.933247 |
-----------------------------------------------------------------------------------------
 [   39] (    0/   24) | ms/batch 270.5007 | loss 10.842637 | avg loss 10.842637 | lr 0.0001000
Relative val loss: 7.76885
Absolute val loss: 7.76885
-----------------------------------------------------------------------------------------
| end of epoch  39 | time: 16.20s | epoch loss 9.453755 |
-----------------------------------------------------------------------------------------
 [   40] (    0/   24) | ms/batch 284.8282 | loss 7.292192 | avg loss 7.292192 | lr 0.0001000
Relative val loss: 8.29827
Absolute val loss: 8.29827
-----------------------------------------------------------------------------------------
| end of epoch  40 | time: 16.29s | epoch loss 9.273226 |
-----------------------------------------------------------------------------------------
 [   41] (    0/   24) | ms/batch 146.2903 | loss 11.521717 | avg loss 11.521717 | lr 0.0001000
Relative val loss: 7.56861
Absolute val loss: 7.56861
-----------------------------------------------------------------------------------------
| end of epoch  41 | time: 16.24s | epoch loss 9.660480 |
-----------------------------------------------------------------------------------------
 [   42] (    0/   24) | ms/batch 245.6007 | loss 9.113703 | avg loss 9.113703 | lr 0.0001000
Relative val loss: 7.76507
Absolute val loss: 7.76507
-----------------------------------------------------------------------------------------
| end of epoch  42 | time: 19.04s | epoch loss 9.188975 |
-----------------------------------------------------------------------------------------
 [   43] (    0/   24) | ms/batch 143.1553 | loss 8.266160 | avg loss 8.266160 | lr 0.0001000
Relative val loss: 7.66997
Absolute val loss: 7.66997
-----------------------------------------------------------------------------------------
| end of epoch  43 | time: 16.11s | epoch loss 8.348213 |
-----------------------------------------------------------------------------------------
 [   44] (    0/   24) | ms/batch 289.1023 | loss 9.963527 | avg loss 9.963527 | lr 0.0001000
Relative val loss: 7.83220
Absolute val loss: 7.83220
-----------------------------------------------------------------------------------------
| end of epoch  44 | time: 16.22s | epoch loss 9.044018 |
-----------------------------------------------------------------------------------------
 [   45] (    0/   24) | ms/batch 302.2377 | loss 7.305723 | avg loss 7.305723 | lr 0.0001000
Relative val loss: 7.53716
Absolute val loss: 7.53716
-----------------------------------------------------------------------------------------
| end of epoch  45 | time: 17.13s | epoch loss 9.114723 |
-----------------------------------------------------------------------------------------
 [   46] (    0/   24) | ms/batch 142.3566 | loss 7.954273 | avg loss 7.954273 | lr 0.0001000
Relative val loss: 8.01296
Absolute val loss: 8.01296
-----------------------------------------------------------------------------------------
| end of epoch  46 | time: 15.76s | epoch loss 9.859331 |
-----------------------------------------------------------------------------------------
 [   47] (    0/   24) | ms/batch 141.2270 | loss 7.612352 | avg loss 7.612352 | lr 0.0001000
Relative val loss: 8.01847
Absolute val loss: 8.01847
-----------------------------------------------------------------------------------------
| end of epoch  47 | time: 17.23s | epoch loss 9.226192 |
-----------------------------------------------------------------------------------------
 [   48] (    0/   24) | ms/batch 141.3033 | loss 8.973830 | avg loss 8.973830 | lr 0.0001000
Relative val loss: 7.71279
Absolute val loss: 7.71279
-----------------------------------------------------------------------------------------
| end of epoch  48 | time: 16.15s | epoch loss 8.943707 |
-----------------------------------------------------------------------------------------
 [   49] (    0/   24) | ms/batch 181.7014 | loss 9.203333 | avg loss 9.203333 | lr 0.0001000
Relative val loss: 7.89673
Absolute val loss: 7.89673
-----------------------------------------------------------------------------------------
| end of epoch  49 | time: 16.24s | epoch loss 8.865940 |
-----------------------------------------------------------------------------------------
 [   50] (    0/   24) | ms/batch 143.3651 | loss 9.387967 | avg loss 9.387967 | lr 0.0001000
Relative val loss: 7.68146
Absolute val loss: 7.68146
-----------------------------------------------------------------------------------------
| end of epoch  50 | time: 16.51s | epoch loss 8.929435 |
-----------------------------------------------------------------------------------------
 [   51] (    0/   24) | ms/batch 143.7228 | loss 7.164392 | avg loss 7.164392 | lr 0.0001000
Relative val loss: 7.69637
Absolute val loss: 7.69637
-----------------------------------------------------------------------------------------
| end of epoch  51 | time: 15.73s | epoch loss 9.805760 |
-----------------------------------------------------------------------------------------
 [   52] (    0/   24) | ms/batch 141.6028 | loss 8.380003 | avg loss 8.380003 | lr 0.0001000
Relative val loss: 7.39262
Absolute val loss: 7.39262
-----------------------------------------------------------------------------------------
| end of epoch  52 | time: 16.47s | epoch loss 8.997954 |
-----------------------------------------------------------------------------------------
 [   53] (    0/   24) | ms/batch 170.4736 | loss 9.830493 | avg loss 9.830493 | lr 0.0001000
Relative val loss: 9.50940
Absolute val loss: 9.50940
-----------------------------------------------------------------------------------------
| end of epoch  53 | time: 15.64s | epoch loss 9.009019 |
-----------------------------------------------------------------------------------------
 [   54] (    0/   24) | ms/batch 143.1208 | loss 12.190032 | avg loss 12.190032 | lr 0.0001000
Relative val loss: 7.72739
Absolute val loss: 7.72739
-----------------------------------------------------------------------------------------
| end of epoch  54 | time: 15.67s | epoch loss 8.748684 |
-----------------------------------------------------------------------------------------
 [   55] (    0/   24) | ms/batch 141.5935 | loss 7.850691 | avg loss 7.850691 | lr 0.0001000
Relative val loss: 8.27140
Absolute val loss: 8.27140
-----------------------------------------------------------------------------------------
| end of epoch  55 | time: 15.30s | epoch loss 8.648412 |
-----------------------------------------------------------------------------------------
 [   56] (    0/   24) | ms/batch 141.2370 | loss 5.981714 | avg loss 5.981714 | lr 0.0001000
Relative val loss: 7.44487
Absolute val loss: 7.44487
-----------------------------------------------------------------------------------------
| end of epoch  56 | time: 15.29s | epoch loss 8.220673 |
-----------------------------------------------------------------------------------------
 [   57] (    0/   24) | ms/batch 146.3482 | loss 5.889764 | avg loss 5.889764 | lr 0.0001000
Relative val loss: 7.63619
Absolute val loss: 7.63619
-----------------------------------------------------------------------------------------
| end of epoch  57 | time: 15.90s | epoch loss 8.862884 |
-----------------------------------------------------------------------------------------
 [   58] (    0/   24) | ms/batch 141.5164 | loss 10.068704 | avg loss 10.068704 | lr 0.0001000
Relative val loss: 7.19451
Absolute val loss: 7.19451
-----------------------------------------------------------------------------------------
| end of epoch  58 | time: 15.71s | epoch loss 8.420530 |
-----------------------------------------------------------------------------------------
 [   59] (    0/   24) | ms/batch 193.7251 | loss 8.618036 | avg loss 8.618036 | lr 0.0001000
Relative val loss: 7.92984
Absolute val loss: 7.92984
-----------------------------------------------------------------------------------------
| end of epoch  59 | time: 15.83s | epoch loss 8.908973 |
-----------------------------------------------------------------------------------------
 [   60] (    0/   24) | ms/batch 141.2489 | loss 10.111977 | avg loss 10.111977 | lr 0.0001000
Relative val loss: 7.36384
Absolute val loss: 7.36384
-----------------------------------------------------------------------------------------
| end of epoch  60 | time: 16.11s | epoch loss 8.649087 |
-----------------------------------------------------------------------------------------
 [   61] (    0/   24) | ms/batch 140.3553 | loss 6.809531 | avg loss 6.809531 | lr 0.0001000
Relative val loss: 8.11842
Absolute val loss: 8.11842
-----------------------------------------------------------------------------------------
| end of epoch  61 | time: 15.89s | epoch loss 9.069462 |
-----------------------------------------------------------------------------------------
 [   62] (    0/   24) | ms/batch 199.5351 | loss 11.819134 | avg loss 11.819134 | lr 0.0001000
Relative val loss: 7.79372
Absolute val loss: 7.79372
-----------------------------------------------------------------------------------------
| end of epoch  62 | time: 15.96s | epoch loss 8.684407 |
-----------------------------------------------------------------------------------------
 [   63] (    0/   24) | ms/batch 143.2500 | loss 8.710297 | avg loss 8.710297 | lr 0.0001000
Relative val loss: 7.77951
Absolute val loss: 7.77951
-----------------------------------------------------------------------------------------
| end of epoch  63 | time: 16.28s | epoch loss 8.946480 |
-----------------------------------------------------------------------------------------
 [   64] (    0/   24) | ms/batch 280.9670 | loss 9.846451 | avg loss 9.846451 | lr 0.0001000
Relative val loss: 7.64231
Absolute val loss: 7.64231
-----------------------------------------------------------------------------------------
| end of epoch  64 | time: 16.64s | epoch loss 9.326284 |
-----------------------------------------------------------------------------------------
 [   65] (    0/   24) | ms/batch 289.3050 | loss 10.029002 | avg loss 10.029002 | lr 0.0001000
Relative val loss: 7.75681
Absolute val loss: 7.75681
-----------------------------------------------------------------------------------------
| end of epoch  65 | time: 16.83s | epoch loss 8.940302 |
-----------------------------------------------------------------------------------------
 [   66] (    0/   24) | ms/batch 184.2804 | loss 9.702960 | avg loss 9.702960 | lr 0.0001000
Relative val loss: 7.63855
Absolute val loss: 7.63855
-----------------------------------------------------------------------------------------
| end of epoch  66 | time: 15.82s | epoch loss 8.601711 |
-----------------------------------------------------------------------------------------
 [   67] (    0/   24) | ms/batch 268.7435 | loss 9.047248 | avg loss 9.047248 | lr 0.0001000
Relative val loss: 7.53676
Absolute val loss: 7.53676
-----------------------------------------------------------------------------------------
| end of epoch  67 | time: 16.41s | epoch loss 8.821972 |
-----------------------------------------------------------------------------------------
 [   68] (    0/   24) | ms/batch 288.5847 | loss 8.857185 | avg loss 8.857185 | lr 0.0001000
Relative val loss: 7.29020
Absolute val loss: 7.29020
-----------------------------------------------------------------------------------------
| end of epoch  68 | time: 15.77s | epoch loss 8.703624 |
-----------------------------------------------------------------------------------------
 [   69] (    0/   24) | ms/batch 282.2380 | loss 8.042945 | avg loss 8.042945 | lr 0.0001000
Relative val loss: 7.40661
Absolute val loss: 7.40661
-----------------------------------------------------------------------------------------
| end of epoch  69 | time: 16.12s | epoch loss 8.396180 |
-----------------------------------------------------------------------------------------
 [   70] (    0/   24) | ms/batch 141.9702 | loss 9.416158 | avg loss 9.416158 | lr 0.0001000
Relative val loss: 7.95205
Absolute val loss: 7.95205
-----------------------------------------------------------------------------------------
| end of epoch  70 | time: 15.74s | epoch loss 9.133600 |
-----------------------------------------------------------------------------------------
 [   71] (    0/   24) | ms/batch 143.4712 | loss 8.337341 | avg loss 8.337341 | lr 0.0001000
Relative val loss: 7.58204
Absolute val loss: 7.58204
-----------------------------------------------------------------------------------------
| end of epoch  71 | time: 16.58s | epoch loss 8.676833 |
-----------------------------------------------------------------------------------------
 [   72] (    0/   24) | ms/batch 154.3741 | loss 10.107184 | avg loss 10.107184 | lr 0.0001000
Relative val loss: 7.33207
Absolute val loss: 7.33207
-----------------------------------------------------------------------------------------
| end of epoch  72 | time: 16.30s | epoch loss 8.312930 |
-----------------------------------------------------------------------------------------
 [   73] (    0/   24) | ms/batch 141.3808 | loss 8.244659 | avg loss 8.244659 | lr 0.0001000
Relative val loss: 7.46089
Absolute val loss: 7.46089
-----------------------------------------------------------------------------------------
| end of epoch  73 | time: 16.32s | epoch loss 8.486779 |
-----------------------------------------------------------------------------------------
 [   74] (    0/   24) | ms/batch 197.0539 | loss 5.320474 | avg loss 5.320474 | lr 0.0001000
Relative val loss: 7.66728
Absolute val loss: 7.66728
-----------------------------------------------------------------------------------------
| end of epoch  74 | time: 16.25s | epoch loss 8.634593 |
-----------------------------------------------------------------------------------------
 [   75] (    0/   24) | ms/batch 194.4797 | loss 6.016695 | avg loss 6.016695 | lr 0.0001000
Relative val loss: 7.52212
Absolute val loss: 7.52212
-----------------------------------------------------------------------------------------
| end of epoch  75 | time: 15.89s | epoch loss 8.353577 |
-----------------------------------------------------------------------------------------
 [   76] (    0/   24) | ms/batch 161.1671 | loss 9.234016 | avg loss 9.234016 | lr 0.0001000
Relative val loss: 7.51396
Absolute val loss: 7.51396
-----------------------------------------------------------------------------------------
| end of epoch  76 | time: 16.10s | epoch loss 8.344249 |
-----------------------------------------------------------------------------------------
 [   77] (    0/   24) | ms/batch 208.8332 | loss 8.977168 | avg loss 8.977168 | lr 0.0001000
Relative val loss: 7.49407
Absolute val loss: 7.49407
-----------------------------------------------------------------------------------------
| end of epoch  77 | time: 17.06s | epoch loss 8.600194 |
-----------------------------------------------------------------------------------------
 [   78] (    0/   24) | ms/batch 171.7181 | loss 7.469392 | avg loss 7.469392 | lr 0.0001000
Relative val loss: 7.61536
Absolute val loss: 7.61536
-----------------------------------------------------------------------------------------
| end of epoch  78 | time: 17.03s | epoch loss 8.341517 |
-----------------------------------------------------------------------------------------
 [   79] (    0/   24) | ms/batch 145.7305 | loss 10.381823 | avg loss 10.381823 | lr 0.0001000
Relative val loss: 7.26638
Absolute val loss: 7.26638
-----------------------------------------------------------------------------------------
| end of epoch  79 | time: 16.76s | epoch loss 8.475333 |
-----------------------------------------------------------------------------------------
 [   80] (    0/   24) | ms/batch 286.4964 | loss 7.169174 | avg loss 7.169174 | lr 0.0001000
Relative val loss: 8.33745
Absolute val loss: 8.33745
-----------------------------------------------------------------------------------------
| end of epoch  80 | time: 16.46s | epoch loss 8.385556 |
-----------------------------------------------------------------------------------------
 [   81] (    0/   24) | ms/batch 295.9428 | loss 7.580867 | avg loss 7.580867 | lr 0.0001000
Relative val loss: 7.47041
Absolute val loss: 7.47041
-----------------------------------------------------------------------------------------
| end of epoch  81 | time: 15.96s | epoch loss 8.804156 |
-----------------------------------------------------------------------------------------
 [   82] (    0/   24) | ms/batch 142.9060 | loss 9.552624 | avg loss 9.552624 | lr 0.0001000
Relative val loss: 9.59178
Absolute val loss: 9.59178
-----------------------------------------------------------------------------------------
| end of epoch  82 | time: 15.93s | epoch loss 8.400288 |
-----------------------------------------------------------------------------------------
 [   83] (    0/   24) | ms/batch 245.8947 | loss 7.697609 | avg loss 7.697609 | lr 0.0001000
Relative val loss: 7.61324
Absolute val loss: 7.61324
-----------------------------------------------------------------------------------------
| end of epoch  83 | time: 16.16s | epoch loss 9.294577 |
-----------------------------------------------------------------------------------------
 [   84] (    0/   24) | ms/batch 141.3829 | loss 8.446660 | avg loss 8.446660 | lr 0.0001000
Relative val loss: 9.67964
Absolute val loss: 9.67964
-----------------------------------------------------------------------------------------
| end of epoch  84 | time: 16.08s | epoch loss 8.526969 |
-----------------------------------------------------------------------------------------
 [   85] (    0/   24) | ms/batch 141.2454 | loss 10.680580 | avg loss 10.680580 | lr 0.0001000
Relative val loss: 7.22677
Absolute val loss: 7.22677
-----------------------------------------------------------------------------------------
| end of epoch  85 | time: 15.68s | epoch loss 8.514862 |
-----------------------------------------------------------------------------------------
 [   86] (    0/   24) | ms/batch 141.4702 | loss 10.371658 | avg loss 10.371658 | lr 0.0001000
Relative val loss: 7.23619
Absolute val loss: 7.23619
-----------------------------------------------------------------------------------------
| end of epoch  86 | time: 16.03s | epoch loss 9.084291 |
-----------------------------------------------------------------------------------------
 [   87] (    0/   24) | ms/batch 142.7844 | loss 9.695064 | avg loss 9.695064 | lr 0.0001000
Relative val loss: 7.66806
Absolute val loss: 7.66806
-----------------------------------------------------------------------------------------
| end of epoch  87 | time: 15.57s | epoch loss 8.226137 |
-----------------------------------------------------------------------------------------
 [   88] (    0/   24) | ms/batch 286.4316 | loss 7.487298 | avg loss 7.487298 | lr 0.0001000
Relative val loss: 7.15900
Absolute val loss: 7.15901
-----------------------------------------------------------------------------------------
| end of epoch  88 | time: 16.04s | epoch loss 8.354632 |
-----------------------------------------------------------------------------------------
 [   89] (    0/   24) | ms/batch 141.4404 | loss 6.782989 | avg loss 6.782989 | lr 0.0001000
Relative val loss: 7.55833
Absolute val loss: 7.55833
-----------------------------------------------------------------------------------------
| end of epoch  89 | time: 15.99s | epoch loss 8.411523 |
-----------------------------------------------------------------------------------------
 [   90] (    0/   24) | ms/batch 285.4865 | loss 7.908130 | avg loss 7.908130 | lr 0.0001000
Relative val loss: 9.19163
Absolute val loss: 9.19163
-----------------------------------------------------------------------------------------
| end of epoch  90 | time: 16.56s | epoch loss 8.982133 |
-----------------------------------------------------------------------------------------
 [   91] (    0/   24) | ms/batch 142.5643 | loss 10.383698 | avg loss 10.383698 | lr 0.0001000
Relative val loss: 7.53137
Absolute val loss: 7.53137
-----------------------------------------------------------------------------------------
| end of epoch  91 | time: 16.10s | epoch loss 9.032960 |
-----------------------------------------------------------------------------------------
 [   92] (    0/   24) | ms/batch 141.9494 | loss 8.856052 | avg loss 8.856052 | lr 0.0001000
Relative val loss: 7.49137
Absolute val loss: 7.49137
-----------------------------------------------------------------------------------------
| end of epoch  92 | time: 15.75s | epoch loss 8.124682 |
-----------------------------------------------------------------------------------------
 [   93] (    0/   24) | ms/batch 140.9683 | loss 7.689079 | avg loss 7.689079 | lr 0.0001000
Relative val loss: 7.44228
Absolute val loss: 7.44228
-----------------------------------------------------------------------------------------
| end of epoch  93 | time: 15.64s | epoch loss 8.835135 |
-----------------------------------------------------------------------------------------
 [   94] (    0/   24) | ms/batch 141.3722 | loss 6.930724 | avg loss 6.930724 | lr 0.0001000
Relative val loss: 7.41999
Absolute val loss: 7.41999
-----------------------------------------------------------------------------------------
| end of epoch  94 | time: 15.85s | epoch loss 8.607146 |
-----------------------------------------------------------------------------------------
 [   95] (    0/   24) | ms/batch 142.0760 | loss 9.251021 | avg loss 9.251021 | lr 0.0001000
Relative val loss: 7.65388
Absolute val loss: 7.65388
-----------------------------------------------------------------------------------------
| end of epoch  95 | time: 16.00s | epoch loss 7.945547 |
-----------------------------------------------------------------------------------------
 [   96] (    0/   24) | ms/batch 141.6688 | loss 10.109421 | avg loss 10.109421 | lr 0.0001000
Relative val loss: 7.66348
Absolute val loss: 7.66348
-----------------------------------------------------------------------------------------
| end of epoch  96 | time: 16.34s | epoch loss 8.742771 |
-----------------------------------------------------------------------------------------
 [   97] (    0/   24) | ms/batch 141.4216 | loss 5.764805 | avg loss 5.764805 | lr 0.0001000
Relative val loss: 7.67981
Absolute val loss: 7.67981
-----------------------------------------------------------------------------------------
| end of epoch  97 | time: 15.83s | epoch loss 8.063958 |
-----------------------------------------------------------------------------------------
 [   98] (    0/   24) | ms/batch 141.4914 | loss 7.888785 | avg loss 7.888785 | lr 0.0001000
Relative val loss: 7.73417
Absolute val loss: 7.73417
-----------------------------------------------------------------------------------------
| end of epoch  98 | time: 16.69s | epoch loss 8.223023 |
-----------------------------------------------------------------------------------------
 [   99] (    0/   24) | ms/batch 142.0763 | loss 9.748228 | avg loss 9.748228 | lr 0.0001000
Relative val loss: 7.75273
Absolute val loss: 7.75273
-----------------------------------------------------------------------------------------
| end of epoch  99 | time: 16.19s | epoch loss 8.688561 |
-----------------------------------------------------------------------------------------
 [  100] (    0/   24) | ms/batch 159.2393 | loss 6.910217 | avg loss 6.910217 | lr 0.0001000
Relative val loss: 7.18800
Absolute val loss: 7.18800
-----------------------------------------------------------------------------------------
| end of epoch 100 | time: 16.24s | epoch loss 8.294256 |
-----------------------------------------------------------------------------------------
 [  101] (    0/   24) | ms/batch 221.6194 | loss 8.566581 | avg loss 8.566581 | lr 0.0001000
Relative val loss: 7.90707
Absolute val loss: 7.90707
-----------------------------------------------------------------------------------------
| end of epoch 101 | time: 15.94s | epoch loss 8.817575 |
-----------------------------------------------------------------------------------------
 [  102] (    0/   24) | ms/batch 194.3555 | loss 10.387866 | avg loss 10.387866 | lr 0.0001000
Relative val loss: 7.54896
Absolute val loss: 7.54896
-----------------------------------------------------------------------------------------
| end of epoch 102 | time: 15.77s | epoch loss 8.556479 |
-----------------------------------------------------------------------------------------
 [  103] (    0/   24) | ms/batch 192.5449 | loss 8.523192 | avg loss 8.523192 | lr 0.0001000
Relative val loss: 9.04098
Absolute val loss: 9.04098
-----------------------------------------------------------------------------------------
| end of epoch 103 | time: 15.49s | epoch loss 8.554427 |
-----------------------------------------------------------------------------------------
 [  104] (    0/   24) | ms/batch 198.8344 | loss 10.922925 | avg loss 10.922925 | lr 0.0001000
Relative val loss: 7.40459
Absolute val loss: 7.40459
-----------------------------------------------------------------------------------------
| end of epoch 104 | time: 15.33s | epoch loss 8.659381 |
-----------------------------------------------------------------------------------------
 [  105] (    0/   24) | ms/batch 203.4125 | loss 9.007209 | avg loss 9.007209 | lr 0.0001000
Relative val loss: 7.36348
Absolute val loss: 7.36348
-----------------------------------------------------------------------------------------
| end of epoch 105 | time: 15.49s | epoch loss 8.112540 |
-----------------------------------------------------------------------------------------
 [  106] (    0/   24) | ms/batch 223.3784 | loss 8.389000 | avg loss 8.389000 | lr 0.0001000
Relative val loss: 7.72352
Absolute val loss: 7.72352
-----------------------------------------------------------------------------------------
| end of epoch 106 | time: 16.69s | epoch loss 8.995388 |
-----------------------------------------------------------------------------------------
 [  107] (    0/   24) | ms/batch 168.7441 | loss 7.609495 | avg loss 7.609495 | lr 0.0001000
Relative val loss: 7.47142
Absolute val loss: 7.47142
-----------------------------------------------------------------------------------------
| end of epoch 107 | time: 15.96s | epoch loss 8.100428 |
-----------------------------------------------------------------------------------------
 [  108] (    0/   24) | ms/batch 145.5734 | loss 6.096050 | avg loss 6.096050 | lr 0.0001000
Relative val loss: 7.61926
Absolute val loss: 7.61926
-----------------------------------------------------------------------------------------
| end of epoch 108 | time: 15.99s | epoch loss 8.433685 |
-----------------------------------------------------------------------------------------
 [  109] (    0/   24) | ms/batch 198.0422 | loss 8.986551 | avg loss 8.986551 | lr 0.0001000
Relative val loss: 8.04621
Absolute val loss: 8.04621
-----------------------------------------------------------------------------------------
| end of epoch 109 | time: 15.54s | epoch loss 8.726772 |
-----------------------------------------------------------------------------------------
 [  110] (    0/   24) | ms/batch 161.6004 | loss 7.724265 | avg loss 7.724265 | lr 0.0001000
Relative val loss: 7.34449
Absolute val loss: 7.34449
-----------------------------------------------------------------------------------------
| end of epoch 110 | time: 16.05s | epoch loss 7.885811 |
-----------------------------------------------------------------------------------------
 [  111] (    0/   24) | ms/batch 141.6852 | loss 9.895633 | avg loss 9.895633 | lr 0.0001000
Relative val loss: 7.47176
Absolute val loss: 7.47176
-----------------------------------------------------------------------------------------
| end of epoch 111 | time: 16.84s | epoch loss 8.230420 |
-----------------------------------------------------------------------------------------
 [  112] (    0/   24) | ms/batch 141.3674 | loss 11.071886 | avg loss 11.071886 | lr 0.0001000
Relative val loss: 8.02029
Absolute val loss: 8.02029
-----------------------------------------------------------------------------------------
| end of epoch 112 | time: 16.43s | epoch loss 8.614034 |
-----------------------------------------------------------------------------------------
 [  113] (    0/   24) | ms/batch 161.7835 | loss 9.563462 | avg loss 9.563462 | lr 0.0001000
Relative val loss: 7.42283
Absolute val loss: 7.42283
-----------------------------------------------------------------------------------------
| end of epoch 113 | time: 16.57s | epoch loss 8.445180 |
-----------------------------------------------------------------------------------------
 [  114] (    0/   24) | ms/batch 141.5946 | loss 8.822423 | avg loss 8.822423 | lr 0.0001000
Relative val loss: 7.36199
Absolute val loss: 7.36199
-----------------------------------------------------------------------------------------
| end of epoch 114 | time: 16.40s | epoch loss 8.474047 |
-----------------------------------------------------------------------------------------
 [  115] (    0/   24) | ms/batch 141.3641 | loss 8.612290 | avg loss 8.612290 | lr 0.0001000
Relative val loss: 7.28550
Absolute val loss: 7.28550
-----------------------------------------------------------------------------------------
| end of epoch 115 | time: 16.42s | epoch loss 8.001362 |
-----------------------------------------------------------------------------------------
 [  116] (    0/   24) | ms/batch 282.7992 | loss 9.612520 | avg loss 9.612520 | lr 0.0001000
Relative val loss: 7.44530
Absolute val loss: 7.44530
-----------------------------------------------------------------------------------------
| end of epoch 116 | time: 16.25s | epoch loss 8.295288 |
-----------------------------------------------------------------------------------------
 [  117] (    0/   24) | ms/batch 141.3171 | loss 8.128845 | avg loss 8.128845 | lr 0.0001000
Relative val loss: 7.50279
Absolute val loss: 7.50279
-----------------------------------------------------------------------------------------
| end of epoch 117 | time: 16.51s | epoch loss 8.520497 |
-----------------------------------------------------------------------------------------
 [  118] (    0/   24) | ms/batch 141.9010 | loss 8.498638 | avg loss 8.498638 | lr 0.0001000
Relative val loss: 7.19025
Absolute val loss: 7.19025
-----------------------------------------------------------------------------------------
| end of epoch 118 | time: 16.62s | epoch loss 8.021323 |
-----------------------------------------------------------------------------------------
 [  119] (    0/   24) | ms/batch 220.1188 | loss 8.823702 | avg loss 8.823702 | lr 0.0001000
Relative val loss: 7.12217
Absolute val loss: 7.12217
-----------------------------------------------------------------------------------------
| end of epoch 119 | time: 16.01s | epoch loss 8.281277 |
-----------------------------------------------------------------------------------------
 [  120] (    0/   24) | ms/batch 215.3480 | loss 8.388695 | avg loss 8.388695 | lr 0.0001000
Relative val loss: 7.43712
Absolute val loss: 7.43712
-----------------------------------------------------------------------------------------
| end of epoch 120 | time: 16.14s | epoch loss 8.373461 |
-----------------------------------------------------------------------------------------
 [  121] (    0/   24) | ms/batch 196.2895 | loss 8.247863 | avg loss 8.247863 | lr 0.0001000
Relative val loss: 7.53683
Absolute val loss: 7.53683
-----------------------------------------------------------------------------------------
| end of epoch 121 | time: 15.80s | epoch loss 8.578268 |
-----------------------------------------------------------------------------------------
 [  122] (    0/   24) | ms/batch 248.0841 | loss 9.017793 | avg loss 9.017793 | lr 0.0001000
Relative val loss: 7.14960
Absolute val loss: 7.14960
-----------------------------------------------------------------------------------------
| end of epoch 122 | time: 15.65s | epoch loss 7.916131 |
-----------------------------------------------------------------------------------------
 [  123] (    0/   24) | ms/batch 141.1595 | loss 10.812163 | avg loss 10.812163 | lr 0.0001000
Relative val loss: 9.13591
Absolute val loss: 9.13591
-----------------------------------------------------------------------------------------
| end of epoch 123 | time: 23.62s | epoch loss 8.520496 |
-----------------------------------------------------------------------------------------
 [  124] (    0/   24) | ms/batch 157.5148 | loss 11.543810 | avg loss 11.543810 | lr 0.0001000
Relative val loss: 7.36468
Absolute val loss: 7.36468
-----------------------------------------------------------------------------------------
| end of epoch 124 | time: 16.16s | epoch loss 8.035963 |
-----------------------------------------------------------------------------------------
 [  125] (    0/   24) | ms/batch 141.2606 | loss 6.357067 | avg loss 6.357067 | lr 0.0001000
Relative val loss: 7.67455
Absolute val loss: 7.67455
-----------------------------------------------------------------------------------------
| end of epoch 125 | time: 16.14s | epoch loss 8.462632 |
-----------------------------------------------------------------------------------------
 [  126] (    0/   24) | ms/batch 268.1339 | loss 8.388492 | avg loss 8.388492 | lr 0.0001000
Relative val loss: 7.52481
Absolute val loss: 7.52481
-----------------------------------------------------------------------------------------
| end of epoch 126 | time: 15.98s | epoch loss 8.776531 |
-----------------------------------------------------------------------------------------
 [  127] (    0/   24) | ms/batch 140.4612 | loss 8.598609 | avg loss 8.598609 | lr 0.0001000
Relative val loss: 7.18253
Absolute val loss: 7.18253
-----------------------------------------------------------------------------------------
| end of epoch 127 | time: 15.94s | epoch loss 8.191448 |
-----------------------------------------------------------------------------------------
 [  128] (    0/   24) | ms/batch 271.3058 | loss 7.471771 | avg loss 7.471771 | lr 0.0001000
Relative val loss: 6.91842
Absolute val loss: 6.91842
-----------------------------------------------------------------------------------------
| end of epoch 128 | time: 16.02s | epoch loss 8.059050 |
-----------------------------------------------------------------------------------------
 [  129] (    0/   24) | ms/batch 141.8319 | loss 5.873906 | avg loss 5.873906 | lr 0.0001000
Relative val loss: 7.68635
Absolute val loss: 7.68635
-----------------------------------------------------------------------------------------
| end of epoch 129 | time: 15.90s | epoch loss 8.649103 |
-----------------------------------------------------------------------------------------
 [  130] (    0/   24) | ms/batch 296.3195 | loss 6.273488 | avg loss 6.273488 | lr 0.0001000
Relative val loss: 6.74790
Absolute val loss: 6.74790
-----------------------------------------------------------------------------------------
| end of epoch 130 | time: 18.12s | epoch loss 8.361264 |
-----------------------------------------------------------------------------------------
 [  131] (    0/   24) | ms/batch 246.0384 | loss 7.890923 | avg loss 7.890923 | lr 0.0001000
Relative val loss: 6.87772
Absolute val loss: 6.87772
-----------------------------------------------------------------------------------------
| end of epoch 131 | time: 16.07s | epoch loss 7.612525 |
-----------------------------------------------------------------------------------------
 [  132] (    0/   24) | ms/batch 279.5532 | loss 9.236595 | avg loss 9.236595 | lr 0.0001000
Relative val loss: 6.50093
Absolute val loss: 6.50093
-----------------------------------------------------------------------------------------
| end of epoch 132 | time: 16.34s | epoch loss 7.208794 |
-----------------------------------------------------------------------------------------
 [  133] (    0/   24) | ms/batch 282.6252 | loss 7.555472 | avg loss 7.555472 | lr 0.0001000
Relative val loss: 7.36681
Absolute val loss: 7.36681
-----------------------------------------------------------------------------------------
| end of epoch 133 | time: 15.81s | epoch loss 7.396761 |
-----------------------------------------------------------------------------------------
 [  134] (    0/   24) | ms/batch 288.6367 | loss 7.793584 | avg loss 7.793584 | lr 0.0001000
Relative val loss: 12.95685
Absolute val loss: 12.95685
-----------------------------------------------------------------------------------------
| end of epoch 134 | time: 15.89s | epoch loss 7.554935 |
-----------------------------------------------------------------------------------------
 [  135] (    0/   24) | ms/batch 141.3960 | loss 7.844875 | avg loss 7.844875 | lr 0.0001000
Relative val loss: 7.30772
Absolute val loss: 7.30772
-----------------------------------------------------------------------------------------
| end of epoch 135 | time: 15.73s | epoch loss 6.949684 |
-----------------------------------------------------------------------------------------
 [  136] (    0/   24) | ms/batch 141.0251 | loss 7.485017 | avg loss 7.485017 | lr 0.0001000
Relative val loss: 5.60992
Absolute val loss: 5.60992
-----------------------------------------------------------------------------------------
| end of epoch 136 | time: 16.91s | epoch loss 7.144987 |
-----------------------------------------------------------------------------------------
 [  137] (    0/   24) | ms/batch 161.1350 | loss 6.212909 | avg loss 6.212909 | lr 0.0001000
Relative val loss: 9.35123
Absolute val loss: 9.35123
-----------------------------------------------------------------------------------------
| end of epoch 137 | time: 16.63s | epoch loss 7.266444 |
-----------------------------------------------------------------------------------------
 [  138] (    0/   24) | ms/batch 227.0269 | loss 13.806467 | avg loss 13.806467 | lr 0.0001000
Relative val loss: 5.82410
Absolute val loss: 5.82410
-----------------------------------------------------------------------------------------
| end of epoch 138 | time: 16.19s | epoch loss 7.426163 |
-----------------------------------------------------------------------------------------
 [  139] (    0/   24) | ms/batch 205.1246 | loss 9.281995 | avg loss 9.281995 | lr 0.0001000
Relative val loss: 6.90720
Absolute val loss: 6.90720
-----------------------------------------------------------------------------------------
| end of epoch 139 | time: 15.71s | epoch loss 6.792284 |
-----------------------------------------------------------------------------------------
 [  140] (    0/   24) | ms/batch 141.2919 | loss 8.589377 | avg loss 8.589377 | lr 0.0001000
Relative val loss: 5.53219
Absolute val loss: 5.53219
-----------------------------------------------------------------------------------------
| end of epoch 140 | time: 15.94s | epoch loss 6.776654 |
-----------------------------------------------------------------------------------------
 [  141] (    0/   24) | ms/batch 141.4776 | loss 7.970713 | avg loss 7.970713 | lr 0.0001000
Relative val loss: 8.43016
Absolute val loss: 8.43016
-----------------------------------------------------------------------------------------
| end of epoch 141 | time: 15.78s | epoch loss 6.599771 |
-----------------------------------------------------------------------------------------
 [  142] (    0/   24) | ms/batch 235.3530 | loss 5.401190 | avg loss 5.401190 | lr 0.0001000
Relative val loss: 6.04923
Absolute val loss: 6.04923
-----------------------------------------------------------------------------------------
| end of epoch 142 | time: 16.40s | epoch loss 6.705295 |
-----------------------------------------------------------------------------------------
 [  143] (    0/   24) | ms/batch 141.1786 | loss 6.258615 | avg loss 6.258615 | lr 0.0001000
Relative val loss: 6.52139
Absolute val loss: 6.52139
-----------------------------------------------------------------------------------------
| end of epoch 143 | time: 16.02s | epoch loss 7.217018 |
-----------------------------------------------------------------------------------------
 [  144] (    0/   24) | ms/batch 159.2822 | loss 5.579711 | avg loss 5.579711 | lr 0.0001000
Relative val loss: 5.60274
Absolute val loss: 5.60274
-----------------------------------------------------------------------------------------
| end of epoch 144 | time: 16.28s | epoch loss 6.691225 |
-----------------------------------------------------------------------------------------
 [  145] (    0/   24) | ms/batch 141.5946 | loss 6.874690 | avg loss 6.874690 | lr 0.0001000
Relative val loss: 7.58546
Absolute val loss: 7.58546
-----------------------------------------------------------------------------------------
| end of epoch 145 | time: 15.54s | epoch loss 7.454377 |
-----------------------------------------------------------------------------------------
 [  146] (    0/   24) | ms/batch 141.1872 | loss 9.668530 | avg loss 9.668530 | lr 0.0001000
Relative val loss: 4.87431
Absolute val loss: 4.87431
-----------------------------------------------------------------------------------------
| end of epoch 146 | time: 15.93s | epoch loss 6.921627 |
-----------------------------------------------------------------------------------------
 [  147] (    0/   24) | ms/batch 141.7260 | loss 4.478822 | avg loss 4.478822 | lr 0.0001000
Relative val loss: 7.49089
Absolute val loss: 7.49089
-----------------------------------------------------------------------------------------
| end of epoch 147 | time: 25.30s | epoch loss 6.567517 |
-----------------------------------------------------------------------------------------
 [  148] (    0/   24) | ms/batch 160.7075 | loss 6.246603 | avg loss 6.246603 | lr 0.0001000
Relative val loss: 6.42452
Absolute val loss: 6.42452
-----------------------------------------------------------------------------------------
| end of epoch 148 | time: 22.60s | epoch loss 6.919699 |
-----------------------------------------------------------------------------------------
 [  149] (    0/   24) | ms/batch 160.8624 | loss 7.359352 | avg loss 7.359352 | lr 0.0001000
Relative val loss: 4.75018
Absolute val loss: 4.75018
-----------------------------------------------------------------------------------------
| end of epoch 149 | time: 15.58s | epoch loss 6.753612 |
-----------------------------------------------------------------------------------------
 [  150] (    0/   24) | ms/batch 141.5381 | loss 6.133850 | avg loss 6.133850 | lr 0.0001000
Relative val loss: 8.73953
Absolute val loss: 8.73953
-----------------------------------------------------------------------------------------
| end of epoch 150 | time: 15.65s | epoch loss 6.642331 |
-----------------------------------------------------------------------------------------
