nohup: ignoring input
Argument list to program
--relative_age False
--chronological_age False
--gender_multiplier False
--use_gut_microbiome False
--use_pe_performance False
--use_correlation False
--use_image True
--feature_extractor vit
--cropped False
--dataset KG
--data_train /private/workspace/cyt/bone_age_assessment/data/data_yuwei/train_clean
--heatmaps_train /private/workspace/cyt/bone_age_assessment/BA/simba/experiments/best_experiment/KG/with_only_image_abs_vit/HEATMAPS_TRAIN
--ann_path_train /private/workspace/cyt/bone_age_assessment/data/data_yuwei/annotations/train_ann.csv
--rois_path_train /private/workspace/cyt/bone_age_assessment/data/RSNA/annotations/RSNA_Anatomical_ROIs_Training.json
--data_val /private/workspace/cyt/bone_age_assessment/data/data_yuwei/val_clean
--heatmaps_val /private/workspace/cyt/bone_age_assessment/BA/simba/experiments/best_experiment/KG/with_only_image_abs_vit/HEATMAPS_VAL
--ann_path_val /private/workspace/cyt/bone_age_assessment/data/data_yuwei/annotations/val_ann.csv
--rois_path_val /private/workspace/cyt/bone_age_assessment/data/RSNA/annotations/RSNA_Anatomical_ROIs_Validation.json
--trainval True
--save_folder /private/workspace/cyt/bone_age_assessment/BA/simba/experiments/best_experiment/KG/with_only_image_abs_vit
--snapshot /private/workspace/cyt/bone_age_assessment/BA/simba/experiments/best_experiment/KG/with_only_image_abs_vit/boneage_bonet_snapshot.pth
--optim_snapshot /private/workspace/cyt/bone_age_assessment/BA/simba/experiments/best_experiment/KG/with_only_image_abs_vit/boneage_bonet_optim.pth
--eval_first True
--workers 2
--batch_size 20
--epochs 150
--lr 0.0001
--patience 2
--start_epoch 0
--seed 1111
--log_interval 30
--gpu 0
--rank 0



---> Number of params: 87601721
Number of workers:2
Train begins...
Relative val loss: 57.45754
Absolute val loss: 57.45754
 [    0] (    0/   24) | ms/batch 517.1354 | loss 58.603161 | avg loss 58.603161 | lr 0.0001000
Relative val loss: 40.06217
Absolute val loss: 40.06217
-----------------------------------------------------------------------------------------
| end of epoch   0 | time: 13.10s | epoch loss 52.950653 |
-----------------------------------------------------------------------------------------
 [    1] (    0/   24) | ms/batch 409.8935 | loss 38.833027 | avg loss 38.833027 | lr 0.0001000
Relative val loss: 14.64330
Absolute val loss: 14.64330
-----------------------------------------------------------------------------------------
| end of epoch   1 | time: 13.26s | epoch loss 23.691139 |
-----------------------------------------------------------------------------------------
 [    2] (    0/   24) | ms/batch 422.7264 | loss 17.390553 | avg loss 17.390553 | lr 0.0001000
Relative val loss: 11.54112
Absolute val loss: 11.54112
-----------------------------------------------------------------------------------------
| end of epoch   2 | time: 13.66s | epoch loss 12.632175 |
-----------------------------------------------------------------------------------------
 [    3] (    0/   24) | ms/batch 420.1329 | loss 15.457728 | avg loss 15.457728 | lr 0.0001000
Relative val loss: 13.13643
Absolute val loss: 13.13643
-----------------------------------------------------------------------------------------
| end of epoch   3 | time: 13.89s | epoch loss 11.580820 |
-----------------------------------------------------------------------------------------
 [    4] (    0/   24) | ms/batch 409.3220 | loss 13.863416 | avg loss 13.863416 | lr 0.0001000
Relative val loss: 12.59697
Absolute val loss: 12.59697
-----------------------------------------------------------------------------------------
| end of epoch   4 | time: 14.31s | epoch loss 11.979119 |
-----------------------------------------------------------------------------------------
 [    5] (    0/   24) | ms/batch 361.9564 | loss 10.693827 | avg loss 10.693827 | lr 0.0001000
Relative val loss: 12.56450
Absolute val loss: 12.56450
-----------------------------------------------------------------------------------------
| end of epoch   5 | time: 13.55s | epoch loss 11.642023 |
-----------------------------------------------------------------------------------------
 [    6] (    0/   24) | ms/batch 460.3024 | loss 9.823992 | avg loss 9.823992 | lr 0.0001000
Relative val loss: 12.64308
Absolute val loss: 12.64308
-----------------------------------------------------------------------------------------
| end of epoch   6 | time: 13.40s | epoch loss 11.752763 |
-----------------------------------------------------------------------------------------
 [    7] (    0/   24) | ms/batch 408.6542 | loss 10.885129 | avg loss 10.885129 | lr 0.0001000
Relative val loss: 11.60721
Absolute val loss: 11.60721
-----------------------------------------------------------------------------------------
| end of epoch   7 | time: 13.31s | epoch loss 11.696345 |
-----------------------------------------------------------------------------------------
 [    8] (    0/   24) | ms/batch 454.2813 | loss 12.500005 | avg loss 12.500005 | lr 0.0001000
Relative val loss: 11.53482
Absolute val loss: 11.53482
-----------------------------------------------------------------------------------------
| end of epoch   8 | time: 14.01s | epoch loss 11.885118 |
-----------------------------------------------------------------------------------------
 [    9] (    0/   24) | ms/batch 401.9363 | loss 11.181670 | avg loss 11.181670 | lr 0.0001000
Relative val loss: 12.28232
Absolute val loss: 12.28232
-----------------------------------------------------------------------------------------
| end of epoch   9 | time: 13.37s | epoch loss 11.562795 |
-----------------------------------------------------------------------------------------
 [   10] (    0/   24) | ms/batch 401.9601 | loss 13.263806 | avg loss 13.263806 | lr 0.0001000
Relative val loss: 13.50512
Absolute val loss: 13.50512
-----------------------------------------------------------------------------------------
| end of epoch  10 | time: 14.14s | epoch loss 11.645366 |
-----------------------------------------------------------------------------------------
 [   11] (    0/   24) | ms/batch 328.4597 | loss 7.382623 | avg loss 7.382623 | lr 0.0001000
Relative val loss: 11.96772
Absolute val loss: 11.96772
-----------------------------------------------------------------------------------------
| end of epoch  11 | time: 14.12s | epoch loss 11.624647 |
-----------------------------------------------------------------------------------------
 [   12] (    0/   24) | ms/batch 436.5788 | loss 11.082364 | avg loss 11.082364 | lr 0.0001000
Relative val loss: 11.84173
Absolute val loss: 11.84173
-----------------------------------------------------------------------------------------
| end of epoch  12 | time: 14.24s | epoch loss 11.561668 |
-----------------------------------------------------------------------------------------
 [   13] (    0/   24) | ms/batch 414.0637 | loss 9.714272 | avg loss 9.714272 | lr 0.0001000
Relative val loss: 11.48077
Absolute val loss: 11.48077
-----------------------------------------------------------------------------------------
| end of epoch  13 | time: 14.49s | epoch loss 11.410180 |
-----------------------------------------------------------------------------------------
 [   14] (    0/   24) | ms/batch 459.1975 | loss 11.006137 | avg loss 11.006137 | lr 0.0001000
Relative val loss: 11.15466
Absolute val loss: 11.15466
-----------------------------------------------------------------------------------------
| end of epoch  14 | time: 14.23s | epoch loss 10.947997 |
-----------------------------------------------------------------------------------------
 [   15] (    0/   24) | ms/batch 429.8213 | loss 10.476317 | avg loss 10.476317 | lr 0.0001000
Relative val loss: 12.56629
Absolute val loss: 12.56629
-----------------------------------------------------------------------------------------
| end of epoch  15 | time: 14.40s | epoch loss 11.137837 |
-----------------------------------------------------------------------------------------
 [   16] (    0/   24) | ms/batch 462.6908 | loss 11.327447 | avg loss 11.327447 | lr 0.0001000
Relative val loss: 11.71091
Absolute val loss: 11.71091
-----------------------------------------------------------------------------------------
| end of epoch  16 | time: 14.34s | epoch loss 11.740400 |
-----------------------------------------------------------------------------------------
 [   17] (    0/   24) | ms/batch 450.4538 | loss 11.917949 | avg loss 11.917949 | lr 0.0001000
Relative val loss: 11.49632
Absolute val loss: 11.49632
-----------------------------------------------------------------------------------------
| end of epoch  17 | time: 13.64s | epoch loss 11.419909 |
-----------------------------------------------------------------------------------------
 [   18] (    0/   24) | ms/batch 460.7198 | loss 14.186295 | avg loss 14.186295 | lr 0.0001000
Relative val loss: 12.13762
Absolute val loss: 12.13762
-----------------------------------------------------------------------------------------
| end of epoch  18 | time: 14.25s | epoch loss 10.778996 |
-----------------------------------------------------------------------------------------
 [   19] (    0/   24) | ms/batch 458.7100 | loss 11.988749 | avg loss 11.988749 | lr 0.0001000
Relative val loss: 11.52245
Absolute val loss: 11.52245
-----------------------------------------------------------------------------------------
| end of epoch  19 | time: 14.35s | epoch loss 11.466065 |
-----------------------------------------------------------------------------------------
 [   20] (    0/   24) | ms/batch 374.8569 | loss 12.501968 | avg loss 12.501968 | lr 0.0001000
Relative val loss: 11.58105
Absolute val loss: 11.58105
-----------------------------------------------------------------------------------------
| end of epoch  20 | time: 14.11s | epoch loss 11.245199 |
-----------------------------------------------------------------------------------------
 [   21] (    0/   24) | ms/batch 318.9702 | loss 9.948016 | avg loss 9.948016 | lr 0.0001000
Relative val loss: 11.89804
Absolute val loss: 11.89804
-----------------------------------------------------------------------------------------
| end of epoch  21 | time: 14.21s | epoch loss 11.230062 |
-----------------------------------------------------------------------------------------
 [   22] (    0/   24) | ms/batch 355.7882 | loss 9.666138 | avg loss 9.666138 | lr 0.0001000
Relative val loss: 12.48384
Absolute val loss: 12.48384
-----------------------------------------------------------------------------------------
| end of epoch  22 | time: 14.19s | epoch loss 11.786412 |
-----------------------------------------------------------------------------------------
 [   23] (    0/   24) | ms/batch 297.3924 | loss 11.966815 | avg loss 11.966815 | lr 0.0001000
Relative val loss: 11.94451
Absolute val loss: 11.94451
-----------------------------------------------------------------------------------------
| end of epoch  23 | time: 14.19s | epoch loss 11.701593 |
-----------------------------------------------------------------------------------------
 [   24] (    0/   24) | ms/batch 352.6051 | loss 11.085923 | avg loss 11.085923 | lr 0.0001000
Relative val loss: 11.53195
Absolute val loss: 11.53195
-----------------------------------------------------------------------------------------
| end of epoch  24 | time: 14.26s | epoch loss 11.627260 |
-----------------------------------------------------------------------------------------
 [   25] (    0/   24) | ms/batch 338.7470 | loss 10.021052 | avg loss 10.021052 | lr 0.0001000
Relative val loss: 11.33498
Absolute val loss: 11.33498
-----------------------------------------------------------------------------------------
| end of epoch  25 | time: 13.86s | epoch loss 11.180583 |
-----------------------------------------------------------------------------------------
 [   26] (    0/   24) | ms/batch 352.6149 | loss 14.595387 | avg loss 14.595387 | lr 0.0001000
Relative val loss: 11.48772
Absolute val loss: 11.48772
-----------------------------------------------------------------------------------------
| end of epoch  26 | time: 13.66s | epoch loss 11.242239 |
-----------------------------------------------------------------------------------------
 [   27] (    0/   24) | ms/batch 459.0297 | loss 12.625221 | avg loss 12.625221 | lr 0.0001000
Relative val loss: 11.15561
Absolute val loss: 11.15561
-----------------------------------------------------------------------------------------
| end of epoch  27 | time: 12.95s | epoch loss 11.179523 |
-----------------------------------------------------------------------------------------
 [   28] (    0/   24) | ms/batch 458.0142 | loss 10.789064 | avg loss 10.789064 | lr 0.0001000
Relative val loss: 11.57218
Absolute val loss: 11.57218
-----------------------------------------------------------------------------------------
| end of epoch  28 | time: 13.68s | epoch loss 11.045573 |
-----------------------------------------------------------------------------------------
 [   29] (    0/   24) | ms/batch 464.4928 | loss 10.456665 | avg loss 10.456665 | lr 0.0001000
Relative val loss: 11.55714
Absolute val loss: 11.55714
-----------------------------------------------------------------------------------------
| end of epoch  29 | time: 13.86s | epoch loss 11.026888 |
-----------------------------------------------------------------------------------------
 [   30] (    0/   24) | ms/batch 459.9860 | loss 12.756543 | avg loss 12.756543 | lr 0.0001000
Relative val loss: 11.45651
Absolute val loss: 11.45651
-----------------------------------------------------------------------------------------
| end of epoch  30 | time: 13.25s | epoch loss 11.148158 |
-----------------------------------------------------------------------------------------
 [   31] (    0/   24) | ms/batch 446.0325 | loss 12.273825 | avg loss 12.273825 | lr 0.0001000
Relative val loss: 11.51700
Absolute val loss: 11.51700
-----------------------------------------------------------------------------------------
| end of epoch  31 | time: 13.91s | epoch loss 11.263309 |
-----------------------------------------------------------------------------------------
 [   32] (    0/   24) | ms/batch 459.3782 | loss 11.414014 | avg loss 11.414014 | lr 0.0001000
Relative val loss: 12.25144
Absolute val loss: 12.25144
-----------------------------------------------------------------------------------------
| end of epoch  32 | time: 14.04s | epoch loss 11.390112 |
-----------------------------------------------------------------------------------------
 [   33] (    0/   24) | ms/batch 468.1952 | loss 9.793360 | avg loss 9.793360 | lr 0.0001000
Relative val loss: 11.42397
Absolute val loss: 11.42397
-----------------------------------------------------------------------------------------
| end of epoch  33 | time: 13.71s | epoch loss 11.150446 |
-----------------------------------------------------------------------------------------
 [   34] (    0/   24) | ms/batch 448.1089 | loss 11.621316 | avg loss 11.621316 | lr 0.0001000
Relative val loss: 11.68430
Absolute val loss: 11.68430
-----------------------------------------------------------------------------------------
| end of epoch  34 | time: 14.17s | epoch loss 11.352435 |
-----------------------------------------------------------------------------------------
 [   35] (    0/   24) | ms/batch 459.1920 | loss 9.900868 | avg loss 9.900868 | lr 0.0001000
Relative val loss: 11.44097
Absolute val loss: 11.44097
-----------------------------------------------------------------------------------------
| end of epoch  35 | time: 14.00s | epoch loss 10.752213 |
-----------------------------------------------------------------------------------------
 [   36] (    0/   24) | ms/batch 381.6781 | loss 12.232707 | avg loss 12.232707 | lr 0.0001000
Relative val loss: 12.20488
Absolute val loss: 12.20488
-----------------------------------------------------------------------------------------
| end of epoch  36 | time: 14.33s | epoch loss 11.359803 |
-----------------------------------------------------------------------------------------
 [   37] (    0/   24) | ms/batch 392.3197 | loss 14.280144 | avg loss 14.280144 | lr 0.0001000
Relative val loss: 11.74004
Absolute val loss: 11.74004
-----------------------------------------------------------------------------------------
| end of epoch  37 | time: 13.05s | epoch loss 11.393975 |
-----------------------------------------------------------------------------------------
 [   38] (    0/   24) | ms/batch 449.1787 | loss 10.058112 | avg loss 10.058112 | lr 0.0001000
Relative val loss: 11.55723
Absolute val loss: 11.55723
-----------------------------------------------------------------------------------------
| end of epoch  38 | time: 14.34s | epoch loss 11.061822 |
-----------------------------------------------------------------------------------------
 [   39] (    0/   24) | ms/batch 459.0607 | loss 9.310943 | avg loss 9.310943 | lr 0.0001000
Relative val loss: 11.38392
Absolute val loss: 11.38392
-----------------------------------------------------------------------------------------
| end of epoch  39 | time: 13.99s | epoch loss 10.828304 |
-----------------------------------------------------------------------------------------
 [   40] (    0/   24) | ms/batch 296.5374 | loss 11.441715 | avg loss 11.441715 | lr 0.0001000
Relative val loss: 11.29488
Absolute val loss: 11.29488
-----------------------------------------------------------------------------------------
| end of epoch  40 | time: 14.75s | epoch loss 10.835407 |
-----------------------------------------------------------------------------------------
 [   41] (    0/   24) | ms/batch 327.8389 | loss 8.213695 | avg loss 8.213695 | lr 0.0001000
Relative val loss: 11.52323
Absolute val loss: 11.52323
-----------------------------------------------------------------------------------------
| end of epoch  41 | time: 14.07s | epoch loss 11.351206 |
-----------------------------------------------------------------------------------------
 [   42] (    0/   24) | ms/batch 356.9846 | loss 13.175794 | avg loss 13.175794 | lr 0.0001000
Relative val loss: 11.39019
Absolute val loss: 11.39019
-----------------------------------------------------------------------------------------
| end of epoch  42 | time: 14.25s | epoch loss 11.695103 |
-----------------------------------------------------------------------------------------
 [   43] (    0/   24) | ms/batch 356.0851 | loss 9.304794 | avg loss 9.304794 | lr 0.0001000
Relative val loss: 11.64020
Absolute val loss: 11.64020
-----------------------------------------------------------------------------------------
| end of epoch  43 | time: 14.21s | epoch loss 11.021194 |
-----------------------------------------------------------------------------------------
 [   44] (    0/   24) | ms/batch 348.1426 | loss 8.859320 | avg loss 8.859320 | lr 0.0001000
Relative val loss: 11.36015
Absolute val loss: 11.36015
-----------------------------------------------------------------------------------------
| end of epoch  44 | time: 13.90s | epoch loss 11.015808 |
-----------------------------------------------------------------------------------------
 [   45] (    0/   24) | ms/batch 257.7274 | loss 12.105290 | avg loss 12.105290 | lr 0.0001000
Relative val loss: 11.28707
Absolute val loss: 11.28707
-----------------------------------------------------------------------------------------
| end of epoch  45 | time: 13.41s | epoch loss 11.182937 |
-----------------------------------------------------------------------------------------
 [   46] (    0/   24) | ms/batch 459.1379 | loss 10.888794 | avg loss 10.888794 | lr 0.0001000
Relative val loss: 11.70215
Absolute val loss: 11.70215
-----------------------------------------------------------------------------------------
| end of epoch  46 | time: 13.08s | epoch loss 11.186164 |
-----------------------------------------------------------------------------------------
 [   47] (    0/   24) | ms/batch 458.8461 | loss 13.503107 | avg loss 13.503107 | lr 0.0001000
Relative val loss: 11.56602
Absolute val loss: 11.56602
-----------------------------------------------------------------------------------------
| end of epoch  47 | time: 12.91s | epoch loss 11.374947 |
-----------------------------------------------------------------------------------------
 [   48] (    0/   24) | ms/batch 452.8699 | loss 12.633206 | avg loss 12.633206 | lr 0.0001000
Relative val loss: 11.53978
Absolute val loss: 11.53978
-----------------------------------------------------------------------------------------
| end of epoch  48 | time: 13.98s | epoch loss 10.958481 |
-----------------------------------------------------------------------------------------
 [   49] (    0/   24) | ms/batch 424.9070 | loss 8.550469 | avg loss 8.550469 | lr 0.0001000
Relative val loss: 11.68026
Absolute val loss: 11.68026
-----------------------------------------------------------------------------------------
| end of epoch  49 | time: 13.86s | epoch loss 11.463451 |
-----------------------------------------------------------------------------------------
 [   50] (    0/   24) | ms/batch 456.8975 | loss 9.116127 | avg loss 9.116127 | lr 0.0001000
Relative val loss: 11.27549
Absolute val loss: 11.27549
-----------------------------------------------------------------------------------------
| end of epoch  50 | time: 13.94s | epoch loss 10.821471 |
-----------------------------------------------------------------------------------------
 [   51] (    0/   24) | ms/batch 459.5246 | loss 11.993258 | avg loss 11.993258 | lr 0.0001000
Relative val loss: 11.03904
Absolute val loss: 11.03904
-----------------------------------------------------------------------------------------
| end of epoch  51 | time: 13.73s | epoch loss 10.919283 |
-----------------------------------------------------------------------------------------
 [   52] (    0/   24) | ms/batch 407.2006 | loss 13.918530 | avg loss 13.918530 | lr 0.0001000
Relative val loss: 12.43333
Absolute val loss: 12.43333
-----------------------------------------------------------------------------------------
| end of epoch  52 | time: 13.69s | epoch loss 11.006780 |
-----------------------------------------------------------------------------------------
 [   53] (    0/   24) | ms/batch 459.7247 | loss 11.163135 | avg loss 11.163135 | lr 0.0001000
Relative val loss: 11.50683
Absolute val loss: 11.50683
-----------------------------------------------------------------------------------------
| end of epoch  53 | time: 14.21s | epoch loss 10.466679 |
-----------------------------------------------------------------------------------------
 [   54] (    0/   24) | ms/batch 452.7955 | loss 7.909485 | avg loss 7.909485 | lr 0.0001000
Relative val loss: 11.53525
Absolute val loss: 11.53525
-----------------------------------------------------------------------------------------
| end of epoch  54 | time: 15.05s | epoch loss 10.948089 |
-----------------------------------------------------------------------------------------
 [   55] (    0/   24) | ms/batch 319.7186 | loss 11.032978 | avg loss 11.032978 | lr 0.0001000
Relative val loss: 11.17501
Absolute val loss: 11.17501
-----------------------------------------------------------------------------------------
| end of epoch  55 | time: 14.24s | epoch loss 10.896419 |
-----------------------------------------------------------------------------------------
 [   56] (    0/   24) | ms/batch 318.5134 | loss 9.575500 | avg loss 9.575500 | lr 0.0001000
Relative val loss: 11.25665
Absolute val loss: 11.25665
-----------------------------------------------------------------------------------------
| end of epoch  56 | time: 14.15s | epoch loss 11.052419 |
-----------------------------------------------------------------------------------------
 [   57] (    0/   24) | ms/batch 191.8650 | loss 10.489845 | avg loss 10.489845 | lr 0.0001000
Relative val loss: 12.18690
Absolute val loss: 12.18690
-----------------------------------------------------------------------------------------
| end of epoch  57 | time: 14.62s | epoch loss 10.889350 |
-----------------------------------------------------------------------------------------
 [   58] (    0/   24) | ms/batch 358.1920 | loss 9.629843 | avg loss 9.629843 | lr 0.0001000
Relative val loss: 11.68063
Absolute val loss: 11.68063
-----------------------------------------------------------------------------------------
| end of epoch  58 | time: 14.07s | epoch loss 10.475620 |
-----------------------------------------------------------------------------------------
 [   59] (    0/   24) | ms/batch 356.5955 | loss 11.385820 | avg loss 11.385820 | lr 0.0001000
Relative val loss: 11.60336
Absolute val loss: 11.60336
-----------------------------------------------------------------------------------------
| end of epoch  59 | time: 13.86s | epoch loss 10.480298 |
-----------------------------------------------------------------------------------------
 [   60] (    0/   24) | ms/batch 316.9663 | loss 9.850886 | avg loss 9.850886 | lr 0.0001000
Relative val loss: 11.06790
Absolute val loss: 11.06790
-----------------------------------------------------------------------------------------
| end of epoch  60 | time: 14.39s | epoch loss 10.624268 |
-----------------------------------------------------------------------------------------
 [   61] (    0/   24) | ms/batch 355.3057 | loss 11.382174 | avg loss 11.382174 | lr 0.0001000
Relative val loss: 11.10409
Absolute val loss: 11.10409
-----------------------------------------------------------------------------------------
| end of epoch  61 | time: 14.03s | epoch loss 11.602017 |
-----------------------------------------------------------------------------------------
 [   62] (    0/   24) | ms/batch 352.8614 | loss 7.472235 | avg loss 7.472235 | lr 0.0001000
Relative val loss: 11.81762
Absolute val loss: 11.81762
-----------------------------------------------------------------------------------------
| end of epoch  62 | time: 14.25s | epoch loss 10.867824 |
-----------------------------------------------------------------------------------------
 [   63] (    0/   24) | ms/batch 357.9836 | loss 10.168633 | avg loss 10.168633 | lr 0.0001000
Relative val loss: 11.11123
Absolute val loss: 11.11123
-----------------------------------------------------------------------------------------
| end of epoch  63 | time: 13.31s | epoch loss 11.216001 |
-----------------------------------------------------------------------------------------
 [   64] (    0/   24) | ms/batch 332.9618 | loss 13.790031 | avg loss 13.790031 | lr 0.0001000
Relative val loss: 11.38729
Absolute val loss: 11.38729
-----------------------------------------------------------------------------------------
| end of epoch  64 | time: 13.71s | epoch loss 10.774903 |
-----------------------------------------------------------------------------------------
 [   65] (    0/   24) | ms/batch 287.8923 | loss 9.627197 | avg loss 9.627197 | lr 0.0001000
Relative val loss: 11.65914
Absolute val loss: 11.65914
-----------------------------------------------------------------------------------------
| end of epoch  65 | time: 13.45s | epoch loss 10.759660 |
-----------------------------------------------------------------------------------------
 [   66] (    0/   24) | ms/batch 457.3166 | loss 11.790355 | avg loss 11.790355 | lr 0.0001000
Relative val loss: 11.02055
Absolute val loss: 11.02055
-----------------------------------------------------------------------------------------
| end of epoch  66 | time: 13.67s | epoch loss 11.007959 |
-----------------------------------------------------------------------------------------
 [   67] (    0/   24) | ms/batch 428.2529 | loss 11.596488 | avg loss 11.596488 | lr 0.0001000
Relative val loss: 10.83389
Absolute val loss: 10.83389
-----------------------------------------------------------------------------------------
| end of epoch  67 | time: 13.59s | epoch loss 10.558802 |
-----------------------------------------------------------------------------------------
 [   68] (    0/   24) | ms/batch 461.6230 | loss 12.104048 | avg loss 12.104048 | lr 0.0001000
Relative val loss: 11.23507
Absolute val loss: 11.23507
-----------------------------------------------------------------------------------------
| end of epoch  68 | time: 13.92s | epoch loss 10.511724 |
-----------------------------------------------------------------------------------------
 [   69] (    0/   24) | ms/batch 459.5406 | loss 10.185973 | avg loss 10.185973 | lr 0.0001000
Relative val loss: 11.80783
Absolute val loss: 11.80783
-----------------------------------------------------------------------------------------
| end of epoch  69 | time: 13.52s | epoch loss 10.967155 |
-----------------------------------------------------------------------------------------
 [   70] (    0/   24) | ms/batch 427.1078 | loss 11.460083 | avg loss 11.460083 | lr 0.0001000
Relative val loss: 11.80219
Absolute val loss: 11.80219
-----------------------------------------------------------------------------------------
| end of epoch  70 | time: 13.43s | epoch loss 10.796187 |
-----------------------------------------------------------------------------------------
 [   71] (    0/   24) | ms/batch 413.2254 | loss 8.806045 | avg loss 8.806045 | lr 0.0001000
Relative val loss: 11.39200
Absolute val loss: 11.39200
-----------------------------------------------------------------------------------------
| end of epoch  71 | time: 13.96s | epoch loss 10.821628 |
-----------------------------------------------------------------------------------------
 [   72] (    0/   24) | ms/batch 442.6062 | loss 10.121071 | avg loss 10.121071 | lr 0.0001000
Relative val loss: 12.43011
Absolute val loss: 12.43011
-----------------------------------------------------------------------------------------
| end of epoch  72 | time: 13.51s | epoch loss 10.510602 |
-----------------------------------------------------------------------------------------
 [   73] (    0/   24) | ms/batch 471.3461 | loss 7.860904 | avg loss 7.860904 | lr 0.0001000
Relative val loss: 12.27999
Absolute val loss: 12.27999
-----------------------------------------------------------------------------------------
| end of epoch  73 | time: 13.54s | epoch loss 11.070015 |
-----------------------------------------------------------------------------------------
 [   74] (    0/   24) | ms/batch 459.3050 | loss 14.012969 | avg loss 14.012969 | lr 0.0001000
Relative val loss: 11.57238
Absolute val loss: 11.57238
-----------------------------------------------------------------------------------------
| end of epoch  74 | time: 13.93s | epoch loss 10.997715 |
-----------------------------------------------------------------------------------------
 [   75] (    0/   24) | ms/batch 460.9535 | loss 11.129229 | avg loss 11.129229 | lr 0.0001000
Relative val loss: 11.29604
Absolute val loss: 11.29604
-----------------------------------------------------------------------------------------
| end of epoch  75 | time: 13.80s | epoch loss 11.513641 |
-----------------------------------------------------------------------------------------
 [   76] (    0/   24) | ms/batch 474.5150 | loss 8.918057 | avg loss 8.918057 | lr 0.0001000
Relative val loss: 12.06361
Absolute val loss: 12.06361
-----------------------------------------------------------------------------------------
| end of epoch  76 | time: 14.18s | epoch loss 10.900659 |
-----------------------------------------------------------------------------------------
 [   77] (    0/   24) | ms/batch 260.0782 | loss 11.776181 | avg loss 11.776181 | lr 0.0001000
Relative val loss: 11.19558
Absolute val loss: 11.19558
-----------------------------------------------------------------------------------------
| end of epoch  77 | time: 14.77s | epoch loss 11.133209 |
-----------------------------------------------------------------------------------------
 [   78] (    0/   24) | ms/batch 310.5531 | loss 10.519324 | avg loss 10.519324 | lr 0.0001000
Relative val loss: 11.82139
Absolute val loss: 11.82139
-----------------------------------------------------------------------------------------
| end of epoch  78 | time: 14.01s | epoch loss 10.813993 |
-----------------------------------------------------------------------------------------
 [   79] (    0/   24) | ms/batch 359.6468 | loss 9.211005 | avg loss 9.211005 | lr 0.0001000
Relative val loss: 11.27804
Absolute val loss: 11.27804
-----------------------------------------------------------------------------------------
| end of epoch  79 | time: 14.10s | epoch loss 10.902636 |
-----------------------------------------------------------------------------------------
 [   80] (    0/   24) | ms/batch 341.1489 | loss 11.215620 | avg loss 11.215620 | lr 0.0001000
Relative val loss: 11.59821
Absolute val loss: 11.59821
-----------------------------------------------------------------------------------------
| end of epoch  80 | time: 14.34s | epoch loss 11.259406 |
-----------------------------------------------------------------------------------------
 [   81] (    0/   24) | ms/batch 302.2311 | loss 10.213019 | avg loss 10.213019 | lr 0.0001000
Relative val loss: 12.46641
Absolute val loss: 12.46641
-----------------------------------------------------------------------------------------
| end of epoch  81 | time: 14.36s | epoch loss 10.491894 |
-----------------------------------------------------------------------------------------
 [   82] (    0/   24) | ms/batch 298.2903 | loss 11.745070 | avg loss 11.745070 | lr 0.0001000
Relative val loss: 11.99885
Absolute val loss: 11.99885
-----------------------------------------------------------------------------------------
| end of epoch  82 | time: 14.22s | epoch loss 11.255429 |
-----------------------------------------------------------------------------------------
 [   83] (    0/   24) | ms/batch 306.5605 | loss 9.918503 | avg loss 9.918503 | lr 0.0001000
Relative val loss: 12.25173
Absolute val loss: 12.25173
-----------------------------------------------------------------------------------------
| end of epoch  83 | time: 13.90s | epoch loss 11.010450 |
-----------------------------------------------------------------------------------------
 [   84] (    0/   24) | ms/batch 201.3946 | loss 4.666645 | avg loss 4.666645 | lr 0.0001000
Relative val loss: 11.11630
Absolute val loss: 11.11630
-----------------------------------------------------------------------------------------
| end of epoch  84 | time: 14.37s | epoch loss 11.432277 |
-----------------------------------------------------------------------------------------
 [   85] (    0/   24) | ms/batch 357.2936 | loss 11.988912 | avg loss 11.988912 | lr 0.0001000
Relative val loss: 11.08463
Absolute val loss: 11.08463
-----------------------------------------------------------------------------------------
| end of epoch  85 | time: 14.62s | epoch loss 11.003371 |
-----------------------------------------------------------------------------------------
 [   86] (    0/   24) | ms/batch 356.1251 | loss 12.612886 | avg loss 12.612886 | lr 0.0001000
Relative val loss: 11.11628
Absolute val loss: 11.11628
-----------------------------------------------------------------------------------------
| end of epoch  86 | time: 14.11s | epoch loss 10.912391 |
-----------------------------------------------------------------------------------------
 [   87] (    0/   24) | ms/batch 315.6347 | loss 11.534319 | avg loss 11.534319 | lr 0.0001000
Relative val loss: 11.06031
Absolute val loss: 11.06031
-----------------------------------------------------------------------------------------
| end of epoch  87 | time: 14.37s | epoch loss 10.635419 |
-----------------------------------------------------------------------------------------
 [   88] (    0/   24) | ms/batch 322.7062 | loss 12.785839 | avg loss 12.785839 | lr 0.0001000
Relative val loss: 11.12326
Absolute val loss: 11.12326
-----------------------------------------------------------------------------------------
| end of epoch  88 | time: 14.23s | epoch loss 10.524634 |
-----------------------------------------------------------------------------------------
 [   89] (    0/   24) | ms/batch 350.9598 | loss 11.107062 | avg loss 11.107062 | lr 0.0001000
Relative val loss: 11.20442
Absolute val loss: 11.20442
-----------------------------------------------------------------------------------------
| end of epoch  89 | time: 14.29s | epoch loss 10.986251 |
-----------------------------------------------------------------------------------------
 [   90] (    0/   24) | ms/batch 355.2964 | loss 8.886626 | avg loss 8.886626 | lr 0.0001000
Relative val loss: 10.75227
Absolute val loss: 10.75227
-----------------------------------------------------------------------------------------
| end of epoch  90 | time: 14.11s | epoch loss 10.776291 |
-----------------------------------------------------------------------------------------
 [   91] (    0/   24) | ms/batch 356.5788 | loss 13.150436 | avg loss 13.150436 | lr 0.0001000
Relative val loss: 11.40018
Absolute val loss: 11.40018
-----------------------------------------------------------------------------------------
| end of epoch  91 | time: 14.23s | epoch loss 10.188612 |
-----------------------------------------------------------------------------------------
 [   92] (    0/   24) | ms/batch 357.8699 | loss 12.218467 | avg loss 12.218467 | lr 0.0001000
Relative val loss: 11.12790
Absolute val loss: 11.12790
-----------------------------------------------------------------------------------------
| end of epoch  92 | time: 13.95s | epoch loss 10.217837 |
-----------------------------------------------------------------------------------------
 [   93] (    0/   24) | ms/batch 168.5650 | loss 9.132854 | avg loss 9.132854 | lr 0.0001000
Relative val loss: 10.86811
Absolute val loss: 10.86811
-----------------------------------------------------------------------------------------
| end of epoch  93 | time: 14.73s | epoch loss 10.832906 |
-----------------------------------------------------------------------------------------
 [   94] (    0/   24) | ms/batch 183.6035 | loss 9.891067 | avg loss 9.891067 | lr 0.0001000
Relative val loss: 11.98928
Absolute val loss: 11.98928
-----------------------------------------------------------------------------------------
| end of epoch  94 | time: 14.62s | epoch loss 10.716508 |
-----------------------------------------------------------------------------------------
 [   95] (    0/   24) | ms/batch 175.4079 | loss 11.726165 | avg loss 11.726165 | lr 0.0001000
Relative val loss: 10.93003
Absolute val loss: 10.93003
-----------------------------------------------------------------------------------------
| end of epoch  95 | time: 14.40s | epoch loss 10.669453 |
-----------------------------------------------------------------------------------------
 [   96] (    0/   24) | ms/batch 358.8130 | loss 13.238162 | avg loss 13.238162 | lr 0.0001000
Relative val loss: 11.58285
Absolute val loss: 11.58285
-----------------------------------------------------------------------------------------
| end of epoch  96 | time: 14.66s | epoch loss 11.366755 |
-----------------------------------------------------------------------------------------
 [   97] (    0/   24) | ms/batch 355.0856 | loss 15.020627 | avg loss 15.020627 | lr 0.0001000
Relative val loss: 10.94712
Absolute val loss: 10.94712
-----------------------------------------------------------------------------------------
| end of epoch  97 | time: 14.24s | epoch loss 10.917171 |
-----------------------------------------------------------------------------------------
 [   98] (    0/   24) | ms/batch 252.7304 | loss 8.400720 | avg loss 8.400720 | lr 0.0001000
Relative val loss: 11.38495
Absolute val loss: 11.38495
-----------------------------------------------------------------------------------------
| end of epoch  98 | time: 14.06s | epoch loss 10.550854 |
-----------------------------------------------------------------------------------------
 [   99] (    0/   24) | ms/batch 358.4940 | loss 9.807485 | avg loss 9.807485 | lr 0.0001000
Relative val loss: 11.01987
Absolute val loss: 11.01987
-----------------------------------------------------------------------------------------
| end of epoch  99 | time: 13.95s | epoch loss 10.351535 |
-----------------------------------------------------------------------------------------
 [  100] (    0/   24) | ms/batch 333.6463 | loss 11.218330 | avg loss 11.218330 | lr 0.0001000
Relative val loss: 11.13732
Absolute val loss: 11.13732
-----------------------------------------------------------------------------------------
| end of epoch 100 | time: 13.62s | epoch loss 10.780982 |
-----------------------------------------------------------------------------------------
 [  101] (    0/   24) | ms/batch 440.4986 | loss 11.649025 | avg loss 11.649025 | lr 0.0001000
Relative val loss: 11.40313
Absolute val loss: 11.40313
-----------------------------------------------------------------------------------------
| end of epoch 101 | time: 13.25s | epoch loss 10.603811 |
-----------------------------------------------------------------------------------------
 [  102] (    0/   24) | ms/batch 410.0761 | loss 12.691451 | avg loss 12.691451 | lr 0.0001000
Relative val loss: 10.71300
Absolute val loss: 10.71300
-----------------------------------------------------------------------------------------
| end of epoch 102 | time: 13.88s | epoch loss 10.723850 |
-----------------------------------------------------------------------------------------
 [  103] (    0/   24) | ms/batch 452.7614 | loss 8.934628 | avg loss 8.934628 | lr 0.0001000
Relative val loss: 11.13581
Absolute val loss: 11.13581
-----------------------------------------------------------------------------------------
| end of epoch 103 | time: 13.26s | epoch loss 10.610824 |
-----------------------------------------------------------------------------------------
 [  104] (    0/   24) | ms/batch 452.4076 | loss 12.949923 | avg loss 12.949923 | lr 0.0001000
Relative val loss: 11.13989
Absolute val loss: 11.13989
-----------------------------------------------------------------------------------------
| end of epoch 104 | time: 13.73s | epoch loss 10.596618 |
-----------------------------------------------------------------------------------------
 [  105] (    0/   24) | ms/batch 407.5885 | loss 11.776490 | avg loss 11.776490 | lr 0.0001000
Relative val loss: 12.95373
Absolute val loss: 12.95373
-----------------------------------------------------------------------------------------
| end of epoch 105 | time: 12.88s | epoch loss 11.091814 |
-----------------------------------------------------------------------------------------
 [  106] (    0/   24) | ms/batch 404.0210 | loss 14.219228 | avg loss 14.219228 | lr 0.0001000
Relative val loss: 11.58452
Absolute val loss: 11.58452
-----------------------------------------------------------------------------------------
| end of epoch 106 | time: 13.46s | epoch loss 10.684972 |
-----------------------------------------------------------------------------------------
 [  107] (    0/   24) | ms/batch 456.8353 | loss 10.538846 | avg loss 10.538846 | lr 0.0001000
Relative val loss: 11.64004
Absolute val loss: 11.64004
-----------------------------------------------------------------------------------------
| end of epoch 107 | time: 14.30s | epoch loss 10.664737 |
-----------------------------------------------------------------------------------------
 [  108] (    0/   24) | ms/batch 385.9696 | loss 11.475891 | avg loss 11.475891 | lr 0.0001000
Relative val loss: 11.30153
Absolute val loss: 11.30153
-----------------------------------------------------------------------------------------
| end of epoch 108 | time: 13.93s | epoch loss 11.211903 |
-----------------------------------------------------------------------------------------
 [  109] (    0/   24) | ms/batch 398.6495 | loss 10.545242 | avg loss 10.545242 | lr 0.0001000
Relative val loss: 11.38228
Absolute val loss: 11.38228
-----------------------------------------------------------------------------------------
| end of epoch 109 | time: 14.02s | epoch loss 10.531313 |
-----------------------------------------------------------------------------------------
 [  110] (    0/   24) | ms/batch 317.8201 | loss 13.557352 | avg loss 13.557352 | lr 0.0001000
Relative val loss: 11.64386
Absolute val loss: 11.64386
-----------------------------------------------------------------------------------------
| end of epoch 110 | time: 14.19s | epoch loss 10.504368 |
-----------------------------------------------------------------------------------------
 [  111] (    0/   24) | ms/batch 148.8595 | loss 8.935918 | avg loss 8.935918 | lr 0.0001000
Relative val loss: 11.62152
Absolute val loss: 11.62152
-----------------------------------------------------------------------------------------
| end of epoch 111 | time: 14.79s | epoch loss 10.685878 |
-----------------------------------------------------------------------------------------
 [  112] (    0/   24) | ms/batch 318.8913 | loss 8.328540 | avg loss 8.328540 | lr 0.0001000
Relative val loss: 11.04948
Absolute val loss: 11.04948
-----------------------------------------------------------------------------------------
| end of epoch 112 | time: 14.13s | epoch loss 10.491089 |
-----------------------------------------------------------------------------------------
 [  113] (    0/   24) | ms/batch 315.2242 | loss 8.298388 | avg loss 8.298388 | lr 0.0001000
Relative val loss: 11.71929
Absolute val loss: 11.71929
-----------------------------------------------------------------------------------------
| end of epoch 113 | time: 14.40s | epoch loss 10.574223 |
-----------------------------------------------------------------------------------------
 [  114] (    0/   24) | ms/batch 318.9697 | loss 8.512524 | avg loss 8.512524 | lr 0.0001000
Relative val loss: 11.20421
Absolute val loss: 11.20421
-----------------------------------------------------------------------------------------
| end of epoch 114 | time: 14.21s | epoch loss 10.908219 |
-----------------------------------------------------------------------------------------
 [  115] (    0/   24) | ms/batch 274.2050 | loss 10.589911 | avg loss 10.589911 | lr 0.0001000
Relative val loss: 11.16950
Absolute val loss: 11.16950
-----------------------------------------------------------------------------------------
| end of epoch 115 | time: 14.29s | epoch loss 10.442623 |
-----------------------------------------------------------------------------------------
 [  116] (    0/   24) | ms/batch 345.1304 | loss 8.312700 | avg loss 8.312700 | lr 0.0001000
Relative val loss: 11.05475
Absolute val loss: 11.05475
-----------------------------------------------------------------------------------------
| end of epoch 116 | time: 14.55s | epoch loss 10.446103 |
-----------------------------------------------------------------------------------------
 [  117] (    0/   24) | ms/batch 359.2973 | loss 7.430561 | avg loss 7.430561 | lr 0.0001000
Relative val loss: 11.25581
Absolute val loss: 11.25581
-----------------------------------------------------------------------------------------
| end of epoch 117 | time: 14.25s | epoch loss 11.437446 |
-----------------------------------------------------------------------------------------
 [  118] (    0/   24) | ms/batch 288.9481 | loss 10.886519 | avg loss 10.886519 | lr 0.0001000
Relative val loss: 11.22667
Absolute val loss: 11.22667
-----------------------------------------------------------------------------------------
| end of epoch 118 | time: 14.66s | epoch loss 10.973899 |
-----------------------------------------------------------------------------------------
 [  119] (    0/   24) | ms/batch 343.4079 | loss 9.595809 | avg loss 9.595809 | lr 0.0001000
Relative val loss: 11.80376
Absolute val loss: 11.80376
-----------------------------------------------------------------------------------------
| end of epoch 119 | time: 14.18s | epoch loss 10.724181 |
-----------------------------------------------------------------------------------------
 [  120] (    0/   24) | ms/batch 311.8143 | loss 7.474328 | avg loss 7.474328 | lr 0.0001000
Relative val loss: 12.17156
Absolute val loss: 12.17156
-----------------------------------------------------------------------------------------
| end of epoch 120 | time: 14.16s | epoch loss 10.657981 |
-----------------------------------------------------------------------------------------
 [  121] (    0/   24) | ms/batch 270.2971 | loss 10.354509 | avg loss 10.354509 | lr 0.0001000
Relative val loss: 11.25867
Absolute val loss: 11.25867
-----------------------------------------------------------------------------------------
| end of epoch 121 | time: 14.06s | epoch loss 10.396116 |
-----------------------------------------------------------------------------------------
 [  122] (    0/   24) | ms/batch 313.6716 | loss 10.085665 | avg loss 10.085665 | lr 0.0001000
Relative val loss: 11.05227
Absolute val loss: 11.05227
-----------------------------------------------------------------------------------------
| end of epoch 122 | time: 14.42s | epoch loss 10.145760 |
-----------------------------------------------------------------------------------------
 [  123] (    0/   24) | ms/batch 309.1061 | loss 9.877760 | avg loss 9.877760 | lr 0.0001000
Relative val loss: 11.79414
Absolute val loss: 11.79414
-----------------------------------------------------------------------------------------
| end of epoch 123 | time: 14.09s | epoch loss 10.330455 |
-----------------------------------------------------------------------------------------
 [  124] (    0/   24) | ms/batch 332.5195 | loss 11.307109 | avg loss 11.307109 | lr 0.0001000
Relative val loss: 11.14245
Absolute val loss: 11.14245
-----------------------------------------------------------------------------------------
| end of epoch 124 | time: 14.39s | epoch loss 10.710369 |
-----------------------------------------------------------------------------------------
 [  125] (    0/   24) | ms/batch 338.1560 | loss 11.529395 | avg loss 11.529395 | lr 0.0001000
Relative val loss: 11.15586
Absolute val loss: 11.15586
-----------------------------------------------------------------------------------------
| end of epoch 125 | time: 13.18s | epoch loss 10.108050 |
-----------------------------------------------------------------------------------------
 [  126] (    0/   24) | ms/batch 390.9225 | loss 10.186639 | avg loss 10.186639 | lr 0.0001000
Relative val loss: 11.00711
Absolute val loss: 11.00711
-----------------------------------------------------------------------------------------
| end of epoch 126 | time: 10.94s | epoch loss 10.604991 |
-----------------------------------------------------------------------------------------
 [  127] (    0/   24) | ms/batch 216.2006 | loss 9.590098 | avg loss 9.590098 | lr 0.0001000
Relative val loss: 10.93553
Absolute val loss: 10.93553
-----------------------------------------------------------------------------------------
| end of epoch 127 | time: 10.07s | epoch loss 10.303426 |
-----------------------------------------------------------------------------------------
 [  128] (    0/   24) | ms/batch 316.1762 | loss 10.802841 | avg loss 10.802841 | lr 0.0001000
Relative val loss: 10.77314
Absolute val loss: 10.77314
-----------------------------------------------------------------------------------------
| end of epoch 128 | time: 10.77s | epoch loss 10.590679 |
-----------------------------------------------------------------------------------------
train_net.sh: line 41: 1967936 Killed                  CUDA_VISIBLE_DEVICES=$GPUS python -m train --data-train $DATA_TRAIN --heatmaps-train $HEATMAPS_TRAIN --ann-path-train $ANN_PATH_TRAIN --rois-path-train $ROIS_PATH_TRAIN --data-val $DATA_VAL --heatmaps-val $HEATMAPS_VAL --ann-path-val $ANN_PATH_VAL --rois-path-val $ROIS_PATH_VAL --batch-size $BATCH_SIZE --start-epoch $START_EPOCH --epochs $NUM_EPOCHS --lr $LR --patience $PATIENCE --gpu $GPUS --save-folder $SAVE_FOLDER --dataset $DATASET --workers $NUM_WORKERS --start-epoch $START_EPOCH --snapshot $SNAPSHOT --optim-snapshot $OPTIM_SNAPSHOT --trainval --eval-first --use-image --feature-extractor $FEATURE_EXTRACTOR
