nohup: ignoring input
Argument list to program
--relative_age True
--chronological_age True
--gender_multiplier True
--use_gut_microbiome False
--use_pe_performance False
--use_correlation True
--cropped False
--dataset KG
--data_train /private/workspace/cyt/bone_age_assessment/data/data_yuwei/train
--heatmaps_train cyt/bone_age_assessment/BA/simba/experiments/best_experiment/KG/with_cor/HEATMAPS_TRAIN
--ann_path_train /private/workspace/cyt/bone_age_assessment/data/data_yuwei/annotations/train_ann.csv
--rois_path_train /private/workspace/cyt/bone_age_assessment/data/RSNA/annotations/RSNA_Anatomical_ROIs_Training.json
--data_val /private/workspace/cyt/bone_age_assessment/data/data_yuwei/val
--heatmaps_val cyt/bone_age_assessment/BA/simba/experiments/best_experiment/KG/with_cor/HEATMAPS_VAL
--ann_path_val /private/workspace/cyt/bone_age_assessment/data/data_yuwei/annotations/val_ann.csv
--rois_path_val /private/workspace/cyt/bone_age_assessment/data/RSNA/annotations/RSNA_Anatomical_ROIs_Validation.json
--trainval True
--save_folder cyt/bone_age_assessment/BA/simba/experiments/best_experiment/KG/with_cor
--snapshot cyt/bone_age_assessment/BA/simba/experiments/best_experiment/KG/with_cor/boneage_bonet_snapshot.pth
--optim_snapshot cyt/bone_age_assessment/BA/simba/experiments/best_experiment/KG/with_cor/boneage_bonet_optim.pth
--eval_first True
--workers 25
--batch_size 20
--epochs 150
--lr 0.0001
--patience 2
--start_epoch 0
--seed 1111
--log_interval 30
--gpu 0
--rank 0



---> Number of params: 123471819
Train begins...
Relative val loss: 1812339917857.03223
Absolute val loss: 1812339917857.03223
 [    0] (    0/   24) | ms/batch 2674.9563 | loss 29.094938 | avg loss 29.094938 | lr 0.0001000
Relative val loss: 25.27420
Absolute val loss: 25.27420
-----------------------------------------------------------------------------------------
| end of epoch   0 | time: 18.62s | epoch loss 34.571591 |
-----------------------------------------------------------------------------------------
 [    1] (    0/   24) | ms/batch 141.9117 | loss 23.138165 | avg loss 23.138165 | lr 0.0001000
Relative val loss: 22.00989
Absolute val loss: 22.00989
-----------------------------------------------------------------------------------------
| end of epoch   1 | time: 13.45s | epoch loss 30.153559 |
-----------------------------------------------------------------------------------------
 [    2] (    0/   24) | ms/batch 139.2939 | loss 19.965229 | avg loss 19.965229 | lr 0.0001000
Relative val loss: 12.20814
Absolute val loss: 12.20814
-----------------------------------------------------------------------------------------
| end of epoch   2 | time: 14.18s | epoch loss 22.203537 |
-----------------------------------------------------------------------------------------
 [    3] (    0/   24) | ms/batch 138.9251 | loss 14.208389 | avg loss 14.208389 | lr 0.0001000
Relative val loss: 30.89650
Absolute val loss: 30.89650
-----------------------------------------------------------------------------------------
| end of epoch   3 | time: 13.44s | epoch loss 16.676958 |
-----------------------------------------------------------------------------------------
 [    4] (    0/   24) | ms/batch 139.7200 | loss 37.354984 | avg loss 37.354984 | lr 0.0001000
Relative val loss: 12.52708
Absolute val loss: 12.52708
-----------------------------------------------------------------------------------------
| end of epoch   4 | time: 13.41s | epoch loss 22.724530 |
-----------------------------------------------------------------------------------------
 [    5] (    0/   24) | ms/batch 150.9717 | loss 21.105740 | avg loss 21.105740 | lr 0.0001000
Relative val loss: 12.79071
Absolute val loss: 12.79071
-----------------------------------------------------------------------------------------
| end of epoch   5 | time: 14.37s | epoch loss 17.218745 |
-----------------------------------------------------------------------------------------
 [    6] (    0/   24) | ms/batch 156.9686 | loss 13.857323 | avg loss 13.857323 | lr 0.0001000
Relative val loss: 11.41161
Absolute val loss: 11.41161
-----------------------------------------------------------------------------------------
| end of epoch   6 | time: 13.60s | epoch loss 14.531462 |
-----------------------------------------------------------------------------------------
 [    7] (    0/   24) | ms/batch 159.4627 | loss 8.461766 | avg loss 8.461766 | lr 0.0001000
Relative val loss: 9.40904
Absolute val loss: 9.40904
-----------------------------------------------------------------------------------------
| end of epoch   7 | time: 13.73s | epoch loss 12.861587 |
-----------------------------------------------------------------------------------------
 [    8] (    0/   24) | ms/batch 153.0130 | loss 15.489632 | avg loss 15.489632 | lr 0.0001000
Relative val loss: 9.74087
Absolute val loss: 9.74087
-----------------------------------------------------------------------------------------
| end of epoch   8 | time: 13.69s | epoch loss 13.702425 |
-----------------------------------------------------------------------------------------
 [    9] (    0/   24) | ms/batch 161.6855 | loss 17.317230 | avg loss 17.317230 | lr 0.0001000
Relative val loss: 10.47350
Absolute val loss: 10.47350
-----------------------------------------------------------------------------------------
| end of epoch   9 | time: 13.23s | epoch loss 13.841216 |
-----------------------------------------------------------------------------------------
 [   10] (    0/   24) | ms/batch 159.4479 | loss 9.889775 | avg loss 9.889775 | lr 0.0001000
Relative val loss: 8.82678
Absolute val loss: 8.82678
-----------------------------------------------------------------------------------------
| end of epoch  10 | time: 13.49s | epoch loss 12.197161 |
-----------------------------------------------------------------------------------------
 [   11] (    0/   24) | ms/batch 153.4688 | loss 11.411611 | avg loss 11.411611 | lr 0.0001000
Relative val loss: 8.16306
Absolute val loss: 8.16306
-----------------------------------------------------------------------------------------
| end of epoch  11 | time: 13.88s | epoch loss 12.164490 |
-----------------------------------------------------------------------------------------
 [   12] (    0/   24) | ms/batch 139.8592 | loss 11.042000 | avg loss 11.042000 | lr 0.0001000
Relative val loss: 8.13042
Absolute val loss: 8.13042
-----------------------------------------------------------------------------------------
| end of epoch  12 | time: 13.21s | epoch loss 11.601775 |
-----------------------------------------------------------------------------------------
 [   13] (    0/   24) | ms/batch 139.2229 | loss 9.248253 | avg loss 9.248253 | lr 0.0001000
Relative val loss: 11.17483
Absolute val loss: 11.17483
-----------------------------------------------------------------------------------------
| end of epoch  13 | time: 12.98s | epoch loss 11.213591 |
-----------------------------------------------------------------------------------------
 [   14] (    0/   24) | ms/batch 142.5955 | loss 13.969205 | avg loss 13.969205 | lr 0.0001000
Relative val loss: 7.76393
Absolute val loss: 7.76393
-----------------------------------------------------------------------------------------
| end of epoch  14 | time: 13.17s | epoch loss 11.668567 |
-----------------------------------------------------------------------------------------
 [   15] (    0/   24) | ms/batch 139.7066 | loss 10.638520 | avg loss 10.638520 | lr 0.0001000
Relative val loss: 8.74954
Absolute val loss: 8.74954
-----------------------------------------------------------------------------------------
| end of epoch  15 | time: 15.77s | epoch loss 11.218545 |
-----------------------------------------------------------------------------------------
 [   16] (    0/   24) | ms/batch 139.5833 | loss 12.412625 | avg loss 12.412625 | lr 0.0001000
Relative val loss: 8.25273
Absolute val loss: 8.25273
-----------------------------------------------------------------------------------------
| end of epoch  16 | time: 15.20s | epoch loss 11.031833 |
-----------------------------------------------------------------------------------------
 [   17] (    0/   24) | ms/batch 277.0267 | loss 9.721440 | avg loss 9.721440 | lr 0.0001000
Relative val loss: 8.08735
Absolute val loss: 8.08735
-----------------------------------------------------------------------------------------
| end of epoch  17 | time: 15.83s | epoch loss 10.003270 |
-----------------------------------------------------------------------------------------
 [   18] (    0/   24) | ms/batch 278.6789 | loss 10.990499 | avg loss 10.990499 | lr 0.0001000
Relative val loss: 9.93464
Absolute val loss: 9.93464
-----------------------------------------------------------------------------------------
| end of epoch  18 | time: 18.81s | epoch loss 10.321039 |
-----------------------------------------------------------------------------------------
 [   19] (    0/   24) | ms/batch 152.6098 | loss 11.308309 | avg loss 11.308309 | lr 0.0001000
Relative val loss: 7.74114
Absolute val loss: 7.74114
-----------------------------------------------------------------------------------------
| end of epoch  19 | time: 15.55s | epoch loss 9.445056 |
-----------------------------------------------------------------------------------------
 [   20] (    0/   24) | ms/batch 159.0791 | loss 10.883566 | avg loss 10.883566 | lr 0.0001000
Relative val loss: 12.80293
Absolute val loss: 12.80293
-----------------------------------------------------------------------------------------
| end of epoch  20 | time: 13.82s | epoch loss 10.189963 |
-----------------------------------------------------------------------------------------
 [   21] (    0/   24) | ms/batch 287.1394 | loss 11.811896 | avg loss 11.811896 | lr 0.0001000
Relative val loss: 7.46556
Absolute val loss: 7.46556
-----------------------------------------------------------------------------------------
| end of epoch  21 | time: 16.40s | epoch loss 10.760629 |
-----------------------------------------------------------------------------------------
 [   22] (    0/   24) | ms/batch 282.0520 | loss 8.230692 | avg loss 8.230692 | lr 0.0001000
Relative val loss: 9.78743
Absolute val loss: 9.78743
-----------------------------------------------------------------------------------------
| end of epoch  22 | time: 15.01s | epoch loss 9.606744 |
-----------------------------------------------------------------------------------------
 [   23] (    0/   24) | ms/batch 140.4643 | loss 9.431961 | avg loss 9.431961 | lr 0.0001000
Relative val loss: 8.64624
Absolute val loss: 8.64624
-----------------------------------------------------------------------------------------
| end of epoch  23 | time: 15.47s | epoch loss 10.477572 |
-----------------------------------------------------------------------------------------
 [   24] (    0/   24) | ms/batch 139.5128 | loss 7.506775 | avg loss 7.506775 | lr 0.0001000
Relative val loss: 8.75883
Absolute val loss: 8.75883
-----------------------------------------------------------------------------------------
| end of epoch  24 | time: 16.49s | epoch loss 9.046077 |
-----------------------------------------------------------------------------------------
 [   25] (    0/   24) | ms/batch 140.5554 | loss 6.752767 | avg loss 6.752767 | lr 0.0001000
Relative val loss: 10.42547
Absolute val loss: 10.42547
-----------------------------------------------------------------------------------------
| end of epoch  25 | time: 15.34s | epoch loss 10.231717 |
-----------------------------------------------------------------------------------------
 [   26] (    0/   24) | ms/batch 140.8718 | loss 9.558909 | avg loss 9.558909 | lr 0.0001000
Relative val loss: 7.30189
Absolute val loss: 7.30189
-----------------------------------------------------------------------------------------
| end of epoch  26 | time: 15.27s | epoch loss 9.875736 |
-----------------------------------------------------------------------------------------
 [   27] (    0/   24) | ms/batch 159.5311 | loss 10.146121 | avg loss 10.146121 | lr 0.0001000
Relative val loss: 7.91943
Absolute val loss: 7.91943
-----------------------------------------------------------------------------------------
| end of epoch  27 | time: 15.40s | epoch loss 9.529305 |
-----------------------------------------------------------------------------------------
 [   28] (    0/   24) | ms/batch 139.7281 | loss 7.901279 | avg loss 7.901279 | lr 0.0001000
Relative val loss: 7.93186
Absolute val loss: 7.93186
-----------------------------------------------------------------------------------------
| end of epoch  28 | time: 15.37s | epoch loss 9.306472 |
-----------------------------------------------------------------------------------------
 [   29] (    0/   24) | ms/batch 139.6015 | loss 10.210212 | avg loss 10.210212 | lr 0.0001000
Relative val loss: 7.46373
Absolute val loss: 7.46373
-----------------------------------------------------------------------------------------
| end of epoch  29 | time: 15.21s | epoch loss 9.359526 |
-----------------------------------------------------------------------------------------
 [   30] (    0/   24) | ms/batch 140.2304 | loss 10.870952 | avg loss 10.870952 | lr 0.0001000
Relative val loss: 7.42811
Absolute val loss: 7.42811
-----------------------------------------------------------------------------------------
| end of epoch  30 | time: 15.60s | epoch loss 8.858901 |
-----------------------------------------------------------------------------------------
 [   31] (    0/   24) | ms/batch 160.2912 | loss 11.104999 | avg loss 11.104999 | lr 0.0001000
Relative val loss: 9.51911
Absolute val loss: 9.51911
-----------------------------------------------------------------------------------------
| end of epoch  31 | time: 14.34s | epoch loss 9.663056 |
-----------------------------------------------------------------------------------------
