nohup: ignoring input
Argument list to program
--relative_age True
--chronological_age True
--gender_multiplier True
--use_gut_microbiome False
--use_pe_performance False
--use_correlation True
--cropped False
--dataset KG
--data_train /private/workspace/cyt/bone_age_assessment/data/data_yuwei/train_clean
--heatmaps_train /private/workspace/cyt/bone_age_assessment/BA/simba/experiments/best_experiment/KG/with_gender_c_age_cor_seg/HEATMAPS_TRAIN
--ann_path_train /private/workspace/cyt/bone_age_assessment/data/data_yuwei/annotations/train_ann.csv
--rois_path_train /private/workspace/cyt/bone_age_assessment/data/RSNA/annotations/RSNA_Anatomical_ROIs_Training.json
--data_val /private/workspace/cyt/bone_age_assessment/data/data_yuwei/val_clean
--heatmaps_val /private/workspace/cyt/bone_age_assessment/BA/simba/experiments/best_experiment/KG/with_gender_c_age_cor_seg/HEATMAPS_VAL
--ann_path_val /private/workspace/cyt/bone_age_assessment/data/data_yuwei/annotations/val_ann.csv
--rois_path_val /private/workspace/cyt/bone_age_assessment/data/RSNA/annotations/RSNA_Anatomical_ROIs_Validation.json
--trainval True
--save_folder /private/workspace/cyt/bone_age_assessment/BA/simba/experiments/best_experiment/KG/with_gender_c_age_cor_seg
--snapshot /private/workspace/cyt/bone_age_assessment/BA/simba/experiments/best_experiment/KG/with_gender_c_age_cor_seg/boneage_bonet_snapshot.pth
--optim_snapshot /private/workspace/cyt/bone_age_assessment/BA/simba/experiments/best_experiment/KG/with_gender_c_age_cor_seg/boneage_bonet_optim.pth
--eval_first True
--workers 4
--batch_size 20
--epochs 150
--lr 0.0001
--patience 2
--start_epoch 0
--seed 1111
--log_interval 30
--gpu 0
--rank 0



---> Number of params: 123471819
Number of workers:4
Train begins...
Relative val loss: 3270024668457.29053
Absolute val loss: 3270024668457.29053
 [    0] (    0/   24) | ms/batch 462.2061 | loss 34.625217 | avg loss 34.625217 | lr 0.0001000
Relative val loss: 16.24275
Absolute val loss: 16.24275
-----------------------------------------------------------------------------------------
| end of epoch   0 | time: 12.39s | epoch loss 50.360169 |
-----------------------------------------------------------------------------------------
 [    1] (    0/   24) | ms/batch 314.9705 | loss 18.176847 | avg loss 18.176847 | lr 0.0001000
Relative val loss: 10.88671
Absolute val loss: 10.88671
-----------------------------------------------------------------------------------------
| end of epoch   1 | time: 11.98s | epoch loss 18.975662 |
-----------------------------------------------------------------------------------------
 [    2] (    0/   24) | ms/batch 284.2333 | loss 15.577921 | avg loss 15.577921 | lr 0.0001000
Relative val loss: 9.85015
Absolute val loss: 9.85015
-----------------------------------------------------------------------------------------
| end of epoch   2 | time: 12.07s | epoch loss 19.438387 |
-----------------------------------------------------------------------------------------
 [    3] (    0/   24) | ms/batch 315.4418 | loss 14.864090 | avg loss 14.864090 | lr 0.0001000
Relative val loss: 12.59264
Absolute val loss: 12.59264
-----------------------------------------------------------------------------------------
| end of epoch   3 | time: 11.86s | epoch loss 15.197699 |
-----------------------------------------------------------------------------------------
 [    4] (    0/   24) | ms/batch 315.3291 | loss 12.682034 | avg loss 12.682034 | lr 0.0001000
Relative val loss: 12.41485
Absolute val loss: 12.41485
-----------------------------------------------------------------------------------------
| end of epoch   4 | time: 12.41s | epoch loss 18.792669 |
-----------------------------------------------------------------------------------------
 [    5] (    0/   24) | ms/batch 315.2070 | loss 30.942856 | avg loss 30.942856 | lr 0.0001000
Relative val loss: 10.80645
Absolute val loss: 10.80645
-----------------------------------------------------------------------------------------
| end of epoch   5 | time: 11.86s | epoch loss 17.355375 |
-----------------------------------------------------------------------------------------
 [    6] (    0/   24) | ms/batch 294.5955 | loss 14.331149 | avg loss 14.331149 | lr 0.0001000
Relative val loss: 12.49756
Absolute val loss: 12.49756
-----------------------------------------------------------------------------------------
| end of epoch   6 | time: 12.21s | epoch loss 14.353682 |
-----------------------------------------------------------------------------------------
 [    7] (    0/   24) | ms/batch 286.3138 | loss 19.421452 | avg loss 19.421452 | lr 0.0001000
Relative val loss: 11.16263
Absolute val loss: 11.16263
-----------------------------------------------------------------------------------------
| end of epoch   7 | time: 11.89s | epoch loss 18.341643 |
-----------------------------------------------------------------------------------------
 [    8] (    0/   24) | ms/batch 314.7063 | loss 17.936167 | avg loss 17.936167 | lr 0.0001000
Relative val loss: 8.29994
Absolute val loss: 8.29994
-----------------------------------------------------------------------------------------
| end of epoch   8 | time: 12.39s | epoch loss 12.774946 |
-----------------------------------------------------------------------------------------
 [    9] (    0/   24) | ms/batch 314.7259 | loss 13.294070 | avg loss 13.294070 | lr 0.0001000
Relative val loss: 8.97356
Absolute val loss: 8.97356
-----------------------------------------------------------------------------------------
| end of epoch   9 | time: 11.95s | epoch loss 11.862271 |
-----------------------------------------------------------------------------------------
 [   10] (    0/   24) | ms/batch 315.4690 | loss 9.456163 | avg loss 9.456163 | lr 0.0001000
Relative val loss: 12.79759
Absolute val loss: 12.79759
-----------------------------------------------------------------------------------------
| end of epoch  10 | time: 12.50s | epoch loss 12.715413 |
-----------------------------------------------------------------------------------------
 [   11] (    0/   24) | ms/batch 315.1715 | loss 13.581253 | avg loss 13.581253 | lr 0.0001000
Relative val loss: 8.65947
Absolute val loss: 8.65947
-----------------------------------------------------------------------------------------
| end of epoch  11 | time: 12.06s | epoch loss 12.949967 |
-----------------------------------------------------------------------------------------
 [   12] (    0/   24) | ms/batch 316.3924 | loss 10.261091 | avg loss 10.261091 | lr 0.0001000
Relative val loss: 7.21510
Absolute val loss: 7.21510
-----------------------------------------------------------------------------------------
| end of epoch  12 | time: 12.25s | epoch loss 10.939334 |
-----------------------------------------------------------------------------------------
 [   13] (    0/   24) | ms/batch 314.9366 | loss 9.097590 | avg loss 9.097590 | lr 0.0001000
Relative val loss: 7.83394
Absolute val loss: 7.83394
-----------------------------------------------------------------------------------------
| end of epoch  13 | time: 11.92s | epoch loss 10.472983 |
-----------------------------------------------------------------------------------------
 [   14] (    0/   24) | ms/batch 315.0051 | loss 13.499677 | avg loss 13.499677 | lr 0.0001000
Relative val loss: 7.74374
Absolute val loss: 7.74374
-----------------------------------------------------------------------------------------
| end of epoch  14 | time: 12.23s | epoch loss 11.502648 |
-----------------------------------------------------------------------------------------
 [   15] (    0/   24) | ms/batch 315.2051 | loss 11.759826 | avg loss 11.759826 | lr 0.0001000
Relative val loss: 7.67720
Absolute val loss: 7.67720
-----------------------------------------------------------------------------------------
| end of epoch  15 | time: 11.96s | epoch loss 10.369552 |
-----------------------------------------------------------------------------------------
 [   16] (    0/   24) | ms/batch 315.3648 | loss 10.744006 | avg loss 10.744006 | lr 0.0001000
Relative val loss: 7.80846
Absolute val loss: 7.80846
-----------------------------------------------------------------------------------------
| end of epoch  16 | time: 12.22s | epoch loss 9.691954 |
-----------------------------------------------------------------------------------------
 [   17] (    0/   24) | ms/batch 315.7477 | loss 10.053987 | avg loss 10.053987 | lr 0.0001000
Relative val loss: 7.76190
Absolute val loss: 7.76190
-----------------------------------------------------------------------------------------
| end of epoch  17 | time: 11.93s | epoch loss 11.682999 |
-----------------------------------------------------------------------------------------
 [   18] (    0/   24) | ms/batch 315.5580 | loss 10.516637 | avg loss 10.516637 | lr 0.0001000
Relative val loss: 7.20388
Absolute val loss: 7.20388
-----------------------------------------------------------------------------------------
| end of epoch  18 | time: 12.16s | epoch loss 11.744655 |
-----------------------------------------------------------------------------------------
 [   19] (    0/   24) | ms/batch 315.1577 | loss 12.573962 | avg loss 12.573962 | lr 0.0001000
Relative val loss: 8.15833
Absolute val loss: 8.15833
-----------------------------------------------------------------------------------------
| end of epoch  19 | time: 12.00s | epoch loss 9.724978 |
-----------------------------------------------------------------------------------------
 [   20] (    0/   24) | ms/batch 315.5499 | loss 9.879870 | avg loss 9.879870 | lr 0.0001000
Relative val loss: 9.28340
Absolute val loss: 9.28340
-----------------------------------------------------------------------------------------
| end of epoch  20 | time: 12.13s | epoch loss 9.651596 |
-----------------------------------------------------------------------------------------
 [   21] (    0/   24) | ms/batch 314.5452 | loss 9.277977 | avg loss 9.277977 | lr 0.0001000
Relative val loss: 7.92141
Absolute val loss: 7.92141
-----------------------------------------------------------------------------------------
| end of epoch  21 | time: 11.91s | epoch loss 10.141406 |
-----------------------------------------------------------------------------------------
 [   22] (    0/   24) | ms/batch 315.0506 | loss 10.489642 | avg loss 10.489642 | lr 0.0001000
Relative val loss: 9.20923
Absolute val loss: 9.20923
-----------------------------------------------------------------------------------------
| end of epoch  22 | time: 12.26s | epoch loss 10.061039 |
-----------------------------------------------------------------------------------------
 [   23] (    0/   24) | ms/batch 310.8878 | loss 8.893493 | avg loss 8.893493 | lr 0.0001000
Relative val loss: 8.22942
Absolute val loss: 8.22942
-----------------------------------------------------------------------------------------
| end of epoch  23 | time: 11.96s | epoch loss 10.116966 |
-----------------------------------------------------------------------------------------
 [   24] (    0/   24) | ms/batch 315.3124 | loss 8.035522 | avg loss 8.035522 | lr 0.0001000
Relative val loss: 7.82083
Absolute val loss: 7.82083
-----------------------------------------------------------------------------------------
| end of epoch  24 | time: 12.35s | epoch loss 9.151397 |
-----------------------------------------------------------------------------------------
 [   25] (    0/   24) | ms/batch 312.6442 | loss 7.707863 | avg loss 7.707863 | lr 0.0001000
Relative val loss: 8.39784
Absolute val loss: 8.39784
-----------------------------------------------------------------------------------------
| end of epoch  25 | time: 12.09s | epoch loss 9.184611 |
-----------------------------------------------------------------------------------------
 [   26] (    0/   24) | ms/batch 315.4886 | loss 7.753790 | avg loss 7.753790 | lr 0.0001000
Relative val loss: 8.11731
Absolute val loss: 8.11731
-----------------------------------------------------------------------------------------
| end of epoch  26 | time: 12.23s | epoch loss 9.790425 |
-----------------------------------------------------------------------------------------
 [   27] (    0/   24) | ms/batch 315.4504 | loss 10.742374 | avg loss 10.742374 | lr 0.0001000
Relative val loss: 7.27529
Absolute val loss: 7.27529
-----------------------------------------------------------------------------------------
| end of epoch  27 | time: 12.31s | epoch loss 9.237855 |
-----------------------------------------------------------------------------------------
 [   28] (    0/   24) | ms/batch 314.8477 | loss 9.347836 | avg loss 9.347836 | lr 0.0001000
Relative val loss: 7.45458
Absolute val loss: 7.45458
-----------------------------------------------------------------------------------------
| end of epoch  28 | time: 12.10s | epoch loss 10.892182 |
-----------------------------------------------------------------------------------------
 [   29] (    0/   24) | ms/batch 315.2504 | loss 9.141223 | avg loss 9.141223 | lr 0.0001000
Relative val loss: 8.57073
Absolute val loss: 8.57073
-----------------------------------------------------------------------------------------
| end of epoch  29 | time: 12.10s | epoch loss 9.662801 |
-----------------------------------------------------------------------------------------
 [   30] (    0/   24) | ms/batch 315.2001 | loss 12.482712 | avg loss 12.482712 | lr 0.0001000
Relative val loss: 7.61337
Absolute val loss: 7.61337
-----------------------------------------------------------------------------------------
| end of epoch  30 | time: 12.20s | epoch loss 9.697274 |
-----------------------------------------------------------------------------------------
 [   31] (    0/   24) | ms/batch 312.9125 | loss 7.748686 | avg loss 7.748686 | lr 0.0001000
Relative val loss: 8.46175
Absolute val loss: 8.46175
-----------------------------------------------------------------------------------------
| end of epoch  31 | time: 12.49s | epoch loss 9.498018 |
-----------------------------------------------------------------------------------------
 [   32] (    0/   24) | ms/batch 315.3527 | loss 9.896243 | avg loss 9.896243 | lr 0.0001000
Relative val loss: 8.62018
Absolute val loss: 8.62018
-----------------------------------------------------------------------------------------
| end of epoch  32 | time: 12.24s | epoch loss 9.716043 |
-----------------------------------------------------------------------------------------
 [   33] (    0/   24) | ms/batch 288.9378 | loss 12.830762 | avg loss 12.830762 | lr 0.0001000
Relative val loss: 8.76450
Absolute val loss: 8.76450
-----------------------------------------------------------------------------------------
| end of epoch  33 | time: 12.19s | epoch loss 10.560249 |
-----------------------------------------------------------------------------------------
 [   34] (    0/   24) | ms/batch 314.8687 | loss 10.011111 | avg loss 10.011111 | lr 0.0001000
Relative val loss: 7.46270
Absolute val loss: 7.46270
-----------------------------------------------------------------------------------------
| end of epoch  34 | time: 12.37s | epoch loss 9.955727 |
-----------------------------------------------------------------------------------------
 [   35] (    0/   24) | ms/batch 315.0971 | loss 7.536595 | avg loss 7.536595 | lr 0.0001000
Relative val loss: 11.39611
Absolute val loss: 11.39611
-----------------------------------------------------------------------------------------
| end of epoch  35 | time: 12.21s | epoch loss 10.458176 |
-----------------------------------------------------------------------------------------
 [   36] (    0/   24) | ms/batch 312.0384 | loss 11.101005 | avg loss 11.101005 | lr 0.0001000
Relative val loss: 7.75134
Absolute val loss: 7.75134
-----------------------------------------------------------------------------------------
| end of epoch  36 | time: 12.39s | epoch loss 9.268637 |
-----------------------------------------------------------------------------------------
 [   37] (    0/   24) | ms/batch 315.0618 | loss 7.173013 | avg loss 7.173013 | lr 0.0001000
Relative val loss: 7.46767
Absolute val loss: 7.46767
-----------------------------------------------------------------------------------------
| end of epoch  37 | time: 12.22s | epoch loss 8.885463 |
-----------------------------------------------------------------------------------------
 [   38] (    0/   24) | ms/batch 312.0148 | loss 9.921135 | avg loss 9.921135 | lr 0.0001000
Relative val loss: 8.12373
Absolute val loss: 8.12373
-----------------------------------------------------------------------------------------
| end of epoch  38 | time: 12.80s | epoch loss 9.008395 |
-----------------------------------------------------------------------------------------
 [   39] (    0/   24) | ms/batch 315.6002 | loss 11.185541 | avg loss 11.185541 | lr 0.0001000
Relative val loss: 7.47172
Absolute val loss: 7.47172
-----------------------------------------------------------------------------------------
| end of epoch  39 | time: 12.32s | epoch loss 8.755235 |
-----------------------------------------------------------------------------------------
 [   40] (    0/   24) | ms/batch 302.8696 | loss 8.144916 | avg loss 8.144916 | lr 0.0001000
Relative val loss: 7.48953
Absolute val loss: 7.48953
-----------------------------------------------------------------------------------------
| end of epoch  40 | time: 12.48s | epoch loss 9.146605 |
-----------------------------------------------------------------------------------------
 [   41] (    0/   24) | ms/batch 315.5539 | loss 8.773232 | avg loss 8.773232 | lr 0.0001000
Relative val loss: 9.60224
Absolute val loss: 9.60224
-----------------------------------------------------------------------------------------
| end of epoch  41 | time: 12.26s | epoch loss 9.576197 |
-----------------------------------------------------------------------------------------
 [   42] (    0/   24) | ms/batch 182.9362 | loss 8.998877 | avg loss 8.998877 | lr 0.0001000
Relative val loss: 7.45717
Absolute val loss: 7.45717
-----------------------------------------------------------------------------------------
| end of epoch  42 | time: 11.64s | epoch loss 9.361894 |
-----------------------------------------------------------------------------------------
 [   43] (    0/   24) | ms/batch 314.9717 | loss 10.289141 | avg loss 10.289141 | lr 0.0001000
Relative val loss: 7.74197
Absolute val loss: 7.74197
-----------------------------------------------------------------------------------------
| end of epoch  43 | time: 12.13s | epoch loss 9.167853 |
-----------------------------------------------------------------------------------------
 [   44] (    0/   24) | ms/batch 311.3959 | loss 11.095027 | avg loss 11.095027 | lr 0.0001000
Relative val loss: 7.51117
Absolute val loss: 7.51117
-----------------------------------------------------------------------------------------
| end of epoch  44 | time: 11.77s | epoch loss 9.346534 |
-----------------------------------------------------------------------------------------
 [   45] (    0/   24) | ms/batch 288.8973 | loss 7.299956 | avg loss 7.299956 | lr 0.0001000
Relative val loss: 7.30469
Absolute val loss: 7.30469
-----------------------------------------------------------------------------------------
| end of epoch  45 | time: 12.41s | epoch loss 9.209129 |
-----------------------------------------------------------------------------------------
 [   46] (    0/   24) | ms/batch 315.3419 | loss 6.542310 | avg loss 6.542310 | lr 0.0001000
Relative val loss: 8.07229
Absolute val loss: 8.07229
-----------------------------------------------------------------------------------------
| end of epoch  46 | time: 11.44s | epoch loss 9.413121 |
-----------------------------------------------------------------------------------------
 [   47] (    0/   24) | ms/batch 315.1617 | loss 7.606830 | avg loss 7.606830 | lr 0.0001000
Relative val loss: 8.65901
Absolute val loss: 8.65901
-----------------------------------------------------------------------------------------
| end of epoch  47 | time: 12.35s | epoch loss 8.799791 |
-----------------------------------------------------------------------------------------
 [   48] (    0/   24) | ms/batch 314.9896 | loss 8.775087 | avg loss 8.775087 | lr 0.0001000
Relative val loss: 7.20681
Absolute val loss: 7.20681
-----------------------------------------------------------------------------------------
| end of epoch  48 | time: 11.84s | epoch loss 8.801962 |
-----------------------------------------------------------------------------------------
 [   49] (    0/   24) | ms/batch 315.0392 | loss 8.986616 | avg loss 8.986616 | lr 0.0001000
Relative val loss: 7.06519
Absolute val loss: 7.06519
-----------------------------------------------------------------------------------------
| end of epoch  49 | time: 12.40s | epoch loss 8.485875 |
-----------------------------------------------------------------------------------------
 [   50] (    0/   24) | ms/batch 315.3279 | loss 9.798703 | avg loss 9.798703 | lr 0.0001000
Relative val loss: 7.07375
Absolute val loss: 7.07375
-----------------------------------------------------------------------------------------
| end of epoch  50 | time: 11.48s | epoch loss 8.932972 |
-----------------------------------------------------------------------------------------
 [   51] (    0/   24) | ms/batch 312.9268 | loss 7.666977 | avg loss 7.666977 | lr 0.0001000
Relative val loss: 7.41505
Absolute val loss: 7.41505
-----------------------------------------------------------------------------------------
| end of epoch  51 | time: 12.30s | epoch loss 8.782796 |
-----------------------------------------------------------------------------------------
 [   52] (    0/   24) | ms/batch 315.8095 | loss 8.849212 | avg loss 8.849212 | lr 0.0001000
Relative val loss: 9.02660
Absolute val loss: 9.02660
-----------------------------------------------------------------------------------------
| end of epoch  52 | time: 11.73s | epoch loss 8.799247 |
-----------------------------------------------------------------------------------------
 [   53] (    0/   24) | ms/batch 315.6967 | loss 9.216040 | avg loss 9.216040 | lr 0.0001000
Relative val loss: 8.44405
Absolute val loss: 8.44405
-----------------------------------------------------------------------------------------
| end of epoch  53 | time: 12.37s | epoch loss 9.130801 |
-----------------------------------------------------------------------------------------
 [   54] (    0/   24) | ms/batch 287.6248 | loss 12.438744 | avg loss 12.438744 | lr 0.0001000
Relative val loss: 7.27056
Absolute val loss: 7.27056
-----------------------------------------------------------------------------------------
| end of epoch  54 | time: 11.99s | epoch loss 8.382092 |
-----------------------------------------------------------------------------------------
 [   55] (    0/   24) | ms/batch 314.5499 | loss 6.873765 | avg loss 6.873765 | lr 0.0001000
Relative val loss: 7.37977
Absolute val loss: 7.37977
-----------------------------------------------------------------------------------------
| end of epoch  55 | time: 12.42s | epoch loss 7.901353 |
-----------------------------------------------------------------------------------------
 [   56] (    0/   24) | ms/batch 315.2688 | loss 8.236704 | avg loss 8.236704 | lr 0.0001000
Relative val loss: 7.44179
Absolute val loss: 7.44179
-----------------------------------------------------------------------------------------
| end of epoch  56 | time: 12.56s | epoch loss 8.846846 |
-----------------------------------------------------------------------------------------
 [   57] (    0/   24) | ms/batch 315.2499 | loss 5.501372 | avg loss 5.501372 | lr 0.0001000
Relative val loss: 7.55825
Absolute val loss: 7.55825
-----------------------------------------------------------------------------------------
| end of epoch  57 | time: 12.33s | epoch loss 9.063800 |
-----------------------------------------------------------------------------------------
 [   58] (    0/   24) | ms/batch 315.2425 | loss 10.800694 | avg loss 10.800694 | lr 0.0001000
Relative val loss: 7.34943
Absolute val loss: 7.34942
-----------------------------------------------------------------------------------------
| end of epoch  58 | time: 11.88s | epoch loss 8.624075 |
-----------------------------------------------------------------------------------------
 [   59] (    0/   24) | ms/batch 315.0256 | loss 7.381852 | avg loss 7.381852 | lr 0.0001000
Relative val loss: 7.01333
Absolute val loss: 7.01333
-----------------------------------------------------------------------------------------
| end of epoch  59 | time: 12.21s | epoch loss 8.746084 |
-----------------------------------------------------------------------------------------
 [   60] (    0/   24) | ms/batch 315.4554 | loss 8.892726 | avg loss 8.892726 | lr 0.0001000
Relative val loss: 7.39774
Absolute val loss: 7.39774
-----------------------------------------------------------------------------------------
| end of epoch  60 | time: 11.70s | epoch loss 8.608672 |
-----------------------------------------------------------------------------------------
 [   61] (    0/   24) | ms/batch 307.4727 | loss 5.502988 | avg loss 5.502988 | lr 0.0001000
Relative val loss: 8.17142
Absolute val loss: 8.17142
-----------------------------------------------------------------------------------------
| end of epoch  61 | time: 12.33s | epoch loss 8.517133 |
-----------------------------------------------------------------------------------------
 [   62] (    0/   24) | ms/batch 315.3758 | loss 10.548998 | avg loss 10.548998 | lr 0.0001000
Relative val loss: 7.40804
Absolute val loss: 7.40804
-----------------------------------------------------------------------------------------
| end of epoch  62 | time: 12.08s | epoch loss 8.140272 |
-----------------------------------------------------------------------------------------
 [   63] (    0/   24) | ms/batch 311.3716 | loss 10.856091 | avg loss 10.856091 | lr 0.0001000
Relative val loss: 7.52896
Absolute val loss: 7.52896
-----------------------------------------------------------------------------------------
| end of epoch  63 | time: 12.51s | epoch loss 8.777052 |
-----------------------------------------------------------------------------------------
 [   64] (    0/   24) | ms/batch 313.0884 | loss 10.633301 | avg loss 10.633301 | lr 0.0001000
Relative val loss: 7.54248
Absolute val loss: 7.54248
-----------------------------------------------------------------------------------------
| end of epoch  64 | time: 12.30s | epoch loss 9.119591 |
-----------------------------------------------------------------------------------------
 [   65] (    0/   24) | ms/batch 143.7120 | loss 9.941641 | avg loss 9.941641 | lr 0.0001000
Relative val loss: 7.16031
Absolute val loss: 7.16031
-----------------------------------------------------------------------------------------
| end of epoch  65 | time: 11.78s | epoch loss 8.686161 |
-----------------------------------------------------------------------------------------
 [   66] (    0/   24) | ms/batch 314.9977 | loss 7.943340 | avg loss 7.943340 | lr 0.0001000
Relative val loss: 8.26153
Absolute val loss: 8.26153
-----------------------------------------------------------------------------------------
| end of epoch  66 | time: 12.45s | epoch loss 8.579976 |
-----------------------------------------------------------------------------------------
 [   67] (    0/   24) | ms/batch 315.0430 | loss 9.670285 | avg loss 9.670285 | lr 0.0001000
Relative val loss: 7.38007
Absolute val loss: 7.38007
-----------------------------------------------------------------------------------------
| end of epoch  67 | time: 11.69s | epoch loss 8.877193 |
-----------------------------------------------------------------------------------------
 [   68] (    0/   24) | ms/batch 312.7329 | loss 7.661986 | avg loss 7.661986 | lr 0.0001000
Relative val loss: 7.35442
Absolute val loss: 7.35442
-----------------------------------------------------------------------------------------
| end of epoch  68 | time: 12.12s | epoch loss 8.487099 |
-----------------------------------------------------------------------------------------
 [   69] (    0/   24) | ms/batch 315.3772 | loss 8.447715 | avg loss 8.447715 | lr 0.0001000
Relative val loss: 7.46989
Absolute val loss: 7.46989
-----------------------------------------------------------------------------------------
| end of epoch  69 | time: 11.90s | epoch loss 9.057891 |
-----------------------------------------------------------------------------------------
 [   70] (    0/   24) | ms/batch 315.1906 | loss 10.095225 | avg loss 10.095225 | lr 0.0001000
Relative val loss: 7.20326
Absolute val loss: 7.20326
-----------------------------------------------------------------------------------------
| end of epoch  70 | time: 12.29s | epoch loss 8.686333 |
-----------------------------------------------------------------------------------------
 [   71] (    0/   24) | ms/batch 288.6915 | loss 6.786124 | avg loss 6.786124 | lr 0.0001000
Relative val loss: 7.58884
Absolute val loss: 7.58884
-----------------------------------------------------------------------------------------
| end of epoch  71 | time: 11.79s | epoch loss 8.812206 |
-----------------------------------------------------------------------------------------
 [   72] (    0/   24) | ms/batch 316.0477 | loss 10.165216 | avg loss 10.165216 | lr 0.0001000
Relative val loss: 7.12410
Absolute val loss: 7.12410
-----------------------------------------------------------------------------------------
| end of epoch  72 | time: 12.21s | epoch loss 8.500097 |
-----------------------------------------------------------------------------------------
 [   73] (    0/   24) | ms/batch 315.0756 | loss 7.958988 | avg loss 7.958988 | lr 0.0001000
Relative val loss: 7.20015
Absolute val loss: 7.20015
-----------------------------------------------------------------------------------------
| end of epoch  73 | time: 11.48s | epoch loss 8.320661 |
-----------------------------------------------------------------------------------------
 [   74] (    0/   24) | ms/batch 315.3818 | loss 5.893274 | avg loss 5.893274 | lr 0.0001000
Relative val loss: 7.48325
Absolute val loss: 7.48325
-----------------------------------------------------------------------------------------
| end of epoch  74 | time: 12.34s | epoch loss 8.572076 |
-----------------------------------------------------------------------------------------
 [   75] (    0/   24) | ms/batch 315.3434 | loss 5.552826 | avg loss 5.552826 | lr 0.0001000
Relative val loss: 7.11334
Absolute val loss: 7.11334
-----------------------------------------------------------------------------------------
| end of epoch  75 | time: 11.62s | epoch loss 8.589934 |
-----------------------------------------------------------------------------------------
 [   76] (    0/   24) | ms/batch 288.0385 | loss 7.935722 | avg loss 7.935722 | lr 0.0001000
Relative val loss: 7.22896
Absolute val loss: 7.22896
-----------------------------------------------------------------------------------------
| end of epoch  76 | time: 12.15s | epoch loss 8.516397 |
-----------------------------------------------------------------------------------------
 [   77] (    0/   24) | ms/batch 314.8246 | loss 9.974830 | avg loss 9.974830 | lr 0.0001000
Relative val loss: 7.71437
Absolute val loss: 7.71437
-----------------------------------------------------------------------------------------
| end of epoch  77 | time: 11.95s | epoch loss 9.023732 |
-----------------------------------------------------------------------------------------
 [   78] (    0/   24) | ms/batch 315.3248 | loss 6.844866 | avg loss 6.844866 | lr 0.0001000
Relative val loss: 7.44359
Absolute val loss: 7.44359
-----------------------------------------------------------------------------------------
| end of epoch  78 | time: 12.34s | epoch loss 8.662780 |
-----------------------------------------------------------------------------------------
 [   79] (    0/   24) | ms/batch 311.5065 | loss 9.246824 | avg loss 9.246824 | lr 0.0001000
Relative val loss: 7.04040
Absolute val loss: 7.04040
-----------------------------------------------------------------------------------------
| end of epoch  79 | time: 11.57s | epoch loss 8.704202 |
-----------------------------------------------------------------------------------------
 [   80] (    0/   24) | ms/batch 315.7775 | loss 7.262729 | avg loss 7.262729 | lr 0.0001000
Relative val loss: 7.16128
Absolute val loss: 7.16128
-----------------------------------------------------------------------------------------
| end of epoch  80 | time: 12.23s | epoch loss 8.467403 |
-----------------------------------------------------------------------------------------
 [   81] (    0/   24) | ms/batch 316.1950 | loss 9.003557 | avg loss 9.003557 | lr 0.0001000
Relative val loss: 7.14017
Absolute val loss: 7.14017
-----------------------------------------------------------------------------------------
| end of epoch  81 | time: 11.56s | epoch loss 8.748922 |
-----------------------------------------------------------------------------------------
 [   82] (    0/   24) | ms/batch 315.2246 | loss 12.452901 | avg loss 12.452901 | lr 0.0001000
Relative val loss: 8.22970
Absolute val loss: 8.22970
-----------------------------------------------------------------------------------------
| end of epoch  82 | time: 12.37s | epoch loss 8.542062 |
-----------------------------------------------------------------------------------------
 [   83] (    0/   24) | ms/batch 315.5196 | loss 9.005290 | avg loss 9.005290 | lr 0.0001000
Relative val loss: 7.57250
Absolute val loss: 7.57250
-----------------------------------------------------------------------------------------
| end of epoch  83 | time: 12.31s | epoch loss 9.547698 |
-----------------------------------------------------------------------------------------
 [   84] (    0/   24) | ms/batch 315.7425 | loss 8.244260 | avg loss 8.244260 | lr 0.0001000
Relative val loss: 7.18721
Absolute val loss: 7.18721
-----------------------------------------------------------------------------------------
| end of epoch  84 | time: 12.33s | epoch loss 8.378122 |
-----------------------------------------------------------------------------------------
 [   85] (    0/   24) | ms/batch 315.2323 | loss 8.757957 | avg loss 8.757957 | lr 0.0001000
Relative val loss: 8.45177
Absolute val loss: 8.45177
-----------------------------------------------------------------------------------------
| end of epoch  85 | time: 12.01s | epoch loss 8.162325 |
-----------------------------------------------------------------------------------------
 [   86] (    0/   24) | ms/batch 315.7415 | loss 10.326818 | avg loss 10.326818 | lr 0.0001000
Relative val loss: 7.25061
Absolute val loss: 7.25061
-----------------------------------------------------------------------------------------
| end of epoch  86 | time: 11.48s | epoch loss 8.367882 |
-----------------------------------------------------------------------------------------
 [   87] (    0/   24) | ms/batch 314.9452 | loss 8.740569 | avg loss 8.740569 | lr 0.0001000
Relative val loss: 6.87831
Absolute val loss: 6.87831
-----------------------------------------------------------------------------------------
| end of epoch  87 | time: 12.01s | epoch loss 8.283895 |
-----------------------------------------------------------------------------------------
 [   88] (    0/   24) | ms/batch 315.7787 | loss 7.091077 | avg loss 7.091077 | lr 0.0001000
Relative val loss: 6.93030
Absolute val loss: 6.93030
-----------------------------------------------------------------------------------------
| end of epoch  88 | time: 11.75s | epoch loss 8.099347 |
-----------------------------------------------------------------------------------------
 [   89] (    0/   24) | ms/batch 315.6230 | loss 6.918995 | avg loss 6.918995 | lr 0.0001000
Relative val loss: 8.18663
Absolute val loss: 8.18663
-----------------------------------------------------------------------------------------
| end of epoch  89 | time: 12.26s | epoch loss 8.399503 |
-----------------------------------------------------------------------------------------
 [   90] (    0/   24) | ms/batch 314.9838 | loss 8.846796 | avg loss 8.846796 | lr 0.0001000
Relative val loss: 8.34719
Absolute val loss: 8.34719
-----------------------------------------------------------------------------------------
| end of epoch  90 | time: 11.55s | epoch loss 9.099374 |
-----------------------------------------------------------------------------------------
 [   91] (    0/   24) | ms/batch 290.4890 | loss 8.004458 | avg loss 8.004458 | lr 0.0001000
Relative val loss: 7.49121
Absolute val loss: 7.49121
-----------------------------------------------------------------------------------------
| end of epoch  91 | time: 12.02s | epoch loss 9.106631 |
-----------------------------------------------------------------------------------------
 [   92] (    0/   24) | ms/batch 315.7668 | loss 6.586229 | avg loss 6.586229 | lr 0.0001000
Relative val loss: 7.83822
Absolute val loss: 7.83822
-----------------------------------------------------------------------------------------
| end of epoch  92 | time: 11.66s | epoch loss 8.040008 |
-----------------------------------------------------------------------------------------
 [   93] (    0/   24) | ms/batch 312.9385 | loss 8.778349 | avg loss 8.778349 | lr 0.0001000
Relative val loss: 7.58411
Absolute val loss: 7.58411
-----------------------------------------------------------------------------------------
| end of epoch  93 | time: 12.04s | epoch loss 8.390233 |
-----------------------------------------------------------------------------------------
 [   94] (    0/   24) | ms/batch 315.4013 | loss 6.689125 | avg loss 6.689125 | lr 0.0001000
Relative val loss: 7.56847
Absolute val loss: 7.56847
-----------------------------------------------------------------------------------------
| end of epoch  94 | time: 12.00s | epoch loss 8.943932 |
-----------------------------------------------------------------------------------------
 [   95] (    0/   24) | ms/batch 308.3661 | loss 8.890214 | avg loss 8.890214 | lr 0.0001000
Relative val loss: 6.86879
Absolute val loss: 6.86879
-----------------------------------------------------------------------------------------
| end of epoch  95 | time: 12.29s | epoch loss 7.962963 |
-----------------------------------------------------------------------------------------
 [   96] (    0/   24) | ms/batch 313.6027 | loss 8.904350 | avg loss 8.904350 | lr 0.0001000
Relative val loss: 6.90183
Absolute val loss: 6.90183
-----------------------------------------------------------------------------------------
| end of epoch  96 | time: 11.60s | epoch loss 8.283356 |
-----------------------------------------------------------------------------------------
 [   97] (    0/   24) | ms/batch 314.9621 | loss 6.183253 | avg loss 6.183253 | lr 0.0001000
Relative val loss: 7.33692
Absolute val loss: 7.33692
-----------------------------------------------------------------------------------------
| end of epoch  97 | time: 12.30s | epoch loss 8.373717 |
-----------------------------------------------------------------------------------------
 [   98] (    0/   24) | ms/batch 315.7046 | loss 8.029719 | avg loss 8.029719 | lr 0.0001000
Relative val loss: 7.66663
Absolute val loss: 7.66663
-----------------------------------------------------------------------------------------
| end of epoch  98 | time: 12.34s | epoch loss 7.822628 |
-----------------------------------------------------------------------------------------
 [   99] (    0/   24) | ms/batch 312.1252 | loss 8.031449 | avg loss 8.031449 | lr 0.0001000
Relative val loss: 7.22602
Absolute val loss: 7.22602
-----------------------------------------------------------------------------------------
| end of epoch  99 | time: 12.06s | epoch loss 8.557797 |
-----------------------------------------------------------------------------------------
 [  100] (    0/   24) | ms/batch 311.6186 | loss 6.617641 | avg loss 6.617641 | lr 0.0001000
Relative val loss: 7.25984
Absolute val loss: 7.25984
-----------------------------------------------------------------------------------------
| end of epoch 100 | time: 11.61s | epoch loss 8.034677 |
-----------------------------------------------------------------------------------------
 [  101] (    0/   24) | ms/batch 314.5456 | loss 9.022063 | avg loss 9.022063 | lr 0.0001000
Relative val loss: 7.26450
Absolute val loss: 7.26450
-----------------------------------------------------------------------------------------
| end of epoch 101 | time: 12.20s | epoch loss 8.235004 |
-----------------------------------------------------------------------------------------
 [  102] (    0/   24) | ms/batch 315.1197 | loss 7.648342 | avg loss 7.648342 | lr 0.0001000
Relative val loss: 7.22330
Absolute val loss: 7.22330
-----------------------------------------------------------------------------------------
| end of epoch 102 | time: 12.13s | epoch loss 8.076257 |
-----------------------------------------------------------------------------------------
 [  103] (    0/   24) | ms/batch 315.6645 | loss 8.723407 | avg loss 8.723407 | lr 0.0001000
Relative val loss: 6.88273
Absolute val loss: 6.88273
-----------------------------------------------------------------------------------------
| end of epoch 103 | time: 12.21s | epoch loss 8.075540 |
-----------------------------------------------------------------------------------------
 [  104] (    0/   24) | ms/batch 315.5360 | loss 8.967523 | avg loss 8.967523 | lr 0.0001000
Relative val loss: 6.71851
Absolute val loss: 6.71851
-----------------------------------------------------------------------------------------
| end of epoch 104 | time: 12.46s | epoch loss 8.493559 |
-----------------------------------------------------------------------------------------
 [  105] (    0/   24) | ms/batch 312.8972 | loss 8.343063 | avg loss 8.343063 | lr 0.0001000
Relative val loss: 6.99680
Absolute val loss: 6.99680
-----------------------------------------------------------------------------------------
| end of epoch 105 | time: 12.30s | epoch loss 8.460272 |
-----------------------------------------------------------------------------------------
 [  106] (    0/   24) | ms/batch 315.1646 | loss 6.727670 | avg loss 6.727670 | lr 0.0001000
Relative val loss: 7.54400
Absolute val loss: 7.54400
-----------------------------------------------------------------------------------------
| end of epoch 106 | time: 12.21s | epoch loss 8.061165 |
-----------------------------------------------------------------------------------------
 [  107] (    0/   24) | ms/batch 156.5099 | loss 8.823047 | avg loss 8.823047 | lr 0.0001000
Relative val loss: 7.16279
Absolute val loss: 7.16279
-----------------------------------------------------------------------------------------
| end of epoch 107 | time: 11.74s | epoch loss 7.925589 |
-----------------------------------------------------------------------------------------
 [  108] (    0/   24) | ms/batch 315.7399 | loss 5.348682 | avg loss 5.348682 | lr 0.0001000
Relative val loss: 7.05076
Absolute val loss: 7.05076
-----------------------------------------------------------------------------------------
| end of epoch 108 | time: 12.05s | epoch loss 7.907250 |
-----------------------------------------------------------------------------------------
 [  109] (    0/   24) | ms/batch 314.7252 | loss 8.401926 | avg loss 8.401926 | lr 0.0001000
Relative val loss: 7.63393
Absolute val loss: 7.63393
-----------------------------------------------------------------------------------------
| end of epoch 109 | time: 11.45s | epoch loss 7.557656 |
-----------------------------------------------------------------------------------------
 [  110] (    0/   24) | ms/batch 315.0151 | loss 7.931324 | avg loss 7.931324 | lr 0.0001000
Relative val loss: 7.38422
Absolute val loss: 7.38422
-----------------------------------------------------------------------------------------
| end of epoch 110 | time: 12.42s | epoch loss 7.897432 |
-----------------------------------------------------------------------------------------
 [  111] (    0/   24) | ms/batch 293.0520 | loss 9.529696 | avg loss 9.529696 | lr 0.0001000
Relative val loss: 6.82439
Absolute val loss: 6.82439
-----------------------------------------------------------------------------------------
| end of epoch 111 | time: 11.29s | epoch loss 7.639287 |
-----------------------------------------------------------------------------------------
 [  112] (    0/   24) | ms/batch 314.7900 | loss 10.115285 | avg loss 10.115285 | lr 0.0001000
Relative val loss: 6.93948
Absolute val loss: 6.93948
-----------------------------------------------------------------------------------------
| end of epoch 112 | time: 12.40s | epoch loss 7.669166 |
-----------------------------------------------------------------------------------------
 [  113] (    0/   24) | ms/batch 315.5012 | loss 8.937953 | avg loss 8.937953 | lr 0.0001000
Relative val loss: 7.50580
Absolute val loss: 7.50580
-----------------------------------------------------------------------------------------
| end of epoch 113 | time: 11.58s | epoch loss 7.448448 |
-----------------------------------------------------------------------------------------
 [  114] (    0/   24) | ms/batch 315.8631 | loss 5.629968 | avg loss 5.629968 | lr 0.0001000
Relative val loss: 6.87976
Absolute val loss: 6.87976
-----------------------------------------------------------------------------------------
| end of epoch 114 | time: 12.44s | epoch loss 8.050385 |
-----------------------------------------------------------------------------------------
 [  115] (    0/   24) | ms/batch 315.2108 | loss 7.114011 | avg loss 7.114011 | lr 0.0001000
Relative val loss: 6.63668
Absolute val loss: 6.63668
-----------------------------------------------------------------------------------------
| end of epoch 115 | time: 11.66s | epoch loss 7.684676 |
-----------------------------------------------------------------------------------------
 [  116] (    0/   24) | ms/batch 316.0245 | loss 8.630189 | avg loss 8.630189 | lr 0.0001000
Relative val loss: 6.15169
Absolute val loss: 6.15169
-----------------------------------------------------------------------------------------
| end of epoch 116 | time: 12.20s | epoch loss 7.366393 |
-----------------------------------------------------------------------------------------
 [  117] (    0/   24) | ms/batch 311.6674 | loss 6.871133 | avg loss 6.871133 | lr 0.0001000
Relative val loss: 6.82547
Absolute val loss: 6.82547
-----------------------------------------------------------------------------------------
| end of epoch 117 | time: 11.36s | epoch loss 7.665146 |
-----------------------------------------------------------------------------------------
 [  118] (    0/   24) | ms/batch 315.0210 | loss 6.242020 | avg loss 6.242020 | lr 0.0001000
Relative val loss: 6.91441
Absolute val loss: 6.91441
-----------------------------------------------------------------------------------------
| end of epoch 118 | time: 12.08s | epoch loss 8.338239 |
-----------------------------------------------------------------------------------------
 [  119] (    0/   24) | ms/batch 315.6769 | loss 8.035628 | avg loss 8.035628 | lr 0.0001000
Relative val loss: 5.90286
Absolute val loss: 5.90286
-----------------------------------------------------------------------------------------
| end of epoch 119 | time: 11.63s | epoch loss 7.865413 |
-----------------------------------------------------------------------------------------
 [  120] (    0/   24) | ms/batch 315.2730 | loss 5.813754 | avg loss 5.813754 | lr 0.0001000
Relative val loss: 6.80486
Absolute val loss: 6.80486
-----------------------------------------------------------------------------------------
| end of epoch 120 | time: 12.57s | epoch loss 7.631685 |
-----------------------------------------------------------------------------------------
 [  121] (    0/   24) | ms/batch 312.1963 | loss 6.069829 | avg loss 6.069829 | lr 0.0001000
Relative val loss: 6.74814
Absolute val loss: 6.74814
-----------------------------------------------------------------------------------------
| end of epoch 121 | time: 11.74s | epoch loss 7.725016 |
-----------------------------------------------------------------------------------------
 [  122] (    0/   24) | ms/batch 315.0082 | loss 7.705728 | avg loss 7.705728 | lr 0.0001000
Relative val loss: 6.31766
Absolute val loss: 6.31766
-----------------------------------------------------------------------------------------
| end of epoch 122 | time: 12.07s | epoch loss 7.067928 |
-----------------------------------------------------------------------------------------
 [  123] (    0/   24) | ms/batch 315.6257 | loss 5.885381 | avg loss 5.885381 | lr 0.0001000
Relative val loss: 5.94606
Absolute val loss: 5.94606
-----------------------------------------------------------------------------------------
| end of epoch 123 | time: 12.30s | epoch loss 7.490112 |
-----------------------------------------------------------------------------------------
 [  124] (    0/   24) | ms/batch 315.0795 | loss 8.334289 | avg loss 8.334289 | lr 0.0001000
Relative val loss: 7.76668
Absolute val loss: 7.76668
-----------------------------------------------------------------------------------------
| end of epoch 124 | time: 12.44s | epoch loss 7.374095 |
-----------------------------------------------------------------------------------------
 [  125] (    0/   24) | ms/batch 316.1433 | loss 7.604829 | avg loss 7.604829 | lr 0.0001000
Relative val loss: 6.78365
Absolute val loss: 6.78365
-----------------------------------------------------------------------------------------
| end of epoch 125 | time: 12.32s | epoch loss 7.166768 |
-----------------------------------------------------------------------------------------
 [  126] (    0/   24) | ms/batch 147.9785 | loss 7.292354 | avg loss 7.292354 | lr 0.0001000
Relative val loss: 6.85721
Absolute val loss: 6.85721
-----------------------------------------------------------------------------------------
| end of epoch 126 | time: 11.63s | epoch loss 7.677397 |
-----------------------------------------------------------------------------------------
 [  127] (    0/   24) | ms/batch 315.2115 | loss 9.919637 | avg loss 9.919637 | lr 0.0001000
Relative val loss: 6.37554
Absolute val loss: 6.37554
-----------------------------------------------------------------------------------------
| end of epoch 127 | time: 12.26s | epoch loss 7.508334 |
-----------------------------------------------------------------------------------------
 [  128] (    0/   24) | ms/batch 315.5212 | loss 5.508041 | avg loss 5.508041 | lr 0.0001000
Relative val loss: 5.68791
Absolute val loss: 5.68790
-----------------------------------------------------------------------------------------
| end of epoch 128 | time: 12.04s | epoch loss 7.511426 |
-----------------------------------------------------------------------------------------
 [  129] (    0/   24) | ms/batch 315.2757 | loss 3.993289 | avg loss 3.993289 | lr 0.0001000
Relative val loss: 5.85662
Absolute val loss: 5.85662
-----------------------------------------------------------------------------------------
| end of epoch 129 | time: 12.16s | epoch loss 6.949204 |
-----------------------------------------------------------------------------------------
 [  130] (    0/   24) | ms/batch 200.0918 | loss 4.481884 | avg loss 4.481884 | lr 0.0001000
Relative val loss: 7.21844
Absolute val loss: 7.21844
-----------------------------------------------------------------------------------------
| end of epoch 130 | time: 10.78s | epoch loss 7.249521 |
-----------------------------------------------------------------------------------------
 [  131] (    0/   24) | ms/batch 310.8656 | loss 6.903795 | avg loss 6.903795 | lr 0.0001000
Relative val loss: 6.06726
Absolute val loss: 6.06726
-----------------------------------------------------------------------------------------
| end of epoch 131 | time: 12.33s | epoch loss 6.831758 |
-----------------------------------------------------------------------------------------
 [  132] (    0/   24) | ms/batch 314.5308 | loss 7.675951 | avg loss 7.675951 | lr 0.0001000
Relative val loss: 5.83662
Absolute val loss: 5.83662
-----------------------------------------------------------------------------------------
| end of epoch 132 | time: 11.43s | epoch loss 7.322123 |
-----------------------------------------------------------------------------------------
 [  133] (    0/   24) | ms/batch 314.3673 | loss 5.085466 | avg loss 5.085466 | lr 0.0001000
Relative val loss: 6.50309
Absolute val loss: 6.50309
-----------------------------------------------------------------------------------------
| end of epoch 133 | time: 12.25s | epoch loss 6.458548 |
-----------------------------------------------------------------------------------------
 [  134] (    0/   24) | ms/batch 292.2697 | loss 6.003437 | avg loss 6.003437 | lr 0.0001000
Relative val loss: 5.82415
Absolute val loss: 5.82415
-----------------------------------------------------------------------------------------
| end of epoch 134 | time: 11.79s | epoch loss 6.607122 |
-----------------------------------------------------------------------------------------
 [  135] (    0/   24) | ms/batch 315.3102 | loss 9.368868 | avg loss 9.368868 | lr 0.0001000
Relative val loss: 6.29458
Absolute val loss: 6.29458
-----------------------------------------------------------------------------------------
| end of epoch 135 | time: 12.25s | epoch loss 7.682495 |
-----------------------------------------------------------------------------------------
 [  136] (    0/   24) | ms/batch 315.1031 | loss 5.471893 | avg loss 5.471893 | lr 0.0001000
Relative val loss: 7.78175
Absolute val loss: 7.78175
-----------------------------------------------------------------------------------------
| end of epoch 136 | time: 11.33s | epoch loss 6.675587 |
-----------------------------------------------------------------------------------------
 [  137] (    0/   24) | ms/batch 315.3806 | loss 5.470508 | avg loss 5.470508 | lr 0.0001000
Relative val loss: 6.40322
Absolute val loss: 6.40322
-----------------------------------------------------------------------------------------
| end of epoch 137 | time: 12.40s | epoch loss 6.987131 |
-----------------------------------------------------------------------------------------
 [  138] (    0/   24) | ms/batch 316.2124 | loss 8.291430 | avg loss 8.291430 | lr 0.0001000
Relative val loss: 6.59038
Absolute val loss: 6.59038
-----------------------------------------------------------------------------------------
| end of epoch 138 | time: 12.02s | epoch loss 7.099250 |
-----------------------------------------------------------------------------------------
 [  139] (    0/   24) | ms/batch 315.5503 | loss 7.286728 | avg loss 7.286728 | lr 0.0001000
Relative val loss: 5.89945
Absolute val loss: 5.89945
-----------------------------------------------------------------------------------------
| end of epoch 139 | time: 12.05s | epoch loss 6.489935 |
-----------------------------------------------------------------------------------------
 [  140] (    0/   24) | ms/batch 314.8201 | loss 9.464110 | avg loss 9.464110 | lr 0.0001000
Relative val loss: 5.78239
Absolute val loss: 5.78239
-----------------------------------------------------------------------------------------
| end of epoch 140 | time: 11.33s | epoch loss 7.028575 |
-----------------------------------------------------------------------------------------
 [  141] (    0/   24) | ms/batch 314.5611 | loss 6.897340 | avg loss 6.897340 | lr 0.0001000
Relative val loss: 5.42057
Absolute val loss: 5.42057
-----------------------------------------------------------------------------------------
| end of epoch 141 | time: 12.26s | epoch loss 6.421025 |
-----------------------------------------------------------------------------------------
 [  142] (    0/   24) | ms/batch 315.6111 | loss 5.153845 | avg loss 5.153845 | lr 0.0001000
Relative val loss: 5.70783
Absolute val loss: 5.70783
-----------------------------------------------------------------------------------------
| end of epoch 142 | time: 11.65s | epoch loss 6.747204 |
-----------------------------------------------------------------------------------------
 [  143] (    0/   24) | ms/batch 312.3481 | loss 5.406706 | avg loss 5.406706 | lr 0.0001000
Relative val loss: 5.54985
Absolute val loss: 5.54985
-----------------------------------------------------------------------------------------
| end of epoch 143 | time: 12.78s | epoch loss 6.654263 |
-----------------------------------------------------------------------------------------
 [  144] (    0/   24) | ms/batch 315.7580 | loss 7.275830 | avg loss 7.275830 | lr 0.0001000
Relative val loss: 5.66377
Absolute val loss: 5.66377
-----------------------------------------------------------------------------------------
| end of epoch 144 | time: 12.25s | epoch loss 6.314870 |
-----------------------------------------------------------------------------------------
 [  145] (    0/   24) | ms/batch 293.1418 | loss 7.839878 | avg loss 7.839878 | lr 0.0001000
Relative val loss: 5.32023
Absolute val loss: 5.32023
-----------------------------------------------------------------------------------------
| end of epoch 145 | time: 12.15s | epoch loss 6.885161 |
-----------------------------------------------------------------------------------------
 [  146] (    0/   24) | ms/batch 315.8808 | loss 6.669446 | avg loss 6.669446 | lr 0.0001000
Relative val loss: 5.35568
Absolute val loss: 5.35568
-----------------------------------------------------------------------------------------
| end of epoch 146 | time: 12.12s | epoch loss 6.188809 |
-----------------------------------------------------------------------------------------
 [  147] (    0/   24) | ms/batch 315.3439 | loss 4.661851 | avg loss 4.661851 | lr 0.0001000
Relative val loss: 6.41828
Absolute val loss: 6.41828
-----------------------------------------------------------------------------------------
| end of epoch 147 | time: 12.37s | epoch loss 6.765318 |
-----------------------------------------------------------------------------------------
 [  148] (    0/   24) | ms/batch 315.3782 | loss 5.604746 | avg loss 5.604746 | lr 0.0001000
Relative val loss: 4.89022
Absolute val loss: 4.89022
-----------------------------------------------------------------------------------------
| end of epoch 148 | time: 12.36s | epoch loss 6.715788 |
-----------------------------------------------------------------------------------------
 [  149] (    0/   24) | ms/batch 314.6825 | loss 6.905936 | avg loss 6.905936 | lr 0.0001000
Relative val loss: 9.42435
Absolute val loss: 9.42435
-----------------------------------------------------------------------------------------
| end of epoch 149 | time: 12.46s | epoch loss 6.498054 |
-----------------------------------------------------------------------------------------
 [  150] (    0/   24) | ms/batch 312.0985 | loss 5.460962 | avg loss 5.460962 | lr 0.0001000
Relative val loss: 5.14361
Absolute val loss: 5.14361
-----------------------------------------------------------------------------------------
| end of epoch 150 | time: 12.27s | epoch loss 6.378169 |
-----------------------------------------------------------------------------------------
