nohup: ignoring input
Argument list to program
--relative_age True
--chronological_age False
--gender_multiplier False
--use_gut_microbiome False
--use_pe_performance False
--use_correlation False
--cropped False
--dataset KG
--data_train /private/workspace/cyt/bone_age_assessment/data/data_yuwei/train
--heatmaps_train /private/workspace/cyt/bone_age_assessment/BA/simba/experiments/best_experiment/KG/with_only_image/HEATMAPS_TRAIN
--ann_path_train /private/workspace/cyt/bone_age_assessment/data/data_yuwei/annotations/train_ann.csv
--rois_path_train /private/workspace/cyt/bone_age_assessment/data/RSNA/annotations/RSNA_Anatomical_ROIs_Training.json
--data_val /private/workspace/cyt/bone_age_assessment/data/data_yuwei/val
--heatmaps_val /private/workspace/cyt/bone_age_assessment/BA/simba/experiments/best_experiment/KG/with_only_image/HEATMAPS_VAL
--ann_path_val /private/workspace/cyt/bone_age_assessment/data/data_yuwei/annotations/val_ann.csv
--rois_path_val /private/workspace/cyt/bone_age_assessment/data/RSNA/annotations/RSNA_Anatomical_ROIs_Validation.json
--trainval True
--save_folder /private/workspace/cyt/bone_age_assessment/BA/simba/experiments/best_experiment/KG/with_only_image
--snapshot /private/workspace/cyt/bone_age_assessment/BA/simba/experiments/best_experiment/KG/with_only_image/boneage_bonet_snapshot.pth
--optim_snapshot /private/workspace/cyt/bone_age_assessment/BA/simba/experiments/best_experiment/KG/with_only_image/boneage_bonet_optim.pth
--eval_first True
--workers 4
--batch_size 20
--epochs 150
--lr 0.0001
--patience 2
--start_epoch 0
--seed 1111
--log_interval 30
--gpu 0
--rank 0



---> Number of params: 123418265
Number of workers:4
Train begins...
Relative val loss: 336912633459.61292
Absolute val loss: 336912633459.61292
 [    0] (    0/   24) | ms/batch 409.8711 | loss 96.050972 | avg loss 96.050972 | lr 0.0001000
Relative val loss: 15.39868
Absolute val loss: 15.39868
-----------------------------------------------------------------------------------------
| end of epoch   0 | time: 24.96s | epoch loss 49.215023 |
-----------------------------------------------------------------------------------------
 [    1] (    0/   24) | ms/batch 151.8049 | loss 25.721741 | avg loss 25.721741 | lr 0.0001000
Relative val loss: 11.40436
Absolute val loss: 11.40436
-----------------------------------------------------------------------------------------
| end of epoch   1 | time: 18.10s | epoch loss 22.135478 |
-----------------------------------------------------------------------------------------
 [    2] (    0/   24) | ms/batch 139.8814 | loss 19.140825 | avg loss 19.140825 | lr 0.0001000
Relative val loss: 10.97045
Absolute val loss: 10.97045
-----------------------------------------------------------------------------------------
| end of epoch   2 | time: 15.54s | epoch loss 16.839900 |
-----------------------------------------------------------------------------------------
 [    3] (    0/   24) | ms/batch 138.5474 | loss 18.621048 | avg loss 18.621048 | lr 0.0001000
Relative val loss: 12.63807
Absolute val loss: 12.63807
-----------------------------------------------------------------------------------------
| end of epoch   3 | time: 15.76s | epoch loss 16.940326 |
-----------------------------------------------------------------------------------------
 [    4] (    0/   24) | ms/batch 139.5183 | loss 15.991546 | avg loss 15.991546 | lr 0.0001000
Relative val loss: 13.03089
Absolute val loss: 13.03088
-----------------------------------------------------------------------------------------
| end of epoch   4 | time: 15.85s | epoch loss 15.739285 |
-----------------------------------------------------------------------------------------
 [    5] (    0/   24) | ms/batch 139.9550 | loss 17.525118 | avg loss 17.525118 | lr 0.0001000
Relative val loss: 15.73264
Absolute val loss: 15.73264
-----------------------------------------------------------------------------------------
| end of epoch   5 | time: 15.99s | epoch loss 16.687198 |
-----------------------------------------------------------------------------------------
 [    6] (    0/   24) | ms/batch 279.5475 | loss 12.542231 | avg loss 12.542231 | lr 0.0001000
Relative val loss: 10.24665
Absolute val loss: 10.24665
-----------------------------------------------------------------------------------------
| end of epoch   6 | time: 16.56s | epoch loss 13.435084 |
-----------------------------------------------------------------------------------------
 [    7] (    0/   24) | ms/batch 139.6453 | loss 17.567389 | avg loss 17.567389 | lr 0.0001000
Relative val loss: 9.67970
Absolute val loss: 9.67970
-----------------------------------------------------------------------------------------
| end of epoch   7 | time: 15.80s | epoch loss 14.196263 |
-----------------------------------------------------------------------------------------
 [    8] (    0/   24) | ms/batch 158.6912 | loss 13.577456 | avg loss 13.577456 | lr 0.0001000
Relative val loss: 11.90662
Absolute val loss: 11.90662
-----------------------------------------------------------------------------------------
| end of epoch   8 | time: 16.15s | epoch loss 14.080601 |
-----------------------------------------------------------------------------------------
 [    9] (    0/   24) | ms/batch 139.2851 | loss 15.773112 | avg loss 15.773112 | lr 0.0001000
Relative val loss: 8.09285
Absolute val loss: 8.09285
-----------------------------------------------------------------------------------------
| end of epoch   9 | time: 16.29s | epoch loss 12.459402 |
-----------------------------------------------------------------------------------------
 [   10] (    0/   24) | ms/batch 139.2536 | loss 13.266444 | avg loss 13.266444 | lr 0.0001000
Relative val loss: 8.42151
Absolute val loss: 8.42152
-----------------------------------------------------------------------------------------
| end of epoch  10 | time: 16.38s | epoch loss 11.540874 |
-----------------------------------------------------------------------------------------
 [   11] (    0/   24) | ms/batch 138.4318 | loss 9.677161 | avg loss 9.677161 | lr 0.0001000
Relative val loss: 8.31702
Absolute val loss: 8.31702
-----------------------------------------------------------------------------------------
| end of epoch  11 | time: 15.95s | epoch loss 10.988139 |
-----------------------------------------------------------------------------------------
 [   12] (    0/   24) | ms/batch 282.5751 | loss 13.629979 | avg loss 13.629979 | lr 0.0001000
Relative val loss: 8.22763
Absolute val loss: 8.22763
-----------------------------------------------------------------------------------------
| end of epoch  12 | time: 17.12s | epoch loss 11.236804 |
-----------------------------------------------------------------------------------------
 [   13] (    0/   24) | ms/batch 254.3375 | loss 5.782269 | avg loss 5.782269 | lr 0.0001000
Relative val loss: 7.90006
Absolute val loss: 7.90006
-----------------------------------------------------------------------------------------
| end of epoch  13 | time: 16.69s | epoch loss 10.660653 |
-----------------------------------------------------------------------------------------
 [   14] (    0/   24) | ms/batch 283.3030 | loss 10.859562 | avg loss 10.859562 | lr 0.0001000
Relative val loss: 9.38002
Absolute val loss: 9.38002
-----------------------------------------------------------------------------------------
| end of epoch  14 | time: 18.85s | epoch loss 11.062792 |
-----------------------------------------------------------------------------------------
 [   15] (    0/   24) | ms/batch 139.2682 | loss 9.621213 | avg loss 9.621213 | lr 0.0001000
Relative val loss: 8.34550
Absolute val loss: 8.34550
-----------------------------------------------------------------------------------------
| end of epoch  15 | time: 16.16s | epoch loss 11.108894 |
-----------------------------------------------------------------------------------------
 [   16] (    0/   24) | ms/batch 139.4715 | loss 12.625468 | avg loss 12.625468 | lr 0.0001000
Relative val loss: 9.14701
Absolute val loss: 9.14701
-----------------------------------------------------------------------------------------
| end of epoch  16 | time: 16.19s | epoch loss 11.105827 |
-----------------------------------------------------------------------------------------
 [   17] (    0/   24) | ms/batch 157.7203 | loss 11.476519 | avg loss 11.476519 | lr 0.0001000
Relative val loss: 8.46630
Absolute val loss: 8.46630
-----------------------------------------------------------------------------------------
| end of epoch  17 | time: 15.99s | epoch loss 10.706088 |
-----------------------------------------------------------------------------------------
 [   18] (    0/   24) | ms/batch 139.6439 | loss 7.673807 | avg loss 7.673807 | lr 0.0001000
Relative val loss: 9.14209
Absolute val loss: 9.14209
-----------------------------------------------------------------------------------------
| end of epoch  18 | time: 16.17s | epoch loss 10.390602 |
-----------------------------------------------------------------------------------------
 [   19] (    0/   24) | ms/batch 139.4069 | loss 9.933992 | avg loss 9.933992 | lr 0.0001000
Relative val loss: 9.06286
Absolute val loss: 9.06286
-----------------------------------------------------------------------------------------
| end of epoch  19 | time: 15.63s | epoch loss 9.639390 |
-----------------------------------------------------------------------------------------
 [   20] (    0/   24) | ms/batch 139.6539 | loss 12.193728 | avg loss 12.193728 | lr 0.0001000
Relative val loss: 8.00888
Absolute val loss: 8.00888
-----------------------------------------------------------------------------------------
| end of epoch  20 | time: 15.48s | epoch loss 10.549928 |
-----------------------------------------------------------------------------------------
 [   21] (    0/   24) | ms/batch 201.6263 | loss 8.886137 | avg loss 8.886137 | lr 0.0001000
Relative val loss: 7.88818
Absolute val loss: 7.88818
-----------------------------------------------------------------------------------------
| end of epoch  21 | time: 15.77s | epoch loss 10.302805 |
-----------------------------------------------------------------------------------------
 [   22] (    0/   24) | ms/batch 139.5683 | loss 8.744582 | avg loss 8.744582 | lr 0.0001000
Relative val loss: 9.15681
Absolute val loss: 9.15681
-----------------------------------------------------------------------------------------
| end of epoch  22 | time: 15.75s | epoch loss 8.858309 |
-----------------------------------------------------------------------------------------
 [   23] (    0/   24) | ms/batch 139.3604 | loss 10.293378 | avg loss 10.293378 | lr 0.0001000
Relative val loss: 9.67753
Absolute val loss: 9.67753
-----------------------------------------------------------------------------------------
| end of epoch  23 | time: 16.01s | epoch loss 9.754176 |
-----------------------------------------------------------------------------------------
 [   24] (    0/   24) | ms/batch 138.4408 | loss 9.678020 | avg loss 9.678020 | lr 0.0001000
Relative val loss: 7.71726
Absolute val loss: 7.71726
-----------------------------------------------------------------------------------------
| end of epoch  24 | time: 15.14s | epoch loss 9.539366 |
-----------------------------------------------------------------------------------------
 [   25] (    0/   24) | ms/batch 139.3044 | loss 10.211305 | avg loss 10.211305 | lr 0.0001000
Relative val loss: 8.34898
Absolute val loss: 8.34898
-----------------------------------------------------------------------------------------
| end of epoch  25 | time: 15.13s | epoch loss 8.864865 |
-----------------------------------------------------------------------------------------
 [   26] (    0/   24) | ms/batch 139.3840 | loss 6.023439 | avg loss 6.023439 | lr 0.0001000
Relative val loss: 7.71924
Absolute val loss: 7.71924
-----------------------------------------------------------------------------------------
| end of epoch  26 | time: 15.16s | epoch loss 9.837341 |
-----------------------------------------------------------------------------------------
 [   27] (    0/   24) | ms/batch 245.8975 | loss 9.446739 | avg loss 9.446739 | lr 0.0001000
Relative val loss: 7.88000
Absolute val loss: 7.88000
-----------------------------------------------------------------------------------------
| end of epoch  27 | time: 14.81s | epoch loss 9.494814 |
-----------------------------------------------------------------------------------------
 [   28] (    0/   24) | ms/batch 275.9898 | loss 6.134433 | avg loss 6.134433 | lr 0.0001000
Relative val loss: 8.22818
Absolute val loss: 8.22818
-----------------------------------------------------------------------------------------
| end of epoch  28 | time: 14.68s | epoch loss 9.345026 |
-----------------------------------------------------------------------------------------
 [   29] (    0/   24) | ms/batch 139.4970 | loss 8.653559 | avg loss 8.653559 | lr 0.0001000
Relative val loss: 8.72439
Absolute val loss: 8.72439
-----------------------------------------------------------------------------------------
| end of epoch  29 | time: 15.79s | epoch loss 9.243942 |
-----------------------------------------------------------------------------------------
 [   30] (    0/   24) | ms/batch 283.0875 | loss 8.822168 | avg loss 8.822168 | lr 0.0001000
Relative val loss: 7.62155
Absolute val loss: 7.62155
-----------------------------------------------------------------------------------------
| end of epoch  30 | time: 15.12s | epoch loss 10.056214 |
-----------------------------------------------------------------------------------------
 [   31] (    0/   24) | ms/batch 139.4761 | loss 10.864804 | avg loss 10.864804 | lr 0.0001000
Relative val loss: 8.02838
Absolute val loss: 8.02838
-----------------------------------------------------------------------------------------
| end of epoch  31 | time: 15.64s | epoch loss 9.367293 |
-----------------------------------------------------------------------------------------
 [   32] (    0/   24) | ms/batch 202.5318 | loss 8.734848 | avg loss 8.734848 | lr 0.0001000
Relative val loss: 7.82061
Absolute val loss: 7.82061
-----------------------------------------------------------------------------------------
| end of epoch  32 | time: 16.31s | epoch loss 9.548543 |
-----------------------------------------------------------------------------------------
 [   33] (    0/   24) | ms/batch 269.9790 | loss 9.260814 | avg loss 9.260814 | lr 0.0001000
Relative val loss: 8.18748
Absolute val loss: 8.18748
-----------------------------------------------------------------------------------------
| end of epoch  33 | time: 16.19s | epoch loss 8.997421 |
-----------------------------------------------------------------------------------------
 [   34] (    0/   24) | ms/batch 139.5142 | loss 7.349117 | avg loss 7.349117 | lr 0.0001000
Relative val loss: 8.03045
Absolute val loss: 8.03045
-----------------------------------------------------------------------------------------
| end of epoch  34 | time: 15.77s | epoch loss 8.914455 |
-----------------------------------------------------------------------------------------
 [   35] (    0/   24) | ms/batch 275.6641 | loss 10.117003 | avg loss 10.117003 | lr 0.0001000
Relative val loss: 7.71380
Absolute val loss: 7.71380
-----------------------------------------------------------------------------------------
| end of epoch  35 | time: 15.47s | epoch loss 8.821285 |
-----------------------------------------------------------------------------------------
 [   36] (    0/   24) | ms/batch 139.3614 | loss 11.158847 | avg loss 11.158847 | lr 0.0001000
Relative val loss: 8.13406
Absolute val loss: 8.13406
-----------------------------------------------------------------------------------------
| end of epoch  36 | time: 15.47s | epoch loss 9.338328 |
-----------------------------------------------------------------------------------------
 [   37] (    0/   24) | ms/batch 138.6039 | loss 9.308646 | avg loss 9.308646 | lr 0.0001000
Relative val loss: 7.75831
Absolute val loss: 7.75832
-----------------------------------------------------------------------------------------
| end of epoch  37 | time: 15.26s | epoch loss 9.239796 |
-----------------------------------------------------------------------------------------
 [   38] (    0/   24) | ms/batch 158.8304 | loss 6.058147 | avg loss 6.058147 | lr 0.0001000
Relative val loss: 7.60221
Absolute val loss: 7.60221
-----------------------------------------------------------------------------------------
| end of epoch  38 | time: 15.96s | epoch loss 9.505723 |
-----------------------------------------------------------------------------------------
 [   39] (    0/   24) | ms/batch 139.1280 | loss 7.871566 | avg loss 7.871566 | lr 0.0001000
Relative val loss: 8.19469
Absolute val loss: 8.19469
-----------------------------------------------------------------------------------------
| end of epoch  39 | time: 16.67s | epoch loss 9.402780 |
-----------------------------------------------------------------------------------------
 [   40] (    0/   24) | ms/batch 138.5443 | loss 7.012214 | avg loss 7.012214 | lr 0.0001000
Relative val loss: 7.73625
Absolute val loss: 7.73625
-----------------------------------------------------------------------------------------
| end of epoch  40 | time: 15.95s | epoch loss 9.162124 |
-----------------------------------------------------------------------------------------
 [   41] (    0/   24) | ms/batch 139.5624 | loss 9.518519 | avg loss 9.518519 | lr 0.0001000
Relative val loss: 8.78630
Absolute val loss: 8.78630
-----------------------------------------------------------------------------------------
| end of epoch  41 | time: 16.13s | epoch loss 8.484699 |
-----------------------------------------------------------------------------------------
 [   42] (    0/   24) | ms/batch 139.7817 | loss 9.333190 | avg loss 9.333190 | lr 0.0001000
Relative val loss: 7.91336
Absolute val loss: 7.91336
-----------------------------------------------------------------------------------------
| end of epoch  42 | time: 16.54s | epoch loss 8.558949 |
-----------------------------------------------------------------------------------------
 [   43] (    0/   24) | ms/batch 139.8265 | loss 10.660491 | avg loss 10.660491 | lr 0.0001000
Relative val loss: 8.44487
Absolute val loss: 8.44487
-----------------------------------------------------------------------------------------
| end of epoch  43 | time: 15.09s | epoch loss 9.699580 |
-----------------------------------------------------------------------------------------
 [   44] (    0/   24) | ms/batch 139.0915 | loss 8.500793 | avg loss 8.500793 | lr 0.0001000
Relative val loss: 8.40403
Absolute val loss: 8.40403
-----------------------------------------------------------------------------------------
| end of epoch  44 | time: 19.23s | epoch loss 8.483097 |
-----------------------------------------------------------------------------------------
 [   45] (    0/   24) | ms/batch 142.0381 | loss 9.720771 | avg loss 9.720771 | lr 0.0001000
Relative val loss: 7.60149
Absolute val loss: 7.60149
-----------------------------------------------------------------------------------------
| end of epoch  45 | time: 16.11s | epoch loss 8.826668 |
-----------------------------------------------------------------------------------------
 [   46] (    0/   24) | ms/batch 219.4929 | loss 7.964115 | avg loss 7.964115 | lr 0.0001000
Relative val loss: 7.65963
Absolute val loss: 7.65963
-----------------------------------------------------------------------------------------
| end of epoch  46 | time: 16.28s | epoch loss 8.585060 |
-----------------------------------------------------------------------------------------
 [   47] (    0/   24) | ms/batch 305.5520 | loss 11.023139 | avg loss 11.023139 | lr 0.0001000
Relative val loss: 7.51038
Absolute val loss: 7.51037
-----------------------------------------------------------------------------------------
| end of epoch  47 | time: 17.08s | epoch loss 8.529919 |
-----------------------------------------------------------------------------------------
 [   48] (    0/   24) | ms/batch 139.8664 | loss 9.929314 | avg loss 9.929314 | lr 0.0001000
Relative val loss: 8.07748
Absolute val loss: 8.07748
-----------------------------------------------------------------------------------------
| end of epoch  48 | time: 15.51s | epoch loss 8.553141 |
-----------------------------------------------------------------------------------------
 [   49] (    0/   24) | ms/batch 139.4837 | loss 7.440199 | avg loss 7.440199 | lr 0.0001000
Relative val loss: 7.85267
Absolute val loss: 7.85267
-----------------------------------------------------------------------------------------
| end of epoch  49 | time: 16.24s | epoch loss 8.699289 |
-----------------------------------------------------------------------------------------
 [   50] (    0/   24) | ms/batch 276.9527 | loss 9.029798 | avg loss 9.029798 | lr 0.0001000
Relative val loss: 7.83486
Absolute val loss: 7.83486
-----------------------------------------------------------------------------------------
| end of epoch  50 | time: 16.20s | epoch loss 8.718360 |
-----------------------------------------------------------------------------------------
 [   51] (    0/   24) | ms/batch 245.9619 | loss 7.864202 | avg loss 7.864202 | lr 0.0001000
Relative val loss: 7.44592
Absolute val loss: 7.44592
-----------------------------------------------------------------------------------------
| end of epoch  51 | time: 15.34s | epoch loss 8.542093 |
-----------------------------------------------------------------------------------------
 [   52] (    0/   24) | ms/batch 139.8633 | loss 8.263851 | avg loss 8.263851 | lr 0.0001000
Relative val loss: 8.18176
Absolute val loss: 8.18176
-----------------------------------------------------------------------------------------
| end of epoch  52 | time: 16.35s | epoch loss 8.381617 |
-----------------------------------------------------------------------------------------
 [   53] (    0/   24) | ms/batch 292.9523 | loss 10.247081 | avg loss 10.247081 | lr 0.0001000
Relative val loss: 7.83492
Absolute val loss: 7.83492
-----------------------------------------------------------------------------------------
| end of epoch  53 | time: 15.76s | epoch loss 8.938996 |
-----------------------------------------------------------------------------------------
 [   54] (    0/   24) | ms/batch 253.4003 | loss 5.811115 | avg loss 5.811115 | lr 0.0001000
Relative val loss: 10.08644
Absolute val loss: 10.08644
-----------------------------------------------------------------------------------------
| end of epoch  54 | time: 16.16s | epoch loss 8.372755 |
-----------------------------------------------------------------------------------------
 [   55] (    0/   24) | ms/batch 139.4210 | loss 11.380164 | avg loss 11.380164 | lr 0.0001000
Relative val loss: 8.56787
Absolute val loss: 8.56787
-----------------------------------------------------------------------------------------
| end of epoch  55 | time: 15.83s | epoch loss 9.441288 |
-----------------------------------------------------------------------------------------
 [   56] (    0/   24) | ms/batch 139.4205 | loss 10.170183 | avg loss 10.170183 | lr 0.0001000
Relative val loss: 7.50958
Absolute val loss: 7.50958
-----------------------------------------------------------------------------------------
| end of epoch  56 | time: 15.55s | epoch loss 9.157938 |
-----------------------------------------------------------------------------------------
 [   57] (    0/   24) | ms/batch 156.7986 | loss 8.548621 | avg loss 8.548621 | lr 0.0001000
Relative val loss: 7.79989
Absolute val loss: 7.79989
-----------------------------------------------------------------------------------------
| end of epoch  57 | time: 15.45s | epoch loss 8.348915 |
-----------------------------------------------------------------------------------------
 [   58] (    0/   24) | ms/batch 139.3182 | loss 9.440566 | avg loss 9.440566 | lr 0.0001000
Relative val loss: 7.60122
Absolute val loss: 7.60122
-----------------------------------------------------------------------------------------
| end of epoch  58 | time: 15.47s | epoch loss 8.177464 |
-----------------------------------------------------------------------------------------
 [   59] (    0/   24) | ms/batch 143.2416 | loss 9.162564 | avg loss 9.162564 | lr 0.0001000
Relative val loss: 7.89372
Absolute val loss: 7.89372
-----------------------------------------------------------------------------------------
| end of epoch  59 | time: 15.69s | epoch loss 8.132694 |
-----------------------------------------------------------------------------------------
 [   60] (    0/   24) | ms/batch 158.4227 | loss 8.026229 | avg loss 8.026229 | lr 0.0001000
Relative val loss: 7.46647
Absolute val loss: 7.46647
-----------------------------------------------------------------------------------------
| end of epoch  60 | time: 15.57s | epoch loss 8.612380 |
-----------------------------------------------------------------------------------------
 [   61] (    0/   24) | ms/batch 143.3091 | loss 9.182566 | avg loss 9.182566 | lr 0.0001000
Relative val loss: 7.97880
Absolute val loss: 7.97880
-----------------------------------------------------------------------------------------
| end of epoch  61 | time: 16.54s | epoch loss 9.177948 |
-----------------------------------------------------------------------------------------
 [   62] (    0/   24) | ms/batch 141.7408 | loss 9.705394 | avg loss 9.705394 | lr 0.0001000
Relative val loss: 8.66514
Absolute val loss: 8.66514
-----------------------------------------------------------------------------------------
| end of epoch  62 | time: 15.48s | epoch loss 8.865776 |
-----------------------------------------------------------------------------------------
 [   63] (    0/   24) | ms/batch 179.9629 | loss 10.400719 | avg loss 10.400719 | lr 0.0001000
Relative val loss: 7.62452
Absolute val loss: 7.62452
-----------------------------------------------------------------------------------------
| end of epoch  63 | time: 16.17s | epoch loss 8.460776 |
-----------------------------------------------------------------------------------------
 [   64] (    0/   24) | ms/batch 188.2424 | loss 8.663592 | avg loss 8.663592 | lr 0.0001000
Relative val loss: 7.71752
Absolute val loss: 7.71752
-----------------------------------------------------------------------------------------
| end of epoch  64 | time: 15.71s | epoch loss 8.270082 |
-----------------------------------------------------------------------------------------
 [   65] (    0/   24) | ms/batch 166.4586 | loss 9.347259 | avg loss 9.347259 | lr 0.0001000
Relative val loss: 7.73150
Absolute val loss: 7.73150
-----------------------------------------------------------------------------------------
| end of epoch  65 | time: 15.88s | epoch loss 8.297783 |
-----------------------------------------------------------------------------------------
 [   66] (    0/   24) | ms/batch 202.2567 | loss 7.954253 | avg loss 7.954253 | lr 0.0001000
Relative val loss: 7.49260
Absolute val loss: 7.49260
-----------------------------------------------------------------------------------------
| end of epoch  66 | time: 15.37s | epoch loss 8.576662 |
-----------------------------------------------------------------------------------------
 [   67] (    0/   24) | ms/batch 138.8144 | loss 6.073104 | avg loss 6.073104 | lr 0.0001000
Relative val loss: 7.81562
Absolute val loss: 7.81562
-----------------------------------------------------------------------------------------
| end of epoch  67 | time: 15.50s | epoch loss 8.447383 |
-----------------------------------------------------------------------------------------
 [   68] (    0/   24) | ms/batch 140.6198 | loss 10.197102 | avg loss 10.197102 | lr 0.0001000
Relative val loss: 7.99067
Absolute val loss: 7.99067
-----------------------------------------------------------------------------------------
| end of epoch  68 | time: 15.60s | epoch loss 8.250537 |
-----------------------------------------------------------------------------------------
 [   69] (    0/   24) | ms/batch 139.2808 | loss 6.494120 | avg loss 6.494120 | lr 0.0001000
Relative val loss: 7.72066
Absolute val loss: 7.72066
-----------------------------------------------------------------------------------------
| end of epoch  69 | time: 15.16s | epoch loss 8.854462 |
-----------------------------------------------------------------------------------------
 [   70] (    0/   24) | ms/batch 139.2777 | loss 6.910562 | avg loss 6.910562 | lr 0.0001000
Relative val loss: 8.01419
Absolute val loss: 8.01419
-----------------------------------------------------------------------------------------
| end of epoch  70 | time: 15.30s | epoch loss 8.633240 |
-----------------------------------------------------------------------------------------
 [   71] (    0/   24) | ms/batch 138.6468 | loss 7.881759 | avg loss 7.881759 | lr 0.0001000
Relative val loss: 7.63553
Absolute val loss: 7.63553
-----------------------------------------------------------------------------------------
| end of epoch  71 | time: 16.45s | epoch loss 8.586109 |
-----------------------------------------------------------------------------------------
 [   72] (    0/   24) | ms/batch 139.4124 | loss 6.932706 | avg loss 6.932706 | lr 0.0001000
Relative val loss: 7.83697
Absolute val loss: 7.83697
-----------------------------------------------------------------------------------------
| end of epoch  72 | time: 14.83s | epoch loss 8.180499 |
-----------------------------------------------------------------------------------------
 [   73] (    0/   24) | ms/batch 139.6756 | loss 10.909828 | avg loss 10.909828 | lr 0.0001000
Relative val loss: 8.78763
Absolute val loss: 8.78763
-----------------------------------------------------------------------------------------
| end of epoch  73 | time: 15.21s | epoch loss 8.105777 |
-----------------------------------------------------------------------------------------
 [   74] (    0/   24) | ms/batch 281.8682 | loss 8.724227 | avg loss 8.724227 | lr 0.0001000
Relative val loss: 7.69537
Absolute val loss: 7.69537
-----------------------------------------------------------------------------------------
| end of epoch  74 | time: 14.87s | epoch loss 8.794332 |
-----------------------------------------------------------------------------------------
 [   75] (    0/   24) | ms/batch 284.6162 | loss 11.153914 | avg loss 11.153914 | lr 0.0001000
Relative val loss: 7.52199
Absolute val loss: 7.52199
-----------------------------------------------------------------------------------------
| end of epoch  75 | time: 15.05s | epoch loss 7.980463 |
-----------------------------------------------------------------------------------------
 [   76] (    0/   24) | ms/batch 203.9967 | loss 8.081407 | avg loss 8.081407 | lr 0.0001000
Relative val loss: 8.24603
Absolute val loss: 8.24603
-----------------------------------------------------------------------------------------
| end of epoch  76 | time: 15.59s | epoch loss 8.314723 |
-----------------------------------------------------------------------------------------
 [   77] (    0/   24) | ms/batch 257.7126 | loss 8.234097 | avg loss 8.234097 | lr 0.0001000
Relative val loss: 7.85025
Absolute val loss: 7.85025
-----------------------------------------------------------------------------------------
| end of epoch  77 | time: 14.93s | epoch loss 8.739484 |
-----------------------------------------------------------------------------------------
 [   78] (    0/   24) | ms/batch 139.2868 | loss 9.680964 | avg loss 9.680964 | lr 0.0001000
Relative val loss: 7.40192
Absolute val loss: 7.40192
-----------------------------------------------------------------------------------------
| end of epoch  78 | time: 14.95s | epoch loss 8.336970 |
-----------------------------------------------------------------------------------------
 [   79] (    0/   24) | ms/batch 139.7769 | loss 6.097210 | avg loss 6.097210 | lr 0.0001000
Relative val loss: 7.32570
Absolute val loss: 7.32570
-----------------------------------------------------------------------------------------
| end of epoch  79 | time: 15.76s | epoch loss 8.412513 |
-----------------------------------------------------------------------------------------
 [   80] (    0/   24) | ms/batch 281.7838 | loss 9.163383 | avg loss 9.163383 | lr 0.0001000
Relative val loss: 7.33240
Absolute val loss: 7.33240
-----------------------------------------------------------------------------------------
| end of epoch  80 | time: 15.67s | epoch loss 8.321159 |
-----------------------------------------------------------------------------------------
 [   81] (    0/   24) | ms/batch 139.5605 | loss 8.046710 | avg loss 8.046710 | lr 0.0001000
Relative val loss: 9.61819
Absolute val loss: 9.61819
-----------------------------------------------------------------------------------------
| end of epoch  81 | time: 15.14s | epoch loss 8.479096 |
-----------------------------------------------------------------------------------------
 [   82] (    0/   24) | ms/batch 279.6311 | loss 9.043358 | avg loss 9.043358 | lr 0.0001000
Relative val loss: 7.88523
Absolute val loss: 7.88523
-----------------------------------------------------------------------------------------
| end of epoch  82 | time: 16.53s | epoch loss 8.571026 |
-----------------------------------------------------------------------------------------
 [   83] (    0/   24) | ms/batch 218.4188 | loss 8.310939 | avg loss 8.310939 | lr 0.0001000
Relative val loss: 8.05721
Absolute val loss: 8.05721
-----------------------------------------------------------------------------------------
| end of epoch  83 | time: 16.25s | epoch loss 8.159464 |
-----------------------------------------------------------------------------------------
 [   84] (    0/   24) | ms/batch 139.0777 | loss 7.624848 | avg loss 7.624848 | lr 0.0001000
Relative val loss: 7.59898
Absolute val loss: 7.59898
-----------------------------------------------------------------------------------------
| end of epoch  84 | time: 15.36s | epoch loss 9.149553 |
-----------------------------------------------------------------------------------------
 [   85] (    0/   24) | ms/batch 139.4176 | loss 7.565521 | avg loss 7.565521 | lr 0.0001000
Relative val loss: 8.39644
Absolute val loss: 8.39644
-----------------------------------------------------------------------------------------
| end of epoch  85 | time: 15.32s | epoch loss 8.540917 |
-----------------------------------------------------------------------------------------
 [   86] (    0/   24) | ms/batch 139.3719 | loss 9.583772 | avg loss 9.583772 | lr 0.0001000
Relative val loss: 8.83354
Absolute val loss: 8.83354
-----------------------------------------------------------------------------------------
| end of epoch  86 | time: 16.11s | epoch loss 8.937710 |
-----------------------------------------------------------------------------------------
 [   87] (    0/   24) | ms/batch 139.2436 | loss 9.142746 | avg loss 9.142746 | lr 0.0001000
Relative val loss: 7.70090
Absolute val loss: 7.70090
-----------------------------------------------------------------------------------------
| end of epoch  87 | time: 14.95s | epoch loss 9.186606 |
-----------------------------------------------------------------------------------------
 [   88] (    0/   24) | ms/batch 194.2744 | loss 8.477305 | avg loss 8.477305 | lr 0.0001000
Relative val loss: 8.91230
Absolute val loss: 8.91230
-----------------------------------------------------------------------------------------
| end of epoch  88 | time: 15.73s | epoch loss 8.506181 |
-----------------------------------------------------------------------------------------
 [   89] (    0/   24) | ms/batch 192.9719 | loss 10.137224 | avg loss 10.137224 | lr 0.0001000
Relative val loss: 7.48450
Absolute val loss: 7.48450
-----------------------------------------------------------------------------------------
| end of epoch  89 | time: 16.20s | epoch loss 9.694805 |
-----------------------------------------------------------------------------------------
 [   90] (    0/   24) | ms/batch 191.5386 | loss 9.540705 | avg loss 9.540705 | lr 0.0001000
Relative val loss: 7.53559
Absolute val loss: 7.53559
-----------------------------------------------------------------------------------------
| end of epoch  90 | time: 15.14s | epoch loss 8.177210 |
-----------------------------------------------------------------------------------------
 [   91] (    0/   24) | ms/batch 180.1972 | loss 10.237365 | avg loss 10.237365 | lr 0.0001000
Relative val loss: 7.35772
Absolute val loss: 7.35772
-----------------------------------------------------------------------------------------
| end of epoch  91 | time: 15.32s | epoch loss 8.670460 |
-----------------------------------------------------------------------------------------
 [   92] (    0/   24) | ms/batch 192.2424 | loss 7.845764 | avg loss 7.845764 | lr 0.0001000
Relative val loss: 7.41376
Absolute val loss: 7.41376
-----------------------------------------------------------------------------------------
| end of epoch  92 | time: 15.21s | epoch loss 8.434363 |
-----------------------------------------------------------------------------------------
 [   93] (    0/   24) | ms/batch 158.2708 | loss 9.087892 | avg loss 9.087892 | lr 0.0001000
Relative val loss: 8.32761
Absolute val loss: 8.32761
-----------------------------------------------------------------------------------------
| end of epoch  93 | time: 15.20s | epoch loss 8.209447 |
-----------------------------------------------------------------------------------------
 [   94] (    0/   24) | ms/batch 138.4559 | loss 8.552529 | avg loss 8.552529 | lr 0.0001000
Relative val loss: 8.43150
Absolute val loss: 8.43150
-----------------------------------------------------------------------------------------
| end of epoch  94 | time: 14.88s | epoch loss 8.606172 |
-----------------------------------------------------------------------------------------
 [   95] (    0/   24) | ms/batch 138.6337 | loss 5.450988 | avg loss 5.450988 | lr 0.0001000
Relative val loss: 7.75069
Absolute val loss: 7.75069
-----------------------------------------------------------------------------------------
| end of epoch  95 | time: 15.41s | epoch loss 8.849957 |
-----------------------------------------------------------------------------------------
 [   96] (    0/   24) | ms/batch 287.0786 | loss 9.872046 | avg loss 9.872046 | lr 0.0001000
Relative val loss: 7.60080
Absolute val loss: 7.60080
-----------------------------------------------------------------------------------------
| end of epoch  96 | time: 33.89s | epoch loss 8.256725 |
-----------------------------------------------------------------------------------------
 [   97] (    0/   24) | ms/batch 158.7880 | loss 7.714307 | avg loss 7.714307 | lr 0.0001000
Relative val loss: 7.81194
Absolute val loss: 7.81194
-----------------------------------------------------------------------------------------
| end of epoch  97 | time: 15.20s | epoch loss 8.276627 |
-----------------------------------------------------------------------------------------
 [   98] (    0/   24) | ms/batch 138.5341 | loss 8.368860 | avg loss 8.368860 | lr 0.0001000
Relative val loss: 7.81345
Absolute val loss: 7.81345
-----------------------------------------------------------------------------------------
| end of epoch  98 | time: 15.87s | epoch loss 8.391850 |
-----------------------------------------------------------------------------------------
 [   99] (    0/   24) | ms/batch 139.5357 | loss 9.291431 | avg loss 9.291431 | lr 0.0001000
Relative val loss: 7.46113
Absolute val loss: 7.46113
-----------------------------------------------------------------------------------------
| end of epoch  99 | time: 15.09s | epoch loss 8.221937 |
-----------------------------------------------------------------------------------------
 [  100] (    0/   24) | ms/batch 139.4105 | loss 12.506240 | avg loss 12.506240 | lr 0.0001000
Relative val loss: 7.55710
Absolute val loss: 7.55710
-----------------------------------------------------------------------------------------
| end of epoch 100 | time: 15.00s | epoch loss 8.801706 |
-----------------------------------------------------------------------------------------
 [  101] (    0/   24) | ms/batch 139.3270 | loss 8.506545 | avg loss 8.506545 | lr 0.0001000
Relative val loss: 8.41522
Absolute val loss: 8.41522
-----------------------------------------------------------------------------------------
| end of epoch 101 | time: 15.40s | epoch loss 8.439542 |
-----------------------------------------------------------------------------------------
 [  102] (    0/   24) | ms/batch 147.1517 | loss 6.694719 | avg loss 6.694719 | lr 0.0001000
Relative val loss: 7.65055
Absolute val loss: 7.65055
-----------------------------------------------------------------------------------------
| end of epoch 102 | time: 15.33s | epoch loss 8.432145 |
-----------------------------------------------------------------------------------------
 [  103] (    0/   24) | ms/batch 202.4293 | loss 7.982533 | avg loss 7.982533 | lr 0.0001000
Relative val loss: 7.37949
Absolute val loss: 7.37949
-----------------------------------------------------------------------------------------
| end of epoch 103 | time: 15.53s | epoch loss 8.240075 |
-----------------------------------------------------------------------------------------
 [  104] (    0/   24) | ms/batch 281.5609 | loss 7.641263 | avg loss 7.641263 | lr 0.0001000
Relative val loss: 8.04177
Absolute val loss: 8.04177
-----------------------------------------------------------------------------------------
| end of epoch 104 | time: 15.31s | epoch loss 8.915817 |
-----------------------------------------------------------------------------------------
 [  105] (    0/   24) | ms/batch 139.3788 | loss 8.183887 | avg loss 8.183887 | lr 0.0001000
Relative val loss: 7.45777
Absolute val loss: 7.45777
-----------------------------------------------------------------------------------------
| end of epoch 105 | time: 15.42s | epoch loss 8.861241 |
-----------------------------------------------------------------------------------------
 [  106] (    0/   24) | ms/batch 286.7591 | loss 10.169114 | avg loss 10.169114 | lr 0.0001000
Relative val loss: 7.40889
Absolute val loss: 7.40889
-----------------------------------------------------------------------------------------
| end of epoch 106 | time: 15.60s | epoch loss 7.932971 |
-----------------------------------------------------------------------------------------
 [  107] (    0/   24) | ms/batch 280.3471 | loss 7.890533 | avg loss 7.890533 | lr 0.0001000
Relative val loss: 8.04759
Absolute val loss: 8.04759
-----------------------------------------------------------------------------------------
| end of epoch 107 | time: 15.14s | epoch loss 8.281151 |
-----------------------------------------------------------------------------------------
 [  108] (    0/   24) | ms/batch 146.8344 | loss 7.062753 | avg loss 7.062753 | lr 0.0001000
Relative val loss: 7.98544
Absolute val loss: 7.98544
-----------------------------------------------------------------------------------------
| end of epoch 108 | time: 15.37s | epoch loss 8.336586 |
-----------------------------------------------------------------------------------------
 [  109] (    0/   24) | ms/batch 203.1331 | loss 9.721801 | avg loss 9.721801 | lr 0.0001000
Relative val loss: 7.51894
Absolute val loss: 7.51894
-----------------------------------------------------------------------------------------
| end of epoch 109 | time: 16.00s | epoch loss 8.323196 |
-----------------------------------------------------------------------------------------
 [  110] (    0/   24) | ms/batch 139.3490 | loss 7.530137 | avg loss 7.530137 | lr 0.0001000
Relative val loss: 7.32115
Absolute val loss: 7.32115
-----------------------------------------------------------------------------------------
| end of epoch 110 | time: 15.71s | epoch loss 8.489433 |
-----------------------------------------------------------------------------------------
 [  111] (    0/   24) | ms/batch 149.6999 | loss 8.743373 | avg loss 8.743373 | lr 0.0001000
Relative val loss: 8.52311
Absolute val loss: 8.52311
-----------------------------------------------------------------------------------------
| end of epoch 111 | time: 15.47s | epoch loss 8.259359 |
-----------------------------------------------------------------------------------------
 [  112] (    0/   24) | ms/batch 139.7536 | loss 10.723357 | avg loss 10.723357 | lr 0.0001000
Relative val loss: 7.36273
Absolute val loss: 7.36273
-----------------------------------------------------------------------------------------
| end of epoch 112 | time: 15.22s | epoch loss 8.383240 |
-----------------------------------------------------------------------------------------
 [  113] (    0/   24) | ms/batch 139.5717 | loss 8.093181 | avg loss 8.093181 | lr 0.0001000
Relative val loss: 7.48880
Absolute val loss: 7.48880
-----------------------------------------------------------------------------------------
| end of epoch 113 | time: 15.15s | epoch loss 8.226117 |
-----------------------------------------------------------------------------------------
 [  114] (    0/   24) | ms/batch 233.7179 | loss 8.369763 | avg loss 8.369763 | lr 0.0001000
Relative val loss: 7.23928
Absolute val loss: 7.23928
-----------------------------------------------------------------------------------------
| end of epoch 114 | time: 15.40s | epoch loss 8.372130 |
-----------------------------------------------------------------------------------------
 [  115] (    0/   24) | ms/batch 139.8563 | loss 11.039367 | avg loss 11.039367 | lr 0.0001000
Relative val loss: 7.45498
Absolute val loss: 7.45498
-----------------------------------------------------------------------------------------
| end of epoch 115 | time: 15.44s | epoch loss 8.138513 |
-----------------------------------------------------------------------------------------
 [  116] (    0/   24) | ms/batch 139.9138 | loss 9.364368 | avg loss 9.364368 | lr 0.0001000
Relative val loss: 7.80525
Absolute val loss: 7.80525
-----------------------------------------------------------------------------------------
| end of epoch 116 | time: 16.13s | epoch loss 8.399644 |
-----------------------------------------------------------------------------------------
 [  117] (    0/   24) | ms/batch 139.4708 | loss 8.809857 | avg loss 8.809857 | lr 0.0001000
Relative val loss: 7.73995
Absolute val loss: 7.73995
-----------------------------------------------------------------------------------------
| end of epoch 117 | time: 15.64s | epoch loss 8.667077 |
-----------------------------------------------------------------------------------------
 [  118] (    0/   24) | ms/batch 139.5090 | loss 8.403664 | avg loss 8.403664 | lr 0.0001000
Relative val loss: 8.29872
Absolute val loss: 8.29872
-----------------------------------------------------------------------------------------
| end of epoch 118 | time: 15.71s | epoch loss 9.211215 |
-----------------------------------------------------------------------------------------
 [  119] (    0/   24) | ms/batch 153.8050 | loss 9.819483 | avg loss 9.819483 | lr 0.0001000
Relative val loss: 7.44127
Absolute val loss: 7.44127
-----------------------------------------------------------------------------------------
| end of epoch 119 | time: 18.90s | epoch loss 8.644934 |
-----------------------------------------------------------------------------------------
 [  120] (    0/   24) | ms/batch 198.9169 | loss 10.358568 | avg loss 10.358568 | lr 0.0001000
Relative val loss: 7.23811
Absolute val loss: 7.23811
-----------------------------------------------------------------------------------------
| end of epoch 120 | time: 15.64s | epoch loss 7.962052 |
-----------------------------------------------------------------------------------------
 [  121] (    0/   24) | ms/batch 139.1907 | loss 7.910305 | avg loss 7.910305 | lr 0.0001000
Relative val loss: 8.13054
Absolute val loss: 8.13054
-----------------------------------------------------------------------------------------
| end of epoch 121 | time: 15.46s | epoch loss 8.287957 |
-----------------------------------------------------------------------------------------
 [  122] (    0/   24) | ms/batch 273.4637 | loss 8.875196 | avg loss 8.875196 | lr 0.0001000
Relative val loss: 7.54915
Absolute val loss: 7.54915
-----------------------------------------------------------------------------------------
| end of epoch 122 | time: 15.95s | epoch loss 8.794181 |
-----------------------------------------------------------------------------------------
 [  123] (    0/   24) | ms/batch 157.7466 | loss 8.656929 | avg loss 8.656929 | lr 0.0001000
Relative val loss: 7.48520
Absolute val loss: 7.48520
-----------------------------------------------------------------------------------------
| end of epoch 123 | time: 15.97s | epoch loss 8.524916 |
-----------------------------------------------------------------------------------------
 [  124] (    0/   24) | ms/batch 139.1900 | loss 6.954975 | avg loss 6.954975 | lr 0.0001000
Relative val loss: 7.45205
Absolute val loss: 7.45205
-----------------------------------------------------------------------------------------
| end of epoch 124 | time: 16.04s | epoch loss 8.321473 |
-----------------------------------------------------------------------------------------
 [  125] (    0/   24) | ms/batch 139.6947 | loss 8.021646 | avg loss 8.021646 | lr 0.0001000
Relative val loss: 7.41603
Absolute val loss: 7.41603
-----------------------------------------------------------------------------------------
| end of epoch 125 | time: 15.73s | epoch loss 8.322297 |
-----------------------------------------------------------------------------------------
 [  126] (    0/   24) | ms/batch 139.8683 | loss 7.913410 | avg loss 7.913410 | lr 0.0001000
Relative val loss: 7.67396
Absolute val loss: 7.67396
-----------------------------------------------------------------------------------------
| end of epoch 126 | time: 24.75s | epoch loss 8.158415 |
-----------------------------------------------------------------------------------------
 [  127] (    0/   24) | ms/batch 157.3415 | loss 8.958836 | avg loss 8.958836 | lr 0.0001000
Relative val loss: 7.55956
Absolute val loss: 7.55956
-----------------------------------------------------------------------------------------
| end of epoch 127 | time: 15.00s | epoch loss 8.333495 |
-----------------------------------------------------------------------------------------
 [  128] (    0/   24) | ms/batch 138.9172 | loss 9.095649 | avg loss 9.095649 | lr 0.0001000
Relative val loss: 7.66583
Absolute val loss: 7.66583
-----------------------------------------------------------------------------------------
| end of epoch 128 | time: 15.70s | epoch loss 8.444838 |
-----------------------------------------------------------------------------------------
 [  129] (    0/   24) | ms/batch 158.8559 | loss 9.558355 | avg loss 9.558355 | lr 0.0001000
Relative val loss: 8.18566
Absolute val loss: 8.18566
-----------------------------------------------------------------------------------------
| end of epoch 129 | time: 15.49s | epoch loss 7.991258 |
-----------------------------------------------------------------------------------------
 [  130] (    0/   24) | ms/batch 186.5890 | loss 6.985193 | avg loss 6.985193 | lr 0.0001000
Relative val loss: 8.35403
Absolute val loss: 8.35403
-----------------------------------------------------------------------------------------
| end of epoch 130 | time: 16.06s | epoch loss 8.130402 |
-----------------------------------------------------------------------------------------
 [  131] (    0/   24) | ms/batch 193.7437 | loss 10.968944 | avg loss 10.968944 | lr 0.0001000
Relative val loss: 8.08345
Absolute val loss: 8.08345
-----------------------------------------------------------------------------------------
| end of epoch 131 | time: 15.51s | epoch loss 8.890179 |
-----------------------------------------------------------------------------------------
 [  132] (    0/   24) | ms/batch 218.6892 | loss 8.646808 | avg loss 8.646808 | lr 0.0001000
Relative val loss: 7.44160
Absolute val loss: 7.44160
-----------------------------------------------------------------------------------------
| end of epoch 132 | time: 15.33s | epoch loss 8.456179 |
-----------------------------------------------------------------------------------------
 [  133] (    0/   24) | ms/batch 147.0854 | loss 8.449924 | avg loss 8.449924 | lr 0.0001000
Relative val loss: 7.44232
Absolute val loss: 7.44232
-----------------------------------------------------------------------------------------
| end of epoch 133 | time: 20.75s | epoch loss 8.301677 |
-----------------------------------------------------------------------------------------
 [  134] (    0/   24) | ms/batch 139.8015 | loss 5.817158 | avg loss 5.817158 | lr 0.0001000
Relative val loss: 8.24629
Absolute val loss: 8.24629
-----------------------------------------------------------------------------------------
| end of epoch 134 | time: 14.74s | epoch loss 8.320527 |
-----------------------------------------------------------------------------------------
 [  135] (    0/   24) | ms/batch 139.4327 | loss 7.541382 | avg loss 7.541382 | lr 0.0001000
Relative val loss: 7.93298
Absolute val loss: 7.93298
-----------------------------------------------------------------------------------------
| end of epoch 135 | time: 14.90s | epoch loss 8.481119 |
-----------------------------------------------------------------------------------------
 [  136] (    0/   24) | ms/batch 139.4012 | loss 8.100516 | avg loss 8.100516 | lr 0.0001000
Relative val loss: 7.51182
Absolute val loss: 7.51182
-----------------------------------------------------------------------------------------
| end of epoch 136 | time: 15.61s | epoch loss 8.342564 |
-----------------------------------------------------------------------------------------
 [  137] (    0/   24) | ms/batch 139.5824 | loss 6.916805 | avg loss 6.916805 | lr 0.0001000
Relative val loss: 7.41857
Absolute val loss: 7.41857
-----------------------------------------------------------------------------------------
| end of epoch 137 | time: 15.66s | epoch loss 8.447456 |
-----------------------------------------------------------------------------------------
 [  138] (    0/   24) | ms/batch 139.3857 | loss 8.769335 | avg loss 8.769335 | lr 0.0001000
Relative val loss: 8.20080
Absolute val loss: 8.20080
-----------------------------------------------------------------------------------------
| end of epoch 138 | time: 15.58s | epoch loss 8.209321 |
-----------------------------------------------------------------------------------------
 [  139] (    0/   24) | ms/batch 139.4944 | loss 7.810945 | avg loss 7.810945 | lr 0.0001000
Relative val loss: 7.78857
Absolute val loss: 7.78857
-----------------------------------------------------------------------------------------
| end of epoch 139 | time: 15.26s | epoch loss 8.289792 |
-----------------------------------------------------------------------------------------
 [  140] (    0/   24) | ms/batch 139.6546 | loss 8.974942 | avg loss 8.974942 | lr 0.0001000
Relative val loss: 7.38580
Absolute val loss: 7.38580
-----------------------------------------------------------------------------------------
| end of epoch 140 | time: 15.27s | epoch loss 8.187982 |
-----------------------------------------------------------------------------------------
 [  141] (    0/   24) | ms/batch 279.5954 | loss 9.422987 | avg loss 9.422987 | lr 0.0001000
Relative val loss: 7.34444
Absolute val loss: 7.34444
-----------------------------------------------------------------------------------------
| end of epoch 141 | time: 14.91s | epoch loss 8.232609 |
-----------------------------------------------------------------------------------------
 [  142] (    0/   24) | ms/batch 139.6818 | loss 6.840709 | avg loss 6.840709 | lr 0.0001000
Relative val loss: 7.89709
Absolute val loss: 7.89709
-----------------------------------------------------------------------------------------
| end of epoch 142 | time: 15.69s | epoch loss 8.288550 |
-----------------------------------------------------------------------------------------
 [  143] (    0/   24) | ms/batch 245.6863 | loss 10.024736 | avg loss 10.024736 | lr 0.0001000
Relative val loss: 7.61374
Absolute val loss: 7.61374
-----------------------------------------------------------------------------------------
| end of epoch 143 | time: 15.45s | epoch loss 8.253164 |
-----------------------------------------------------------------------------------------
 [  144] (    0/   24) | ms/batch 272.8877 | loss 6.564271 | avg loss 6.564271 | lr 0.0001000
Relative val loss: 7.97673
Absolute val loss: 7.97673
-----------------------------------------------------------------------------------------
| end of epoch 144 | time: 15.88s | epoch loss 8.199356 |
-----------------------------------------------------------------------------------------
 [  145] (    0/   24) | ms/batch 264.1575 | loss 7.013141 | avg loss 7.013141 | lr 0.0001000
Relative val loss: 7.35926
Absolute val loss: 7.35926
-----------------------------------------------------------------------------------------
| end of epoch 145 | time: 15.17s | epoch loss 8.232842 |
-----------------------------------------------------------------------------------------
 [  146] (    0/   24) | ms/batch 281.4488 | loss 7.077579 | avg loss 7.077579 | lr 0.0001000
Relative val loss: 7.23715
Absolute val loss: 7.23715
-----------------------------------------------------------------------------------------
| end of epoch 146 | time: 16.48s | epoch loss 8.587374 |
-----------------------------------------------------------------------------------------
 [  147] (    0/   24) | ms/batch 282.2044 | loss 10.337779 | avg loss 10.337779 | lr 0.0001000
Relative val loss: 7.58097
Absolute val loss: 7.58097
-----------------------------------------------------------------------------------------
| end of epoch 147 | time: 16.32s | epoch loss 8.107617 |
-----------------------------------------------------------------------------------------
 [  148] (    0/   24) | ms/batch 282.3699 | loss 6.968095 | avg loss 6.968095 | lr 0.0001000
Relative val loss: 7.91668
Absolute val loss: 7.91668
-----------------------------------------------------------------------------------------
| end of epoch 148 | time: 15.25s | epoch loss 7.974153 |
-----------------------------------------------------------------------------------------
 [  149] (    0/   24) | ms/batch 293.3531 | loss 7.975014 | avg loss 7.975014 | lr 0.0001000
Relative val loss: 7.83766
Absolute val loss: 7.83766
-----------------------------------------------------------------------------------------
| end of epoch 149 | time: 15.49s | epoch loss 8.503719 |
-----------------------------------------------------------------------------------------
 [  150] (    0/   24) | ms/batch 139.4100 | loss 8.737937 | avg loss 8.737937 | lr 0.0001000
Relative val loss: 7.83362
Absolute val loss: 7.83362
-----------------------------------------------------------------------------------------
| end of epoch 150 | time: 15.46s | epoch loss 8.365913 |
-----------------------------------------------------------------------------------------
Traceback (most recent call last):
  File "/private/workspace/environment/sam_adapt/lib/python3.10/runpy.py", line 196, in _run_module_as_main
    return _run_code(code, main_globals, None,
  File "/private/workspace/environment/sam_adapt/lib/python3.10/runpy.py", line 86, in _run_code
    exec(code, run_globals)
  File "/private/workspace/cyt/bone_age_assessment/BA/simba/train.py", line 165, in <module>
    optimizer.load_state_dict(torch.load(optim_to_load, map_location=lambda storage,
  File "/private/workspace/environment/sam_adapt/lib/python3.10/site-packages/torch/_compile.py", line 32, in inner
    return disable_fn(*args, **kwargs)
  File "/private/workspace/environment/sam_adapt/lib/python3.10/site-packages/torch/_dynamo/eval_frame.py", line 745, in _fn
    return fn(*args, **kwargs)
  File "/private/workspace/environment/sam_adapt/lib/python3.10/site-packages/torch/optim/optimizer.py", line 880, in load_state_dict
    raise ValueError(
ValueError: loaded state dict contains a parameter group that doesn't match the size of optimizer's group
Argument list to program
--relative_age True
--chronological_age True
--gender_multiplier True
--use_gut_microbiome False
--use_pe_performance False
--use_correlation True
--cropped False
--dataset KG
--data_train /private/workspace/cyt/bone_age_assessment/data/data_yuwei/train
--heatmaps_train /private/workspace/cyt/bone_age_assessment/BA/simba/experiments/best_experiment/KG/with_only_image/HEATMAPS_TRAIN
--ann_path_train /private/workspace/cyt/bone_age_assessment/data/data_yuwei/annotations/train_ann.csv
--rois_path_train /private/workspace/cyt/bone_age_assessment/data/RSNA/annotations/RSNA_Anatomical_ROIs_Training.json
--data_val /private/workspace/cyt/bone_age_assessment/data/data_yuwei/val
--heatmaps_val /private/workspace/cyt/bone_age_assessment/BA/simba/experiments/best_experiment/KG/with_only_image/HEATMAPS_VAL
--ann_path_val /private/workspace/cyt/bone_age_assessment/data/data_yuwei/annotations/val_ann.csv
--rois_path_val /private/workspace/cyt/bone_age_assessment/data/RSNA/annotations/RSNA_Anatomical_ROIs_Validation.json
--trainval True
--save_folder /private/workspace/cyt/bone_age_assessment/BA/simba/experiments/best_experiment/KG/with_only_image
--snapshot /private/workspace/cyt/bone_age_assessment/BA/simba/experiments/best_experiment/KG/with_only_image/boneage_bonet_snapshot.pth
--optim_snapshot /private/workspace/cyt/bone_age_assessment/BA/simba/experiments/best_experiment/KG/with_only_image/boneage_bonet_optim.pth
--eval_first True
--workers 4
--batch_size 20
--epochs 150
--lr 0.0001
--patience 2
--start_epoch 0
--seed 1111
--log_interval 30
--gpu 0
--rank 0



---> Number of params: 123471819
Loading state dict from: /private/workspace/cyt/bone_age_assessment/BA/simba/experiments/best_experiment/KG/with_only_image/boneage_bonet_snapshot.pth
loading optim snapshot from /private/workspace/cyt/bone_age_assessment/BA/simba/experiments/best_experiment/KG/with_only_image/boneage_bonet_optim.pth
