nohup: ignoring input
Argument list to program
--relative_age False
--chronological_age False
--gender_multiplier False
--use_gut_microbiome False
--use_pe_performance False
--use_correlation False
--cropped False
--dataset KG
--data_train /private/workspace/cyt/bone_age_assessment/data/data_yuwei/train_clean
--heatmaps_train /private/workspace/cyt/bone_age_assessment/BA/simba/experiments/best_experiment/KG/with_only_image_seg_abs/HEATMAPS_TRAIN
--ann_path_train /private/workspace/cyt/bone_age_assessment/data/data_yuwei/annotations/train_ann.csv
--rois_path_train /private/workspace/cyt/bone_age_assessment/data/RSNA/annotations/RSNA_Anatomical_ROIs_Training.json
--data_val /private/workspace/cyt/bone_age_assessment/data/data_yuwei/val_clean
--heatmaps_val /private/workspace/cyt/bone_age_assessment/BA/simba/experiments/best_experiment/KG/with_only_image_seg_abs/HEATMAPS_VAL
--ann_path_val /private/workspace/cyt/bone_age_assessment/data/data_yuwei/annotations/val_ann.csv
--rois_path_val /private/workspace/cyt/bone_age_assessment/data/RSNA/annotations/RSNA_Anatomical_ROIs_Validation.json
--trainval True
--save_folder /private/workspace/cyt/bone_age_assessment/BA/simba/experiments/best_experiment/KG/with_only_image_seg_abs
--snapshot /private/workspace/cyt/bone_age_assessment/BA/simba/experiments/best_experiment/KG/with_only_image_seg_abs/boneage_bonet_snapshot.pth
--optim_snapshot /private/workspace/cyt/bone_age_assessment/BA/simba/experiments/best_experiment/KG/with_only_image_seg_abs/boneage_bonet_optim.pth
--eval_first True
--workers 4
--batch_size 20
--epochs 150
--lr 0.0001
--patience 2
--start_epoch 0
--seed 1111
--log_interval 30
--gpu 0
--rank 0



---> Number of params: 123418265
Number of workers:4
Train begins...
Relative val loss: 10284724511865.11914
Absolute val loss: 10284724511865.11914
 [    0] (    0/   24) | ms/batch 341.3494 | loss 78.901939 | avg loss 78.901939 | lr 0.0001000
Relative val loss: 31.32408
Absolute val loss: 31.32408
-----------------------------------------------------------------------------------------
| end of epoch   0 | time: 12.39s | epoch loss 63.320460 |
-----------------------------------------------------------------------------------------
 [    1] (    0/   24) | ms/batch 315.2230 | loss 30.739561 | avg loss 30.739561 | lr 0.0001000
Relative val loss: 14.57192
Absolute val loss: 14.57192
-----------------------------------------------------------------------------------------
| end of epoch   1 | time: 11.90s | epoch loss 25.912761 |
-----------------------------------------------------------------------------------------
 [    2] (    0/   24) | ms/batch 314.9674 | loss 22.631424 | avg loss 22.631424 | lr 0.0001000
Relative val loss: 12.82994
Absolute val loss: 12.82994
-----------------------------------------------------------------------------------------
| end of epoch   2 | time: 12.13s | epoch loss 20.179315 |
-----------------------------------------------------------------------------------------
 [    3] (    0/   24) | ms/batch 312.0050 | loss 16.138205 | avg loss 16.138205 | lr 0.0001000
Relative val loss: 17.93140
Absolute val loss: 17.93140
-----------------------------------------------------------------------------------------
| end of epoch   3 | time: 12.01s | epoch loss 21.250464 |
-----------------------------------------------------------------------------------------
 [    4] (    0/   24) | ms/batch 312.3491 | loss 24.958563 | avg loss 24.958563 | lr 0.0001000
Relative val loss: 14.30948
Absolute val loss: 14.30948
-----------------------------------------------------------------------------------------
| end of epoch   4 | time: 12.38s | epoch loss 19.805630 |
-----------------------------------------------------------------------------------------
 [    5] (    0/   24) | ms/batch 312.8760 | loss 23.998549 | avg loss 23.998549 | lr 0.0001000
Relative val loss: 14.92024
Absolute val loss: 14.92024
-----------------------------------------------------------------------------------------
| end of epoch   5 | time: 11.89s | epoch loss 21.539303 |
-----------------------------------------------------------------------------------------
 [    6] (    0/   24) | ms/batch 288.6977 | loss 15.644584 | avg loss 15.644584 | lr 0.0001000
Relative val loss: 13.93131
Absolute val loss: 13.93131
-----------------------------------------------------------------------------------------
| end of epoch   6 | time: 12.15s | epoch loss 18.507566 |
-----------------------------------------------------------------------------------------
 [    7] (    0/   24) | ms/batch 312.4688 | loss 21.671434 | avg loss 21.671434 | lr 0.0001000
Relative val loss: 15.26512
Absolute val loss: 15.26512
-----------------------------------------------------------------------------------------
| end of epoch   7 | time: 11.92s | epoch loss 19.312121 |
-----------------------------------------------------------------------------------------
 [    8] (    0/   24) | ms/batch 312.4344 | loss 15.273157 | avg loss 15.273157 | lr 0.0001000
Relative val loss: 22.74932
Absolute val loss: 22.74932
-----------------------------------------------------------------------------------------
| end of epoch   8 | time: 12.01s | epoch loss 18.814403 |
-----------------------------------------------------------------------------------------
 [    9] (    0/   24) | ms/batch 314.9314 | loss 24.702948 | avg loss 24.702948 | lr 0.0001000
Relative val loss: 13.97783
Absolute val loss: 13.97783
-----------------------------------------------------------------------------------------
| end of epoch   9 | time: 12.33s | epoch loss 15.926520 |
-----------------------------------------------------------------------------------------
 [   10] (    0/   24) | ms/batch 314.7564 | loss 17.274267 | avg loss 17.274267 | lr 0.0001000
Relative val loss: 14.15342
Absolute val loss: 14.15342
-----------------------------------------------------------------------------------------
| end of epoch  10 | time: 12.35s | epoch loss 15.553919 |
-----------------------------------------------------------------------------------------
 [   11] (    0/   24) | ms/batch 313.8559 | loss 19.578835 | avg loss 19.578835 | lr 0.0001000
Relative val loss: 11.74961
Absolute val loss: 11.74961
-----------------------------------------------------------------------------------------
| end of epoch  11 | time: 12.14s | epoch loss 14.921266 |
-----------------------------------------------------------------------------------------
 [   12] (    0/   24) | ms/batch 312.4611 | loss 18.889990 | avg loss 18.889990 | lr 0.0001000
Relative val loss: 12.08080
Absolute val loss: 12.08080
-----------------------------------------------------------------------------------------
| end of epoch  12 | time: 12.31s | epoch loss 17.469639 |
-----------------------------------------------------------------------------------------
 [   13] (    0/   24) | ms/batch 315.1054 | loss 15.230969 | avg loss 15.230969 | lr 0.0001000
Relative val loss: 12.55353
Absolute val loss: 12.55353
-----------------------------------------------------------------------------------------
| end of epoch  13 | time: 12.33s | epoch loss 14.475211 |
-----------------------------------------------------------------------------------------
 [   14] (    0/   24) | ms/batch 311.7828 | loss 22.027399 | avg loss 22.027399 | lr 0.0001000
Relative val loss: 13.64855
Absolute val loss: 13.64855
-----------------------------------------------------------------------------------------
| end of epoch  14 | time: 12.13s | epoch loss 15.142123 |
-----------------------------------------------------------------------------------------
 [   15] (    0/   24) | ms/batch 311.8446 | loss 18.562361 | avg loss 18.562361 | lr 0.0001000
Relative val loss: 11.67971
Absolute val loss: 11.67971
-----------------------------------------------------------------------------------------
| end of epoch  15 | time: 12.17s | epoch loss 13.534298 |
-----------------------------------------------------------------------------------------
 [   16] (    0/   24) | ms/batch 315.0799 | loss 13.197121 | avg loss 13.197121 | lr 0.0001000
Relative val loss: 11.52315
Absolute val loss: 11.52315
-----------------------------------------------------------------------------------------
| end of epoch  16 | time: 12.29s | epoch loss 14.000838 |
-----------------------------------------------------------------------------------------
 [   17] (    0/   24) | ms/batch 315.3868 | loss 13.767423 | avg loss 13.767423 | lr 0.0001000
Relative val loss: 11.26292
Absolute val loss: 11.26292
-----------------------------------------------------------------------------------------
| end of epoch  17 | time: 11.90s | epoch loss 15.245283 |
-----------------------------------------------------------------------------------------
 [   18] (    0/   24) | ms/batch 315.4097 | loss 14.449918 | avg loss 14.449918 | lr 0.0001000
Relative val loss: 10.75028
Absolute val loss: 10.75028
-----------------------------------------------------------------------------------------
| end of epoch  18 | time: 12.18s | epoch loss 14.029661 |
-----------------------------------------------------------------------------------------
 [   19] (    0/   24) | ms/batch 312.7346 | loss 16.763153 | avg loss 16.763153 | lr 0.0001000
Relative val loss: 15.22274
Absolute val loss: 15.22274
-----------------------------------------------------------------------------------------
| end of epoch  19 | time: 12.20s | epoch loss 14.492097 |
-----------------------------------------------------------------------------------------
 [   20] (    0/   24) | ms/batch 295.0473 | loss 16.216314 | avg loss 16.216314 | lr 0.0001000
Relative val loss: 17.09724
Absolute val loss: 17.09724
-----------------------------------------------------------------------------------------
| end of epoch  20 | time: 12.29s | epoch loss 15.265791 |
-----------------------------------------------------------------------------------------
 [   21] (    0/   24) | ms/batch 312.1459 | loss 15.573697 | avg loss 15.573697 | lr 0.0001000
Relative val loss: 11.05941
Absolute val loss: 11.05941
-----------------------------------------------------------------------------------------
| end of epoch  21 | time: 12.03s | epoch loss 13.683289 |
-----------------------------------------------------------------------------------------
 [   22] (    0/   24) | ms/batch 311.7220 | loss 12.541010 | avg loss 12.541010 | lr 0.0001000
Relative val loss: 14.09628
Absolute val loss: 14.09628
-----------------------------------------------------------------------------------------
| end of epoch  22 | time: 12.20s | epoch loss 12.321895 |
-----------------------------------------------------------------------------------------
 [   23] (    0/   24) | ms/batch 308.1641 | loss 9.647368 | avg loss 9.647368 | lr 0.0001000
Relative val loss: 10.92169
Absolute val loss: 10.92169
-----------------------------------------------------------------------------------------
| end of epoch  23 | time: 12.01s | epoch loss 13.538740 |
-----------------------------------------------------------------------------------------
 [   24] (    0/   24) | ms/batch 315.0327 | loss 11.662918 | avg loss 11.662918 | lr 0.0001000
Relative val loss: 14.01922
Absolute val loss: 14.01922
-----------------------------------------------------------------------------------------
| end of epoch  24 | time: 12.07s | epoch loss 13.003010 |
-----------------------------------------------------------------------------------------
 [   25] (    0/   24) | ms/batch 312.9435 | loss 16.913115 | avg loss 16.913115 | lr 0.0001000
Relative val loss: 10.36416
Absolute val loss: 10.36416
-----------------------------------------------------------------------------------------
| end of epoch  25 | time: 11.75s | epoch loss 13.783843 |
-----------------------------------------------------------------------------------------
 [   26] (    0/   24) | ms/batch 312.2680 | loss 12.867352 | avg loss 12.867352 | lr 0.0001000
Relative val loss: 10.99842
Absolute val loss: 10.99842
-----------------------------------------------------------------------------------------
| end of epoch  26 | time: 12.22s | epoch loss 12.833736 |
-----------------------------------------------------------------------------------------
 [   27] (    0/   24) | ms/batch 312.3677 | loss 16.212357 | avg loss 16.212357 | lr 0.0001000
Relative val loss: 11.82742
Absolute val loss: 11.82742
-----------------------------------------------------------------------------------------
| end of epoch  27 | time: 11.88s | epoch loss 13.402069 |
-----------------------------------------------------------------------------------------
 [   28] (    0/   24) | ms/batch 289.1254 | loss 9.261781 | avg loss 9.261781 | lr 0.0001000
Relative val loss: 9.82108
Absolute val loss: 9.82108
-----------------------------------------------------------------------------------------
| end of epoch  28 | time: 12.09s | epoch loss 11.766651 |
-----------------------------------------------------------------------------------------
 [   29] (    0/   24) | ms/batch 309.1335 | loss 16.652857 | avg loss 16.652857 | lr 0.0001000
Relative val loss: 9.80403
Absolute val loss: 9.80403
-----------------------------------------------------------------------------------------
| end of epoch  29 | time: 11.76s | epoch loss 12.221056 |
-----------------------------------------------------------------------------------------
 [   30] (    0/   24) | ms/batch 312.0453 | loss 10.418492 | avg loss 10.418492 | lr 0.0001000
Relative val loss: 10.61814
Absolute val loss: 10.61814
-----------------------------------------------------------------------------------------
| end of epoch  30 | time: 12.09s | epoch loss 12.410302 |
-----------------------------------------------------------------------------------------
 [   31] (    0/   24) | ms/batch 311.6319 | loss 13.666728 | avg loss 13.666728 | lr 0.0001000
Relative val loss: 11.63949
Absolute val loss: 11.63949
-----------------------------------------------------------------------------------------
| end of epoch  31 | time: 11.88s | epoch loss 12.526109 |
-----------------------------------------------------------------------------------------
 [   32] (    0/   24) | ms/batch 281.7776 | loss 11.248820 | avg loss 11.248820 | lr 0.0001000
Relative val loss: 10.85444
Absolute val loss: 10.85444
-----------------------------------------------------------------------------------------
| end of epoch  32 | time: 12.28s | epoch loss 11.605065 |
-----------------------------------------------------------------------------------------
 [   33] (    0/   24) | ms/batch 312.0873 | loss 10.903152 | avg loss 10.903152 | lr 0.0001000
Relative val loss: 10.61493
Absolute val loss: 10.61493
-----------------------------------------------------------------------------------------
| end of epoch  33 | time: 12.77s | epoch loss 14.996323 |
-----------------------------------------------------------------------------------------
 [   34] (    0/   24) | ms/batch 312.1338 | loss 10.992036 | avg loss 10.992036 | lr 0.0001000
Relative val loss: 12.32501
Absolute val loss: 12.32501
-----------------------------------------------------------------------------------------
| end of epoch  34 | time: 12.36s | epoch loss 12.892354 |
-----------------------------------------------------------------------------------------
 [   35] (    0/   24) | ms/batch 314.9991 | loss 12.613356 | avg loss 12.613356 | lr 0.0001000
Relative val loss: 12.96944
Absolute val loss: 12.96944
-----------------------------------------------------------------------------------------
| end of epoch  35 | time: 20.64s | epoch loss 12.577999 |
-----------------------------------------------------------------------------------------
 [   36] (    0/   24) | ms/batch 315.7849 | loss 12.747550 | avg loss 12.747550 | lr 0.0001000
Relative val loss: 9.23699
Absolute val loss: 9.23699
-----------------------------------------------------------------------------------------
| end of epoch  36 | time: 13.72s | epoch loss 11.743822 |
-----------------------------------------------------------------------------------------
 [   37] (    0/   24) | ms/batch 315.5069 | loss 11.091542 | avg loss 11.091542 | lr 0.0001000
Relative val loss: 11.39036
Absolute val loss: 11.39036
-----------------------------------------------------------------------------------------
| end of epoch  37 | time: 13.02s | epoch loss 13.396256 |
-----------------------------------------------------------------------------------------
 [   38] (    0/   24) | ms/batch 321.1973 | loss 10.797370 | avg loss 10.797370 | lr 0.0001000
Relative val loss: 11.08251
Absolute val loss: 11.08251
-----------------------------------------------------------------------------------------
| end of epoch  38 | time: 13.04s | epoch loss 12.486346 |
-----------------------------------------------------------------------------------------
 [   39] (    0/   24) | ms/batch 315.0778 | loss 12.686362 | avg loss 12.686362 | lr 0.0001000
Relative val loss: 10.56919
Absolute val loss: 10.56919
-----------------------------------------------------------------------------------------
| end of epoch  39 | time: 12.19s | epoch loss 12.616981 |
-----------------------------------------------------------------------------------------
 [   40] (    0/   24) | ms/batch 314.9731 | loss 9.906116 | avg loss 9.906116 | lr 0.0001000
Relative val loss: 9.39471
Absolute val loss: 9.39471
-----------------------------------------------------------------------------------------
| end of epoch  40 | time: 12.38s | epoch loss 12.584638 |
-----------------------------------------------------------------------------------------
 [   41] (    0/   24) | ms/batch 315.0282 | loss 10.176421 | avg loss 10.176421 | lr 0.0001000
Relative val loss: 10.13090
Absolute val loss: 10.13090
-----------------------------------------------------------------------------------------
| end of epoch  41 | time: 12.13s | epoch loss 12.018036 |
-----------------------------------------------------------------------------------------
 [   42] (    0/   24) | ms/batch 321.3270 | loss 12.055295 | avg loss 12.055295 | lr 0.0001000
Relative val loss: 9.62617
Absolute val loss: 9.62617
-----------------------------------------------------------------------------------------
| end of epoch  42 | time: 12.43s | epoch loss 11.723811 |
-----------------------------------------------------------------------------------------
 [   43] (    0/   24) | ms/batch 287.4949 | loss 9.958488 | avg loss 9.958488 | lr 0.0001000
Relative val loss: 9.88077
Absolute val loss: 9.88077
-----------------------------------------------------------------------------------------
| end of epoch  43 | time: 12.14s | epoch loss 11.232353 |
-----------------------------------------------------------------------------------------
 [   44] (    0/   24) | ms/batch 315.2032 | loss 10.931993 | avg loss 10.931993 | lr 0.0001000
Relative val loss: 9.81976
Absolute val loss: 9.81976
-----------------------------------------------------------------------------------------
| end of epoch  44 | time: 12.25s | epoch loss 12.288564 |
-----------------------------------------------------------------------------------------
 [   45] (    0/   24) | ms/batch 315.5398 | loss 11.081658 | avg loss 11.081658 | lr 0.0001000
Relative val loss: 9.24093
Absolute val loss: 9.24093
-----------------------------------------------------------------------------------------
| end of epoch  45 | time: 12.16s | epoch loss 11.593494 |
-----------------------------------------------------------------------------------------
 [   46] (    0/   24) | ms/batch 311.8255 | loss 10.750496 | avg loss 10.750496 | lr 0.0001000
Relative val loss: 9.26231
Absolute val loss: 9.26231
-----------------------------------------------------------------------------------------
| end of epoch  46 | time: 12.23s | epoch loss 11.876445 |
-----------------------------------------------------------------------------------------
 [   47] (    0/   24) | ms/batch 315.4771 | loss 11.540828 | avg loss 11.540828 | lr 0.0001000
Relative val loss: 10.66979
Absolute val loss: 10.66979
-----------------------------------------------------------------------------------------
| end of epoch  47 | time: 12.67s | epoch loss 10.865408 |
-----------------------------------------------------------------------------------------
 [   48] (    0/   24) | ms/batch 315.4109 | loss 10.858809 | avg loss 10.858809 | lr 0.0001000
Relative val loss: 10.72706
Absolute val loss: 10.72706
-----------------------------------------------------------------------------------------
| end of epoch  48 | time: 12.22s | epoch loss 12.455733 |
-----------------------------------------------------------------------------------------
 [   49] (    0/   24) | ms/batch 197.9196 | loss 12.070018 | avg loss 12.070018 | lr 0.0001000
Relative val loss: 9.51552
Absolute val loss: 9.51552
-----------------------------------------------------------------------------------------
| end of epoch  49 | time: 12.16s | epoch loss 11.296676 |
-----------------------------------------------------------------------------------------
 [   50] (    0/   24) | ms/batch 314.8315 | loss 11.286776 | avg loss 11.286776 | lr 0.0001000
Relative val loss: 11.64956
Absolute val loss: 11.64956
-----------------------------------------------------------------------------------------
| end of epoch  50 | time: 18.37s | epoch loss 10.485864 |
-----------------------------------------------------------------------------------------
 [   51] (    0/   24) | ms/batch 315.4490 | loss 11.723899 | avg loss 11.723899 | lr 0.0001000
Relative val loss: 9.30322
Absolute val loss: 9.30322
-----------------------------------------------------------------------------------------
| end of epoch  51 | time: 12.45s | epoch loss 11.994019 |
-----------------------------------------------------------------------------------------
 [   52] (    0/   24) | ms/batch 333.4415 | loss 9.490131 | avg loss 9.490131 | lr 0.0001000
Relative val loss: 9.65397
Absolute val loss: 9.65397
-----------------------------------------------------------------------------------------
| end of epoch  52 | time: 12.53s | epoch loss 11.723120 |
-----------------------------------------------------------------------------------------
 [   53] (    0/   24) | ms/batch 315.4638 | loss 14.569394 | avg loss 14.569394 | lr 0.0001000
Relative val loss: 10.29685
Absolute val loss: 10.29685
-----------------------------------------------------------------------------------------
| end of epoch  53 | time: 12.39s | epoch loss 10.955514 |
-----------------------------------------------------------------------------------------
 [   54] (    0/   24) | ms/batch 314.7569 | loss 12.608291 | avg loss 12.608291 | lr 0.0001000
Relative val loss: 9.50029
Absolute val loss: 9.50029
-----------------------------------------------------------------------------------------
| end of epoch  54 | time: 12.37s | epoch loss 12.076185 |
-----------------------------------------------------------------------------------------
 [   55] (    0/   24) | ms/batch 315.9709 | loss 9.191270 | avg loss 9.191270 | lr 0.0001000
Relative val loss: 9.10132
Absolute val loss: 9.10132
-----------------------------------------------------------------------------------------
| end of epoch  55 | time: 12.14s | epoch loss 11.185801 |
-----------------------------------------------------------------------------------------
 [   56] (    0/   24) | ms/batch 315.1152 | loss 11.370478 | avg loss 11.370478 | lr 0.0001000
Relative val loss: 8.73213
Absolute val loss: 8.73213
-----------------------------------------------------------------------------------------
| end of epoch  56 | time: 12.34s | epoch loss 10.630042 |
-----------------------------------------------------------------------------------------
 [   57] (    0/   24) | ms/batch 315.1739 | loss 13.269846 | avg loss 13.269846 | lr 0.0001000
Relative val loss: 14.18630
Absolute val loss: 14.18630
-----------------------------------------------------------------------------------------
| end of epoch  57 | time: 20.62s | epoch loss 11.193253 |
-----------------------------------------------------------------------------------------
 [   58] (    0/   24) | ms/batch 375.4749 | loss 12.134026 | avg loss 12.134026 | lr 0.0001000
Relative val loss: 10.45896
Absolute val loss: 10.45896
-----------------------------------------------------------------------------------------
| end of epoch  58 | time: 14.04s | epoch loss 10.788840 |
-----------------------------------------------------------------------------------------
 [   59] (    0/   24) | ms/batch 315.6972 | loss 11.629300 | avg loss 11.629300 | lr 0.0001000
Relative val loss: 10.18135
Absolute val loss: 10.18135
-----------------------------------------------------------------------------------------
| end of epoch  59 | time: 12.85s | epoch loss 10.218991 |
-----------------------------------------------------------------------------------------
 [   60] (    0/   24) | ms/batch 322.0737 | loss 12.838918 | avg loss 12.838918 | lr 0.0001000
Relative val loss: 9.53742
Absolute val loss: 9.53742
-----------------------------------------------------------------------------------------
| end of epoch  60 | time: 12.49s | epoch loss 11.375676 |
-----------------------------------------------------------------------------------------
 [   61] (    0/   24) | ms/batch 315.1555 | loss 10.385330 | avg loss 10.385330 | lr 0.0001000
Relative val loss: 9.92753
Absolute val loss: 9.92753
-----------------------------------------------------------------------------------------
| end of epoch  61 | time: 12.49s | epoch loss 11.379466 |
-----------------------------------------------------------------------------------------
 [   62] (    0/   24) | ms/batch 315.4445 | loss 9.786315 | avg loss 9.786315 | lr 0.0001000
Relative val loss: 9.96984
Absolute val loss: 9.96984
-----------------------------------------------------------------------------------------
| end of epoch  62 | time: 12.30s | epoch loss 11.132032 |
-----------------------------------------------------------------------------------------
 [   63] (    0/   24) | ms/batch 315.4497 | loss 7.373292 | avg loss 7.373292 | lr 0.0001000
Relative val loss: 9.64086
Absolute val loss: 9.64086
-----------------------------------------------------------------------------------------
| end of epoch  63 | time: 11.88s | epoch loss 10.806451 |
-----------------------------------------------------------------------------------------
 [   64] (    0/   24) | ms/batch 315.0568 | loss 6.919156 | avg loss 6.919156 | lr 0.0001000
Relative val loss: 8.68688
Absolute val loss: 8.68688
-----------------------------------------------------------------------------------------
| end of epoch  64 | time: 12.51s | epoch loss 10.608736 |
-----------------------------------------------------------------------------------------
 [   65] (    0/   24) | ms/batch 312.7773 | loss 10.762095 | avg loss 10.762095 | lr 0.0001000
Relative val loss: 8.62311
Absolute val loss: 8.62311
-----------------------------------------------------------------------------------------
| end of epoch  65 | time: 12.24s | epoch loss 10.748418 |
-----------------------------------------------------------------------------------------
 [   66] (    0/   24) | ms/batch 314.8417 | loss 11.272273 | avg loss 11.272273 | lr 0.0001000
Relative val loss: 8.89938
Absolute val loss: 8.89938
-----------------------------------------------------------------------------------------
| end of epoch  66 | time: 19.68s | epoch loss 10.167623 |
-----------------------------------------------------------------------------------------
 [   67] (    0/   24) | ms/batch 315.4619 | loss 10.598594 | avg loss 10.598594 | lr 0.0001000
Relative val loss: 8.70402
Absolute val loss: 8.70402
-----------------------------------------------------------------------------------------
| end of epoch  67 | time: 15.26s | epoch loss 10.231996 |
-----------------------------------------------------------------------------------------
 [   68] (    0/   24) | ms/batch 315.3019 | loss 8.892260 | avg loss 8.892260 | lr 0.0001000
Relative val loss: 8.55501
Absolute val loss: 8.55501
-----------------------------------------------------------------------------------------
| end of epoch  68 | time: 12.56s | epoch loss 10.132921 |
-----------------------------------------------------------------------------------------
 [   69] (    0/   24) | ms/batch 322.4707 | loss 8.988250 | avg loss 8.988250 | lr 0.0001000
Relative val loss: 9.65643
Absolute val loss: 9.65643
-----------------------------------------------------------------------------------------
| end of epoch  69 | time: 12.58s | epoch loss 10.056499 |
-----------------------------------------------------------------------------------------
 [   70] (    0/   24) | ms/batch 371.4478 | loss 7.236548 | avg loss 7.236548 | lr 0.0001000
Relative val loss: 8.30311
Absolute val loss: 8.30311
-----------------------------------------------------------------------------------------
| end of epoch  70 | time: 13.91s | epoch loss 10.502514 |
-----------------------------------------------------------------------------------------
 [   71] (    0/   24) | ms/batch 315.2034 | loss 7.935417 | avg loss 7.935417 | lr 0.0001000
Relative val loss: 9.20185
Absolute val loss: 9.20185
-----------------------------------------------------------------------------------------
| end of epoch  71 | time: 12.62s | epoch loss 9.888744 |
-----------------------------------------------------------------------------------------
 [   72] (    0/   24) | ms/batch 315.1665 | loss 7.587667 | avg loss 7.587667 | lr 0.0001000
Relative val loss: 7.76324
Absolute val loss: 7.76324
-----------------------------------------------------------------------------------------
| end of epoch  72 | time: 12.76s | epoch loss 10.271654 |
-----------------------------------------------------------------------------------------
 [   73] (    0/   24) | ms/batch 312.2911 | loss 10.266657 | avg loss 10.266657 | lr 0.0001000
Relative val loss: 7.52394
Absolute val loss: 7.52394
-----------------------------------------------------------------------------------------
| end of epoch  73 | time: 12.37s | epoch loss 10.888634 |
-----------------------------------------------------------------------------------------
 [   74] (    0/   24) | ms/batch 315.2349 | loss 9.349685 | avg loss 9.349685 | lr 0.0001000
Relative val loss: 10.48147
Absolute val loss: 10.48147
-----------------------------------------------------------------------------------------
| end of epoch  74 | time: 12.38s | epoch loss 9.844187 |
-----------------------------------------------------------------------------------------
 [   75] (    0/   24) | ms/batch 315.5789 | loss 13.056087 | avg loss 13.056087 | lr 0.0001000
Relative val loss: 8.85103
Absolute val loss: 8.85103
-----------------------------------------------------------------------------------------
| end of epoch  75 | time: 12.19s | epoch loss 10.664842 |
-----------------------------------------------------------------------------------------
 [   76] (    0/   24) | ms/batch 315.7916 | loss 12.248687 | avg loss 12.248687 | lr 0.0001000
Relative val loss: 8.34271
Absolute val loss: 8.34271
-----------------------------------------------------------------------------------------
| end of epoch  76 | time: 12.19s | epoch loss 10.455583 |
-----------------------------------------------------------------------------------------
 [   77] (    0/   24) | ms/batch 286.7229 | loss 11.963205 | avg loss 11.963205 | lr 0.0001000
Relative val loss: 8.42133
Absolute val loss: 8.42133
-----------------------------------------------------------------------------------------
| end of epoch  77 | time: 12.10s | epoch loss 9.329431 |
-----------------------------------------------------------------------------------------
 [   78] (    0/   24) | ms/batch 314.9149 | loss 8.583606 | avg loss 8.583606 | lr 0.0001000
Relative val loss: 9.09032
Absolute val loss: 9.09032
-----------------------------------------------------------------------------------------
| end of epoch  78 | time: 12.39s | epoch loss 10.162746 |
-----------------------------------------------------------------------------------------
 [   79] (    0/   24) | ms/batch 315.5861 | loss 13.763629 | avg loss 13.763629 | lr 0.0001000
Relative val loss: 8.34327
Absolute val loss: 8.34327
-----------------------------------------------------------------------------------------
| end of epoch  79 | time: 12.52s | epoch loss 10.314110 |
-----------------------------------------------------------------------------------------
 [   80] (    0/   24) | ms/batch 315.1667 | loss 10.371276 | avg loss 10.371276 | lr 0.0001000
Relative val loss: 8.41597
Absolute val loss: 8.41597
-----------------------------------------------------------------------------------------
| end of epoch  80 | time: 12.45s | epoch loss 9.751873 |
-----------------------------------------------------------------------------------------
 [   81] (    0/   24) | ms/batch 312.3903 | loss 9.041079 | avg loss 9.041079 | lr 0.0001000
Relative val loss: 9.02139
Absolute val loss: 9.02139
-----------------------------------------------------------------------------------------
| end of epoch  81 | time: 12.18s | epoch loss 9.852064 |
-----------------------------------------------------------------------------------------
 [   82] (    0/   24) | ms/batch 315.1720 | loss 11.007345 | avg loss 11.007345 | lr 0.0001000
Relative val loss: 8.68366
Absolute val loss: 8.68366
-----------------------------------------------------------------------------------------
| end of epoch  82 | time: 12.23s | epoch loss 9.486353 |
-----------------------------------------------------------------------------------------
 [   83] (    0/   24) | ms/batch 311.9304 | loss 9.819839 | avg loss 9.819839 | lr 0.0001000
Relative val loss: 11.45445
Absolute val loss: 11.45445
-----------------------------------------------------------------------------------------
| end of epoch  83 | time: 12.30s | epoch loss 10.289223 |
-----------------------------------------------------------------------------------------
 [   84] (    0/   24) | ms/batch 315.5112 | loss 10.654326 | avg loss 10.654326 | lr 0.0001000
Relative val loss: 9.18687
Absolute val loss: 9.18687
-----------------------------------------------------------------------------------------
| end of epoch  84 | time: 12.40s | epoch loss 10.150639 |
-----------------------------------------------------------------------------------------
 [   85] (    0/   24) | ms/batch 312.5746 | loss 11.453032 | avg loss 11.453032 | lr 0.0001000
Relative val loss: 10.68038
Absolute val loss: 10.68038
-----------------------------------------------------------------------------------------
| end of epoch  85 | time: 12.07s | epoch loss 10.012335 |
-----------------------------------------------------------------------------------------
 [   86] (    0/   24) | ms/batch 315.6052 | loss 14.173535 | avg loss 14.173535 | lr 0.0001000
Relative val loss: 9.14339
Absolute val loss: 9.14339
-----------------------------------------------------------------------------------------
| end of epoch  86 | time: 12.53s | epoch loss 9.454943 |
-----------------------------------------------------------------------------------------
 [   87] (    0/   24) | ms/batch 315.5169 | loss 8.054844 | avg loss 8.054844 | lr 0.0001000
Relative val loss: 9.60354
Absolute val loss: 9.60354
-----------------------------------------------------------------------------------------
| end of epoch  87 | time: 12.41s | epoch loss 9.634984 |
-----------------------------------------------------------------------------------------
 [   88] (    0/   24) | ms/batch 312.4354 | loss 10.565540 | avg loss 10.565540 | lr 0.0001000
Relative val loss: 10.07045
Absolute val loss: 10.07045
-----------------------------------------------------------------------------------------
| end of epoch  88 | time: 12.35s | epoch loss 10.914599 |
-----------------------------------------------------------------------------------------
 [   89] (    0/   24) | ms/batch 286.5193 | loss 13.114260 | avg loss 13.114260 | lr 0.0001000
Relative val loss: 8.14006
Absolute val loss: 8.14006
-----------------------------------------------------------------------------------------
| end of epoch  89 | time: 12.12s | epoch loss 10.051321 |
-----------------------------------------------------------------------------------------
 [   90] (    0/   24) | ms/batch 315.2163 | loss 12.778274 | avg loss 12.778274 | lr 0.0001000
Relative val loss: 8.55984
Absolute val loss: 8.55984
-----------------------------------------------------------------------------------------
| end of epoch  90 | time: 11.91s | epoch loss 10.494413 |
-----------------------------------------------------------------------------------------
 [   91] (    0/   24) | ms/batch 315.0039 | loss 12.176181 | avg loss 12.176181 | lr 0.0001000
Relative val loss: 8.26679
Absolute val loss: 8.26679
-----------------------------------------------------------------------------------------
| end of epoch  91 | time: 12.17s | epoch loss 10.527882 |
-----------------------------------------------------------------------------------------
 [   92] (    0/   24) | ms/batch 314.9529 | loss 10.517412 | avg loss 10.517412 | lr 0.0001000
Relative val loss: 8.05784
Absolute val loss: 8.05784
-----------------------------------------------------------------------------------------
| end of epoch  92 | time: 11.90s | epoch loss 10.647867 |
-----------------------------------------------------------------------------------------
 [   93] (    0/   24) | ms/batch 312.5122 | loss 7.445518 | avg loss 7.445518 | lr 0.0001000
Relative val loss: 8.58183
Absolute val loss: 8.58183
-----------------------------------------------------------------------------------------
| end of epoch  93 | time: 12.35s | epoch loss 9.737592 |
-----------------------------------------------------------------------------------------
 [   94] (    0/   24) | ms/batch 315.2008 | loss 11.745255 | avg loss 11.745255 | lr 0.0001000
Relative val loss: 11.73834
Absolute val loss: 11.73834
-----------------------------------------------------------------------------------------
| end of epoch  94 | time: 12.09s | epoch loss 9.720227 |
-----------------------------------------------------------------------------------------
 [   95] (    0/   24) | ms/batch 312.1758 | loss 11.881610 | avg loss 11.881610 | lr 0.0001000
Relative val loss: 8.46202
Absolute val loss: 8.46202
-----------------------------------------------------------------------------------------
| end of epoch  95 | time: 12.31s | epoch loss 10.083255 |
-----------------------------------------------------------------------------------------
 [   96] (    0/   24) | ms/batch 315.5940 | loss 8.765658 | avg loss 8.765658 | lr 0.0001000
Relative val loss: 8.77417
Absolute val loss: 8.77417
-----------------------------------------------------------------------------------------
| end of epoch  96 | time: 11.87s | epoch loss 9.556898 |
-----------------------------------------------------------------------------------------
 [   97] (    0/   24) | ms/batch 312.3758 | loss 12.647105 | avg loss 12.647105 | lr 0.0001000
Relative val loss: 8.07132
Absolute val loss: 8.07132
-----------------------------------------------------------------------------------------
| end of epoch  97 | time: 12.19s | epoch loss 9.486886 |
-----------------------------------------------------------------------------------------
 [   98] (    0/   24) | ms/batch 312.4621 | loss 7.447629 | avg loss 7.447629 | lr 0.0001000
Relative val loss: 8.04099
Absolute val loss: 8.04099
-----------------------------------------------------------------------------------------
| end of epoch  98 | time: 11.94s | epoch loss 9.725586 |
-----------------------------------------------------------------------------------------
 [   99] (    0/   24) | ms/batch 312.1786 | loss 10.528126 | avg loss 10.528126 | lr 0.0001000
Relative val loss: 10.60926
Absolute val loss: 10.60926
-----------------------------------------------------------------------------------------
| end of epoch  99 | time: 12.28s | epoch loss 9.637720 |
-----------------------------------------------------------------------------------------
 [  100] (    0/   24) | ms/batch 315.5584 | loss 13.070282 | avg loss 13.070282 | lr 0.0001000
Relative val loss: 8.28410
Absolute val loss: 8.28410
-----------------------------------------------------------------------------------------
| end of epoch 100 | time: 12.07s | epoch loss 10.291234 |
-----------------------------------------------------------------------------------------
